// Jest Snapshot v1, https://goo.gl/fbAQLP

exports[`stepsDemo Component JSON 1`] = `
.c7 {
  -webkit-user-select: none;
  -moz-user-select: none;
  -ms-user-select: none;
  user-select: none;
  cursor: pointer;
  display: inline-block;
  -webkit-user-select: none;
  -moz-user-select: none;
  -ms-user-select: none;
  user-select: none;
  text-align: center;
  font-weight: 700;
  line-height: 1;
  z-index: 5;
}

.c10 {
  position: relative;
  cursor: pointer;
  -webkit-flex: 1;
  -ms-flex: 1;
  flex: 1;
  display: -webkit-inline-box;
  display: -webkit-inline-flex;
  display: -ms-inline-flexbox;
  display: inline-flex;
}

.c8 {
  position: absolute;
  white-space: normal;
  display: block;
  overflow: hidden;
  word-break: keep-all;
  font-size: 1.4rem;
  margin-top: 3rem;
  text-align: left;
}

.c9 {
  position: absolute;
  white-space: normal;
  display: block;
  overflow: hidden;
  word-break: keep-all;
  font-size: 1.2rem;
  text-align: left;
  bottom: -4rem;
}

.c11 {
  display: -webkit-inline-box;
  display: -webkit-inline-flex;
  display: -ms-inline-flexbox;
  display: inline-flex;
  position: relative;
  z-index: 10;
  padding: 0 0.6rem;
  -webkit-flex: 1;
  -ms-flex: 1;
  flex: 1;
}

.c12 {
  position: relative;
  top: 50%;
  left: 50%;
  -webkit-transform: translate(-50%,-50%);
  -ms-transform: translate(-50%,-50%);
  transform: translate(-50%,-50%);
}

.c3 {
  position: relative;
}

.c13 {
  display: inLine-block;
  -webkit-user-select: none;
  -moz-user-select: none;
  -ms-user-select: none;
  user-select: none;
  text-align: center;
  font-weight: 700;
  line-height: 1;
}

.c6 {
  display: -webkit-box;
  display: -webkit-flex;
  display: -ms-flexbox;
  display: flex;
  -webkit-box-pack: center;
  -webkit-justify-content: center;
  -ms-flex-pack: center;
  justify-content: center;
  -webkit-align-items: center;
  -webkit-box-align: center;
  -ms-flex-align: center;
  align-items: center;
  box-sizing: border-box;
  border-radius: 50%;
}

.c4 {
  height: 100%;
  width: 100%;
  position: relative;
  display: -webkit-box;
  display: -webkit-flex;
  display: -ms-flexbox;
  display: flex;
  -webkit-flex-direction: row;
  -ms-flex-direction: row;
  flex-direction: row;
}

.c5 {
  text-align: center;
  position: relative;
  display: -webkit-box;
  display: -webkit-flex;
  display: -ms-flexbox;
  display: flex;
  z-index: 11;
  -webkit-align-items: center;
  -webkit-box-align: center;
  -ms-flex-align: center;
  align-items: center;
  top: 50%;
  -webkit-transform: translateY(-50%);
  -ms-transform: translateY(-50%);
  transform: translateY(-50%);
}

.c1 {
  display: inline-block;
  position: relative;
  font-size: 1.2rem;
}

.c2 {
  font-variant: tabular-nums;
  box-sizing: border-box;
  list-style: none;
  display: -webkit-box;
  display: -webkit-flex;
  display: -ms-flexbox;
  display: flex;
  -webkit-flex-direction: row;
  -ms-flex-direction: row;
  flex-direction: row;
}

.c0 {
  text-align: left;
  margin: 50px;
}

<div>
  <div
    className="c0"
  >
    <div
      className="c1"
      orientation="horizontal"
      style={Object {}}
    >
      <div
        className="c2"
        orientation="horizontal"
        style={
          Object {
            "width": "100%",
          }
        }
      >
        <div
          className="c3"
          style={
            Object {
              "width": "3.2rem",
            }
          }
        >
          <div
            className="c4"
            style={Object {}}
          >
            <div
              className="c5"
              style={
                Object {
                  "height": "3.2rem",
                  "width": "3.2rem",
                }
              }
            >
              <div
                className="c6"
                orientation="horizontal"
                size="normal"
                style={
                  Object {
                    "backgroundColor": "#ffffff",
                    "borderBottomColor": "#56c22d",
                    "borderBottomStyle": "solid",
                    "borderBottomWidth": "0.1rem",
                    "borderLeftColor": "#56c22d",
                    "borderLeftStyle": "solid",
                    "borderLeftWidth": "0.1rem",
                    "borderRightColor": "#56c22d",
                    "borderRightStyle": "solid",
                    "borderRightWidth": "0.1rem",
                    "borderTopColor": "#56c22d",
                    "borderTopStyle": "solid",
                    "borderTopWidth": "0.1rem",
                    "height": "3.2rem",
                    "width": "3.2rem",
                  }
                }
              >
                <i
                  className="lugia-icon-reminder_check   c7"
                  onClick={[Function]}
                  onMouseDown={[Function]}
                  onMouseEnter={[Function]}
                  onMouseLeave={[Function]}
                  onMouseUp={[Function]}
                  style={
                    Object {
                      "color": "#56c22d",
                      "fontSize": "1.8rem",
                    }
                  }
                />
              </div>
              <div
                className="c8"
                style={
                  Object {
                    "color": "#333333",
                  }
                }
              >
                title1111
                 
              </div>
              <div
                className="c9"
                style={
                  Object {
                    "color": "#666666",
                  }
                }
              >
                description111
              </div>
            </div>
          </div>
        </div>
        <div
          className="c10"
          style={
            Object {
              "width": "21.2rem",
            }
          }
        >
          <div
            className="c3"
            style={
              Object {
                "width": "100%",
              }
            }
          >
            <div
              className="c4"
              style={Object {}}
            >
              <div
                className="c11"
                style={
                  Object {
                    "width": "100%",
                  }
                }
              >
                <div
                  className="c12"
                  style={
                    Object {
                      "backgroundColor": "#4d63ff",
                      "height": "0.1rem",
                      "width": "100%",
                    }
                  }
                />
              </div>
              <div
                className="c5"
                style={
                  Object {
                    "height": "3.2rem",
                    "width": "3.2rem",
                  }
                }
              >
                <div
                  className="c6"
                  orientation="horizontal"
                  size="normal"
                  style={
                    Object {
                      "backgroundColor": "#4d63ff",
                      "borderBottomColor": "#4d63ff",
                      "borderBottomStyle": "solid",
                      "borderBottomWidth": "0.1rem",
                      "borderLeftColor": "#4d63ff",
                      "borderLeftStyle": "solid",
                      "borderLeftWidth": "0.1rem",
                      "borderRightColor": "#4d63ff",
                      "borderRightStyle": "solid",
                      "borderRightWidth": "0.1rem",
                      "borderTopColor": "#4d63ff",
                      "borderTopStyle": "solid",
                      "borderTopWidth": "0.1rem",
                      "height": "3.2rem",
                      "width": "3.2rem",
                    }
                  }
                >
                  <i
                    className="   c7"
                    onClick={[Function]}
                    onMouseDown={[Function]}
                    onMouseEnter={[Function]}
                    onMouseLeave={[Function]}
                    onMouseUp={[Function]}
                    style={
                      Object {
                        "color": "#4d63ff",
                        "fontSize": "1.8rem",
                      }
                    }
                  />
                  <div
                    className="c13"
                    size="normal"
                    style={
                      Object {
                        "color": "#ffffff",
                        "fontSize": "2rem",
                        "fontWeight": 700,
                      }
                    }
                  >
                    2
                  </div>
                </div>
                <div
                  className="c8"
                  style={
                    Object {
                      "color": "#333333",
                    }
                  }
                >
                  title222
                   
                </div>
                <div
                  className="c9"
                  style={
                    Object {
                      "color": "#666666",
                    }
                  }
                >
                  description2
                </div>
              </div>
            </div>
          </div>
        </div>
        <div
          className="c10"
          style={
            Object {
              "width": "21.2rem",
            }
          }
        >
          <div
            className="c3"
            style={
              Object {
                "width": "100%",
              }
            }
          >
            <div
              className="c4"
              style={Object {}}
            >
              <div
                className="c11"
                style={
                  Object {
                    "width": "100%",
                  }
                }
              >
                <div
                  className="c12"
                  style={
                    Object {
                      "backgroundColor": "#4d63ff",
                      "height": "0.1rem",
                      "width": "100%",
                    }
                  }
                />
              </div>
              <div
                className="c5"
                style={
                  Object {
                    "height": "2rem",
                    "width": "2rem",
                  }
                }
              >
                <div
                  className="c6"
                  orientation="horizontal"
                  size="normal"
                  style={
                    Object {
                      "backgroundColor": "#ffffff",
                      "borderBottomColor": "#4d63ff",
                      "borderBottomStyle": "solid",
                      "borderBottomWidth": "0.1rem",
                      "borderLeftColor": "#4d63ff",
                      "borderLeftStyle": "solid",
                      "borderLeftWidth": "0.1rem",
                      "borderRightColor": "#4d63ff",
                      "borderRightStyle": "solid",
                      "borderRightWidth": "0.1rem",
                      "borderTopColor": "#4d63ff",
                      "borderTopStyle": "solid",
                      "borderTopWidth": "0.1rem",
                      "height": "2rem",
                      "width": "2rem",
                    }
                  }
                >
                  <i
                    className="   c7"
                    onClick={[Function]}
                    onMouseDown={[Function]}
                    onMouseEnter={[Function]}
                    onMouseLeave={[Function]}
                    onMouseUp={[Function]}
                    style={
                      Object {
                        "color": "#4d63ff",
                        "fontSize": "1.8rem",
                      }
                    }
                  />
                  <div
                    className="c13"
                    size="normal"
                    style={
                      Object {
                        "color": "#ffffff",
                        "fontSize": "2rem",
                        "fontWeight": 700,
                      }
                    }
                  >
                    0
                  </div>
                </div>
                <div
                  className="c8"
                  style={
                    Object {
                      "color": "#cccccc",
                    }
                  }
                >
                  title33
                   
                </div>
                <div
                  className="c9"
                  style={
                    Object {
                      "color": "#cccccc",
                    }
                  }
                >
                  description33
                </div>
              </div>
            </div>
          </div>
        </div>
        <div
          className="c10"
          style={
            Object {
              "width": "21.2rem",
            }
          }
        >
          <div
            className="c3"
            style={
              Object {
                "width": "100%",
              }
            }
          >
            <div
              className="c4"
              style={Object {}}
            >
              <div
                className="c11"
                style={
                  Object {
                    "width": "100%",
                  }
                }
              >
                <div
                  className="c12"
                  style={
                    Object {
                      "backgroundColor": "#cccccc",
                      "height": "0.1rem",
                      "width": "100%",
                    }
                  }
                />
              </div>
              <div
                className="c5"
                style={
                  Object {
                    "height": "2rem",
                    "width": "2rem",
                  }
                }
              >
                <div
                  className="c6"
                  orientation="horizontal"
                  size="normal"
                  style={
                    Object {
                      "backgroundColor": "#ffffff",
                      "borderBottomColor": "#cccccc",
                      "borderBottomStyle": "solid",
                      "borderBottomWidth": "0.1rem",
                      "borderLeftColor": "#cccccc",
                      "borderLeftStyle": "solid",
                      "borderLeftWidth": "0.1rem",
                      "borderRightColor": "#cccccc",
                      "borderRightStyle": "solid",
                      "borderRightWidth": "0.1rem",
                      "borderTopColor": "#cccccc",
                      "borderTopStyle": "solid",
                      "borderTopWidth": "0.1rem",
                      "height": "2rem",
                      "width": "2rem",
                    }
                  }
                >
                  <i
                    className="   c7"
                    onClick={[Function]}
                    onMouseDown={[Function]}
                    onMouseEnter={[Function]}
                    onMouseLeave={[Function]}
                    onMouseUp={[Function]}
                    style={
                      Object {
                        "color": "#4d63ff",
                        "fontSize": "1.8rem",
                      }
                    }
                  />
                  <div
                    className="c13"
                    size="normal"
                    style={
                      Object {
                        "color": "#ffffff",
                        "fontSize": "2rem",
                        "fontWeight": 700,
                      }
                    }
                  >
                    0
                  </div>
                </div>
                <div
                  className="c8"
                  style={
                    Object {
                      "color": "#cccccc",
                    }
                  }
                >
                  title444
                   
                </div>
                <div
                  className="c9"
                  style={
                    Object {
                      "color": "#cccccc",
                    }
                  }
                >
                  description444
                </div>
              </div>
            </div>
          </div>
        </div>
        <div
          className="c10"
          style={
            Object {
              "width": "21.2rem",
            }
          }
        >
          <div
            className="c3"
            style={
              Object {
                "width": "100%",
              }
            }
          >
            <div
              className="c4"
              style={Object {}}
            >
              <div
                className="c11"
                style={
                  Object {
                    "width": "100%",
                  }
                }
              >
                <div
                  className="c12"
                  style={
                    Object {
                      "backgroundColor": "#f22735",
                      "height": "0.1rem",
                      "width": "100%",
                    }
                  }
                />
              </div>
              <div
                className="c5"
                style={
                  Object {
                    "height": "3.2rem",
                    "width": "3.2rem",
                  }
                }
              >
                <div
                  className="c6"
                  orientation="horizontal"
                  size="normal"
                  style={
                    Object {
                      "backgroundColor": "#ffffff",
                      "borderBottomColor": "#f22735",
                      "borderBottomStyle": "solid",
                      "borderBottomWidth": "0.1rem",
                      "borderLeftColor": "#f22735",
                      "borderLeftStyle": "solid",
                      "borderLeftWidth": "0.1rem",
                      "borderRightColor": "#f22735",
                      "borderRightStyle": "solid",
                      "borderRightWidth": "0.1rem",
                      "borderTopColor": "#f22735",
                      "borderTopStyle": "solid",
                      "borderTopWidth": "0.1rem",
                      "height": "3.2rem",
                      "width": "3.2rem",
                    }
                  }
                >
                  <i
                    className="lugia-icon-reminder_close   c7"
                    onClick={[Function]}
                    onMouseDown={[Function]}
                    onMouseEnter={[Function]}
                    onMouseLeave={[Function]}
                    onMouseUp={[Function]}
                    style={
                      Object {
                        "color": "#f22735",
                        "fontSize": "1.8rem",
                      }
                    }
                  />
                </div>
                <div
                  className="c8"
                  style={
                    Object {
                      "color": "#f22735",
                    }
                  }
                >
                  title555
                   
                </div>
                <div
                  className="c9"
                  style={
                    Object {
                      "color": "#f22735",
                    }
                  }
                >
                  description5555
                </div>
              </div>
            </div>
          </div>
        </div>
      </div>
    </div>
  </div>
</div>
`;
