// Jest Snapshot v1, https://goo.gl/fbAQLP

exports[`popconfirm Demo Component JSON 1`] = `
.c2 {
  display: inline-block;
  margin-bottom: 0;
  box-sizing: border-box;
  touch-action: manipulation;
  cursor: pointer;
  white-space: nowrap;
  font-family: 'Trebuchet MS',Arial,Helvetica,sans-serif;
  -webkit-user-select: none;
  -moz-user-select: none;
  -ms-user-select: none;
  user-select: none;
  -webkit-transition: all 0.3s cubic-bezier(0.645,0.045,0.355,1);
  transition: all 0.3s cubic-bezier(0.645,0.045,0.355,1);
  position: relative;
  text-transform: none;
  outline: 0;
  background-color: #ffffff;
  border-top-width: 0.1rem;
  border-top-style: solid;
  border-top-color: #cccccc;
  border-bottom-width: 0.1rem;
  border-bottom-style: solid;
  border-bottom-color: #cccccc;
  border-left-width: 0.1rem;
  border-left-style: solid;
  border-left-color: #cccccc;
  border-right-width: 0.1rem;
  border-right-style: solid;
  border-right-color: #cccccc;
}

.c4 {
  color: #666666;
  font-size: 1.4rem;
}

.c3 {
  display: -webkit-box;
  display: -webkit-flex;
  display: -ms-flexbox;
  display: flex;
  -webkit-align-items: center;
  -webkit-box-align: center;
  -ms-flex-align: center;
  align-items: center;
  -webkit-box-pack: center;
  -webkit-justify-content: center;
  -ms-flex-pack: center;
  justify-content: center;
  width: 100%;
  height: 100%;
}

.c1 {
  display: inline-block;
}

.c6 {
  box-sizing: border-box;
  line-height: 1.5;
  display: inline-block;
  font-family: inherit;
  -webkit-transition: all 0.3s;
  transition: all 0.3s;
  outline: none;
  height: 100%;
  width: 100%;
  font-size: 1.2rem;
  cursor: text;
  border-top-width: 0.1rem;
  border-top-style: solid;
  border-top-color: #cccccc;
  border-bottom-width: 0.1rem;
  border-bottom-style: solid;
  border-bottom-color: #cccccc;
  border-left-width: 0.1rem;
  border-left-style: solid;
  border-left-color: #cccccc;
  border-right-width: 0.1rem;
  border-right-style: solid;
  border-right-color: #cccccc;
  border-top-left-radius: 0.4rem;
  border-top-right-radius: 0.4rem;
  border-bottom-right-radius: 0.4rem;
  border-bottom-left-radius: 0.4rem;
}

.c6::-webkit-input-placeholder {
  color: #cccccc;
  font-size: 1.2rem;
}

.c6::-moz-placeholder {
  color: #cccccc;
  font-size: 1.2rem;
}

.c6:-ms-input-placeholder {
  color: #cccccc;
  font-size: 1.2rem;
}

.c6::placeholder {
  color: #cccccc;
  font-size: 1.2rem;
}

.c5 {
  position: relative;
  display: inline-block;
  outline: none;
  min-width: 3rem;
  width: 100%;
}

.c0 {
  margin: 100px;
}

<div
  className="c0"
>
  <div
    style={
      Object {
        "marginLeft": 80,
        "whiteSpace": "nowrap",
      }
    }
  >
    <div
      className="c1"
      onClick={[Function]}
      onMouseDown={[Function]}
      onTouchStart={[Function]}
      style={Object {}}
    >
      <button
        className="c2"
        onBlur={[Function]}
        onClick={[Function]}
        onFocus={[Function]}
        onMouseDown={[Function]}
        onMouseEnter={[Function]}
        onMouseLeave={[Function]}
        onMouseOut={[Function]}
        onMouseOver={[Function]}
        onMouseUp={[Function]}
        size="default"
        style={
          Object {
            "backgroundColor": "#4d63ff",
            "borderBottomLeftRadius": "0.4rem",
            "borderBottomRightRadius": "0.4rem",
            "borderBottomWidth": 0,
            "borderLeftWidth": 0,
            "borderRightWidth": 0,
            "borderTopLeftRadius": "0.4rem",
            "borderTopRightRadius": "0.4rem",
            "borderTopWidth": 0,
            "height": "3.2rem",
            "paddingBottom": "0rem",
            "paddingLeft": "1.8rem",
            "paddingRight": "1.8rem",
            "paddingTop": "0rem",
            "width": "8rem",
          }
        }
        type="primary"
      >
        <span
          className="c3"
        >
          <span
            className="c4"
            style={
              Object {
                "color": "#ffffff",
                "fontSize": "1.4rem",
              }
            }
          >
            TL
          </span>
        </span>
      </button>
    </div>
    <div
      className="c1"
      onClick={[Function]}
      onMouseDown={[Function]}
      onTouchStart={[Function]}
      style={Object {}}
    >
      <button
        className="c2"
        onBlur={[Function]}
        onClick={[Function]}
        onFocus={[Function]}
        onMouseDown={[Function]}
        onMouseEnter={[Function]}
        onMouseLeave={[Function]}
        onMouseOut={[Function]}
        onMouseOver={[Function]}
        onMouseUp={[Function]}
        size="default"
        style={
          Object {
            "backgroundColor": "#4d63ff",
            "borderBottomLeftRadius": "0.4rem",
            "borderBottomRightRadius": "0.4rem",
            "borderBottomWidth": 0,
            "borderLeftWidth": 0,
            "borderRightWidth": 0,
            "borderTopLeftRadius": "0.4rem",
            "borderTopRightRadius": "0.4rem",
            "borderTopWidth": 0,
            "height": "3.2rem",
            "paddingBottom": "0rem",
            "paddingLeft": "1.8rem",
            "paddingRight": "1.8rem",
            "paddingTop": "0rem",
            "width": "8rem",
          }
        }
        type="primary"
      >
        <span
          className="c3"
        >
          <span
            className="c4"
            style={
              Object {
                "color": "#ffffff",
                "fontSize": "1.4rem",
              }
            }
          >
            Top
          </span>
        </span>
      </button>
    </div>
    <div
      className="c1"
      onClick={[Function]}
      onMouseDown={[Function]}
      onTouchStart={[Function]}
      style={Object {}}
    >
      <button
        className="c2"
        onBlur={[Function]}
        onClick={[Function]}
        onFocus={[Function]}
        onMouseDown={[Function]}
        onMouseEnter={[Function]}
        onMouseLeave={[Function]}
        onMouseOut={[Function]}
        onMouseOver={[Function]}
        onMouseUp={[Function]}
        size="default"
        style={
          Object {
            "backgroundColor": "#4d63ff",
            "borderBottomLeftRadius": "0.4rem",
            "borderBottomRightRadius": "0.4rem",
            "borderBottomWidth": 0,
            "borderLeftWidth": 0,
            "borderRightWidth": 0,
            "borderTopLeftRadius": "0.4rem",
            "borderTopRightRadius": "0.4rem",
            "borderTopWidth": 0,
            "height": "3.2rem",
            "paddingBottom": "0rem",
            "paddingLeft": "1.8rem",
            "paddingRight": "1.8rem",
            "paddingTop": "0rem",
            "width": "8rem",
          }
        }
        type="primary"
      >
        <span
          className="c3"
        >
          <span
            className="c4"
            style={
              Object {
                "color": "#ffffff",
                "fontSize": "1.4rem",
              }
            }
          >
            TR
          </span>
        </span>
      </button>
    </div>
  </div>
  <div
    style={
      Object {
        "float": "left",
        "width": 70,
      }
    }
  >
    <div
      className="c1"
      onClick={[Function]}
      onMouseDown={[Function]}
      onTouchStart={[Function]}
      style={Object {}}
    >
      <button
        className="c2"
        onBlur={[Function]}
        onClick={[Function]}
        onFocus={[Function]}
        onMouseDown={[Function]}
        onMouseEnter={[Function]}
        onMouseLeave={[Function]}
        onMouseOut={[Function]}
        onMouseOver={[Function]}
        onMouseUp={[Function]}
        size="default"
        style={
          Object {
            "backgroundColor": "#4d63ff",
            "borderBottomLeftRadius": "0.4rem",
            "borderBottomRightRadius": "0.4rem",
            "borderBottomWidth": 0,
            "borderLeftWidth": 0,
            "borderRightWidth": 0,
            "borderTopLeftRadius": "0.4rem",
            "borderTopRightRadius": "0.4rem",
            "borderTopWidth": 0,
            "height": "3.2rem",
            "paddingBottom": "0rem",
            "paddingLeft": "1.8rem",
            "paddingRight": "1.8rem",
            "paddingTop": "0rem",
            "width": "8rem",
          }
        }
        type="primary"
      >
        <span
          className="c3"
        >
          <span
            className="c4"
            style={
              Object {
                "color": "#ffffff",
                "fontSize": "1.4rem",
              }
            }
          >
            LT
          </span>
        </span>
      </button>
    </div>
    <div
      className="c1"
      onClick={[Function]}
      onMouseDown={[Function]}
      onTouchStart={[Function]}
      style={Object {}}
    >
      <button
        className="c2"
        onBlur={[Function]}
        onClick={[Function]}
        onFocus={[Function]}
        onMouseDown={[Function]}
        onMouseEnter={[Function]}
        onMouseLeave={[Function]}
        onMouseOut={[Function]}
        onMouseOver={[Function]}
        onMouseUp={[Function]}
        size="default"
        style={
          Object {
            "backgroundColor": "#4d63ff",
            "borderBottomLeftRadius": "0.4rem",
            "borderBottomRightRadius": "0.4rem",
            "borderBottomWidth": 0,
            "borderLeftWidth": 0,
            "borderRightWidth": 0,
            "borderTopLeftRadius": "0.4rem",
            "borderTopRightRadius": "0.4rem",
            "borderTopWidth": 0,
            "height": "3.2rem",
            "paddingBottom": "0rem",
            "paddingLeft": "1.8rem",
            "paddingRight": "1.8rem",
            "paddingTop": "0rem",
            "width": "8rem",
          }
        }
        type="primary"
      >
        <span
          className="c3"
        >
          <span
            className="c4"
            style={
              Object {
                "color": "#ffffff",
                "fontSize": "1.4rem",
              }
            }
          >
            Left
          </span>
        </span>
      </button>
    </div>
    <div
      className="c1"
      onClick={[Function]}
      onMouseDown={[Function]}
      onTouchStart={[Function]}
      style={Object {}}
    >
      <button
        className="c2"
        onBlur={[Function]}
        onClick={[Function]}
        onFocus={[Function]}
        onMouseDown={[Function]}
        onMouseEnter={[Function]}
        onMouseLeave={[Function]}
        onMouseOut={[Function]}
        onMouseOver={[Function]}
        onMouseUp={[Function]}
        size="default"
        style={
          Object {
            "backgroundColor": "#4d63ff",
            "borderBottomLeftRadius": "0.4rem",
            "borderBottomRightRadius": "0.4rem",
            "borderBottomWidth": 0,
            "borderLeftWidth": 0,
            "borderRightWidth": 0,
            "borderTopLeftRadius": "0.4rem",
            "borderTopRightRadius": "0.4rem",
            "borderTopWidth": 0,
            "height": "3.2rem",
            "paddingBottom": "0rem",
            "paddingLeft": "1.8rem",
            "paddingRight": "1.8rem",
            "paddingTop": "0rem",
            "width": "8rem",
          }
        }
        type="primary"
      >
        <span
          className="c3"
        >
          <span
            className="c4"
            style={
              Object {
                "color": "#ffffff",
                "fontSize": "1.4rem",
              }
            }
          >
            LB
          </span>
        </span>
      </button>
    </div>
  </div>
  <div
    style={
      Object {
        "marginLeft": 320,
        "width": 70,
      }
    }
  >
    <div
      className="c1"
      onClick={[Function]}
      onMouseDown={[Function]}
      onTouchStart={[Function]}
      style={Object {}}
    >
      <button
        className="c2"
        onBlur={[Function]}
        onClick={[Function]}
        onFocus={[Function]}
        onMouseDown={[Function]}
        onMouseEnter={[Function]}
        onMouseLeave={[Function]}
        onMouseOut={[Function]}
        onMouseOver={[Function]}
        onMouseUp={[Function]}
        size="default"
        style={
          Object {
            "backgroundColor": "#4d63ff",
            "borderBottomLeftRadius": "0.4rem",
            "borderBottomRightRadius": "0.4rem",
            "borderBottomWidth": 0,
            "borderLeftWidth": 0,
            "borderRightWidth": 0,
            "borderTopLeftRadius": "0.4rem",
            "borderTopRightRadius": "0.4rem",
            "borderTopWidth": 0,
            "height": "3.2rem",
            "paddingBottom": "0rem",
            "paddingLeft": "1.8rem",
            "paddingRight": "1.8rem",
            "paddingTop": "0rem",
            "width": "8rem",
          }
        }
        type="primary"
      >
        <span
          className="c3"
        >
          <span
            className="c4"
            style={
              Object {
                "color": "#ffffff",
                "fontSize": "1.4rem",
              }
            }
          >
            RT
          </span>
        </span>
      </button>
    </div>
    <div
      className="c1"
      onClick={[Function]}
      onMouseDown={[Function]}
      onTouchStart={[Function]}
      style={Object {}}
    >
      <button
        className="c2"
        onBlur={[Function]}
        onClick={[Function]}
        onFocus={[Function]}
        onMouseDown={[Function]}
        onMouseEnter={[Function]}
        onMouseLeave={[Function]}
        onMouseOut={[Function]}
        onMouseOver={[Function]}
        onMouseUp={[Function]}
        size="default"
        style={
          Object {
            "backgroundColor": "#4d63ff",
            "borderBottomLeftRadius": "0.4rem",
            "borderBottomRightRadius": "0.4rem",
            "borderBottomWidth": 0,
            "borderLeftWidth": 0,
            "borderRightWidth": 0,
            "borderTopLeftRadius": "0.4rem",
            "borderTopRightRadius": "0.4rem",
            "borderTopWidth": 0,
            "height": "3.2rem",
            "paddingBottom": "0rem",
            "paddingLeft": "1.8rem",
            "paddingRight": "1.8rem",
            "paddingTop": "0rem",
            "width": "8rem",
          }
        }
        type="primary"
      >
        <span
          className="c3"
        >
          <span
            className="c4"
            style={
              Object {
                "color": "#ffffff",
                "fontSize": "1.4rem",
              }
            }
          >
            Right
          </span>
        </span>
      </button>
    </div>
    <div
      className="c1"
      onClick={[Function]}
      onMouseDown={[Function]}
      onTouchStart={[Function]}
      style={Object {}}
    >
      <button
        className="c2"
        onBlur={[Function]}
        onClick={[Function]}
        onFocus={[Function]}
        onMouseDown={[Function]}
        onMouseEnter={[Function]}
        onMouseLeave={[Function]}
        onMouseOut={[Function]}
        onMouseOver={[Function]}
        onMouseUp={[Function]}
        size="default"
        style={
          Object {
            "backgroundColor": "#4d63ff",
            "borderBottomLeftRadius": "0.4rem",
            "borderBottomRightRadius": "0.4rem",
            "borderBottomWidth": 0,
            "borderLeftWidth": 0,
            "borderRightWidth": 0,
            "borderTopLeftRadius": "0.4rem",
            "borderTopRightRadius": "0.4rem",
            "borderTopWidth": 0,
            "height": "3.2rem",
            "paddingBottom": "0rem",
            "paddingLeft": "1.8rem",
            "paddingRight": "1.8rem",
            "paddingTop": "0rem",
            "width": "8rem",
          }
        }
        type="primary"
      >
        <span
          className="c3"
        >
          <span
            className="c4"
            style={
              Object {
                "color": "#ffffff",
                "fontSize": "1.4rem",
              }
            }
          >
            RB
          </span>
        </span>
      </button>
    </div>
  </div>
  <div
    style={
      Object {
        "clear": "both",
        "marginLeft": 80,
        "whiteSpace": "nowrap",
      }
    }
  >
    <div
      className="c1"
      onClick={[Function]}
      onMouseDown={[Function]}
      onTouchStart={[Function]}
      style={Object {}}
    >
      <button
        className="c2"
        onBlur={[Function]}
        onClick={[Function]}
        onFocus={[Function]}
        onMouseDown={[Function]}
        onMouseEnter={[Function]}
        onMouseLeave={[Function]}
        onMouseOut={[Function]}
        onMouseOver={[Function]}
        onMouseUp={[Function]}
        size="default"
        style={
          Object {
            "backgroundColor": "#4d63ff",
            "borderBottomLeftRadius": "0.4rem",
            "borderBottomRightRadius": "0.4rem",
            "borderBottomWidth": 0,
            "borderLeftWidth": 0,
            "borderRightWidth": 0,
            "borderTopLeftRadius": "0.4rem",
            "borderTopRightRadius": "0.4rem",
            "borderTopWidth": 0,
            "height": "3.2rem",
            "paddingBottom": "0rem",
            "paddingLeft": "1.8rem",
            "paddingRight": "1.8rem",
            "paddingTop": "0rem",
            "width": "8rem",
          }
        }
        type="primary"
      >
        <span
          className="c3"
        >
          <span
            className="c4"
            style={
              Object {
                "color": "#ffffff",
                "fontSize": "1.4rem",
              }
            }
          >
            BL
          </span>
        </span>
      </button>
    </div>
    <div
      className="c1"
      onClick={[Function]}
      onMouseDown={[Function]}
      onTouchStart={[Function]}
      style={Object {}}
    >
      <button
        className="c2"
        onBlur={[Function]}
        onClick={[Function]}
        onFocus={[Function]}
        onMouseDown={[Function]}
        onMouseEnter={[Function]}
        onMouseLeave={[Function]}
        onMouseOut={[Function]}
        onMouseOver={[Function]}
        onMouseUp={[Function]}
        size="default"
        style={
          Object {
            "backgroundColor": "#4d63ff",
            "borderBottomLeftRadius": "0.4rem",
            "borderBottomRightRadius": "0.4rem",
            "borderBottomWidth": 0,
            "borderLeftWidth": 0,
            "borderRightWidth": 0,
            "borderTopLeftRadius": "0.4rem",
            "borderTopRightRadius": "0.4rem",
            "borderTopWidth": 0,
            "height": "3.2rem",
            "paddingBottom": "0rem",
            "paddingLeft": "1.8rem",
            "paddingRight": "1.8rem",
            "paddingTop": "0rem",
            "width": "8rem",
          }
        }
        type="primary"
      >
        <span
          className="c3"
        >
          <span
            className="c4"
            style={
              Object {
                "color": "#ffffff",
                "fontSize": "1.4rem",
              }
            }
          >
            Bottom
          </span>
        </span>
      </button>
    </div>
    <div
      className="c1"
      onClick={[Function]}
      onMouseDown={[Function]}
      onTouchStart={[Function]}
      style={Object {}}
    >
      <button
        className="c2"
        onBlur={[Function]}
        onClick={[Function]}
        onFocus={[Function]}
        onMouseDown={[Function]}
        onMouseEnter={[Function]}
        onMouseLeave={[Function]}
        onMouseOut={[Function]}
        onMouseOver={[Function]}
        onMouseUp={[Function]}
        size="default"
        style={
          Object {
            "backgroundColor": "#4d63ff",
            "borderBottomLeftRadius": "0.4rem",
            "borderBottomRightRadius": "0.4rem",
            "borderBottomWidth": 0,
            "borderLeftWidth": 0,
            "borderRightWidth": 0,
            "borderTopLeftRadius": "0.4rem",
            "borderTopRightRadius": "0.4rem",
            "borderTopWidth": 0,
            "height": "3.2rem",
            "paddingBottom": "0rem",
            "paddingLeft": "1.8rem",
            "paddingRight": "1.8rem",
            "paddingTop": "0rem",
            "width": "8rem",
          }
        }
        type="primary"
      >
        <span
          className="c3"
        >
          <span
            className="c4"
            style={
              Object {
                "color": "#ffffff",
                "fontSize": "1.4rem",
              }
            }
          >
            BR
          </span>
        </span>
      </button>
    </div>
  </div>
  <br />
  <div
    className="c1"
    onBlur={[Function]}
    onFocus={[Function]}
    style={Object {}}
  >
    <span
      className="c5"
      onMouseDown={[Function]}
      onMouseEnter={[Function]}
      onMouseLeave={[Function]}
      onMouseUp={[Function]}
      style={
        Object {
          "height": "3.2rem",
        }
      }
    >
      <input
        autoFocus={false}
        className="c6"
        disabled={false}
        onBlur={[Function]}
        onChange={[Function]}
        onClick={[Function]}
        onFocus={[Function]}
        onKeyDown={[Function]}
        onKeyPress={[Function]}
        onKeyUp={[Function]}
        placeholder="聚焦弹出"
        size="default"
        style={
          Object {
            "color": "#333333",
            "paddingBottom": "0rem",
            "paddingLeft": "1rem",
            "paddingRight": "3.5rem",
            "paddingTop": "0rem",
          }
        }
        value=""
      />
    </span>
  </div>
  <div
    className="c1"
    onMouseEnter={[Function]}
    onMouseLeave={[Function]}
    style={Object {}}
  >
    <button
      className="c2"
      onBlur={[Function]}
      onClick={[Function]}
      onFocus={[Function]}
      onMouseDown={[Function]}
      onMouseEnter={[Function]}
      onMouseLeave={[Function]}
      onMouseOut={[Function]}
      onMouseOver={[Function]}
      onMouseUp={[Function]}
      size="default"
      style={
        Object {
          "backgroundColor": "#4d63ff",
          "borderBottomLeftRadius": "0.4rem",
          "borderBottomRightRadius": "0.4rem",
          "borderBottomWidth": 0,
          "borderLeftWidth": 0,
          "borderRightWidth": 0,
          "borderTopLeftRadius": "0.4rem",
          "borderTopRightRadius": "0.4rem",
          "borderTopWidth": 0,
          "height": "3.2rem",
          "paddingBottom": "0rem",
          "paddingLeft": "1.8rem",
          "paddingRight": "1.8rem",
          "paddingTop": "0rem",
          "width": "8rem",
        }
      }
      type="primary"
    >
      <span
        className="c3"
      >
        <span
          className="c4"
          style={
            Object {
              "color": "#ffffff",
              "fontSize": "1.4rem",
            }
          }
        >
           悬停
        </span>
      </span>
    </button>
  </div>
  <div
    className="c1"
    onClick={[Function]}
    onMouseDown={[Function]}
    onTouchStart={[Function]}
    style={Object {}}
  >
    <button
      className="c2"
      onBlur={[Function]}
      onClick={[Function]}
      onFocus={[Function]}
      onMouseDown={[Function]}
      onMouseEnter={[Function]}
      onMouseLeave={[Function]}
      onMouseOut={[Function]}
      onMouseOver={[Function]}
      onMouseUp={[Function]}
      size="default"
      style={
        Object {
          "backgroundColor": "#4d63ff",
          "borderBottomLeftRadius": "0.4rem",
          "borderBottomRightRadius": "0.4rem",
          "borderBottomWidth": 0,
          "borderLeftWidth": 0,
          "borderRightWidth": 0,
          "borderTopLeftRadius": "0.4rem",
          "borderTopRightRadius": "0.4rem",
          "borderTopWidth": 0,
          "height": "3.2rem",
          "paddingBottom": "0rem",
          "paddingLeft": "1.8rem",
          "paddingRight": "1.8rem",
          "paddingTop": "0rem",
          "width": "8rem",
        }
      }
      type="primary"
    >
      <span
        className="c3"
      >
        <span
          className="c4"
          style={
            Object {
              "color": "#ffffff",
              "fontSize": "1.4rem",
            }
          }
        >
          点击
        </span>
      </span>
    </button>
  </div>
  <br />
  <div>
    <div
      className="c1"
      onClick={[Function]}
      onMouseDown={[Function]}
      onTouchStart={[Function]}
      style={Object {}}
    >
      <button
        className="c2"
        onBlur={[Function]}
        onClick={[Function]}
        onFocus={[Function]}
        onMouseDown={[Function]}
        onMouseEnter={[Function]}
        onMouseLeave={[Function]}
        onMouseOut={[Function]}
        onMouseOver={[Function]}
        onMouseUp={[Function]}
        size="default"
        style={
          Object {
            "backgroundColor": "#4d63ff",
            "borderBottomLeftRadius": "0.4rem",
            "borderBottomRightRadius": "0.4rem",
            "borderBottomWidth": 0,
            "borderLeftWidth": 0,
            "borderRightWidth": 0,
            "borderTopLeftRadius": "0.4rem",
            "borderTopRightRadius": "0.4rem",
            "borderTopWidth": 0,
            "height": "3.2rem",
            "paddingBottom": "0rem",
            "paddingLeft": "1.8rem",
            "paddingRight": "1.8rem",
            "paddingTop": "0rem",
            "width": "8rem",
          }
        }
        type="primary"
      >
        <span
          className="c3"
        >
          <span
            className="c4"
            style={
              Object {
                "color": "#ffffff",
                "fontSize": "1.4rem",
              }
            }
          >
            提示
          </span>
        </span>
      </button>
    </div>
    <div
      className="c1"
      onClick={[Function]}
      onMouseDown={[Function]}
      onTouchStart={[Function]}
      style={Object {}}
    >
      <button
        className="c2"
        onBlur={[Function]}
        onClick={[Function]}
        onFocus={[Function]}
        onMouseDown={[Function]}
        onMouseEnter={[Function]}
        onMouseLeave={[Function]}
        onMouseOut={[Function]}
        onMouseOver={[Function]}
        onMouseUp={[Function]}
        size="default"
        style={
          Object {
            "backgroundColor": "#4d63ff",
            "borderBottomLeftRadius": "0.4rem",
            "borderBottomRightRadius": "0.4rem",
            "borderBottomWidth": 0,
            "borderLeftWidth": 0,
            "borderRightWidth": 0,
            "borderTopLeftRadius": "0.4rem",
            "borderTopRightRadius": "0.4rem",
            "borderTopWidth": 0,
            "height": "3.2rem",
            "paddingBottom": "0rem",
            "paddingLeft": "1.8rem",
            "paddingRight": "1.8rem",
            "paddingTop": "0rem",
            "width": "8rem",
          }
        }
        type="primary"
      >
        <span
          className="c3"
        >
          <span
            className="c4"
            style={
              Object {
                "color": "#ffffff",
                "fontSize": "1.4rem",
              }
            }
          >
            危险操作
          </span>
        </span>
      </button>
    </div>
  </div>
</div>
`;
