// Jest Snapshot v1, https://goo.gl/fbAQLP

exports[`popover Demo Component JSON 1`] = `
.c1 {
  display: inline-block;
  margin-bottom: 0;
  box-sizing: border-box;
  text-align: center;
  touch-action: manipulation;
  cursor: pointer;
  white-space: nowrap;
  font-family: 'Trebuchet MS',Arial,Helvetica,sans-serif;
  -webkit-user-select: none;
  -moz-user-select: none;
  -ms-user-select: none;
  user-select: none;
  -webkit-transition: all 0.3s cubic-bezier(0.645,0.045,0.355,1);
  transition: all 0.3s cubic-bezier(0.645,0.045,0.355,1);
  position: relative;
  text-transform: none;
  outline: 0;
  background-color: #ffffff;
  border-top-width: 0.1rem;
  border-top-style: solid;
  border-top-color: #cccccc;
  border-bottom-width: 0.1rem;
  border-bottom-style: solid;
  border-bottom-color: #cccccc;
  border-left-width: 0.1rem;
  border-left-style: solid;
  border-left-color: #cccccc;
  border-right-width: 0.1rem;
  border-right-style: solid;
  border-right-color: #cccccc;
}

.c2 {
  color: #666666;
  font-size: 1.4rem;
}

.c4 {
  line-height: 1.5;
  display: inline-block;
  font-family: inherit;
  -webkit-transition: all 0.3s;
  transition: all 0.3s;
  outline: none;
  width: 20rem;
  height: 3.2rem;
  cursor: text;
  border-top-width: 0.1rem;
  border-top-style: solid;
  border-top-color: #cccccc;
  border-bottom-width: 0.1rem;
  border-bottom-style: solid;
  border-bottom-color: #cccccc;
  border-left-width: 0.1rem;
  border-left-style: solid;
  border-left-color: #cccccc;
  border-right-width: 0.1rem;
  border-right-style: solid;
  border-right-color: #cccccc;
  border-top-left-radius: 0.4rem;
  border-top-right-radius: 0.4rem;
  border-bottom-right-radius: 0.4rem;
  border-bottom-left-radius: 0.4rem;
}

.c4::-webkit-input-placeholder {
  color: #cccccc;
}

.c4::-moz-placeholder {
  color: #cccccc;
}

.c4:-ms-input-placeholder {
  color: #cccccc;
}

.c4::placeholder {
  color: #cccccc;
}

.c3 {
  position: relative;
  display: inline-block;
  outline: none;
}

.c0 {
  margin: 100px;
}

<div
  className="c0"
>
  <div
    style={
      Object {
        "marginLeft": 80,
        "whiteSpace": "nowrap",
      }
    }
  >
    <button
      className="c1"
      onBlur={[Function]}
      onClick={[Function]}
      onFocus={[Function]}
      onMouseDown={[Function]}
      onMouseEnter={[Function]}
      onMouseLeave={[Function]}
      onMouseOut={[Function]}
      onMouseOver={[Function]}
      onMouseUp={[Function]}
      size="default"
      style={
        Object {
          "backgroundColor": "#4d63ff",
          "borderBottomLeftRadius": "0.4rem",
          "borderBottomRightRadius": "0.4rem",
          "borderBottomWidth": 0,
          "borderLeftWidth": 0,
          "borderRightWidth": 0,
          "borderTopLeftRadius": "0.4rem",
          "borderTopRightRadius": "0.4rem",
          "borderTopWidth": 0,
          "height": "3.2rem",
          "paddingBottom": "0rem",
          "paddingLeft": "1.8rem",
          "paddingRight": "1.8rem",
          "paddingTop": "0rem",
          "width": "8rem",
        }
      }
      type="primary"
    >
      <span
        className="c2"
        style={
          Object {
            "color": "#ffffff",
            "fontSize": "1.4rem",
          }
        }
      >
        TL
      </span>
    </button>
    <button
      className="c1"
      onBlur={[Function]}
      onClick={[Function]}
      onFocus={[Function]}
      onMouseDown={[Function]}
      onMouseEnter={[Function]}
      onMouseLeave={[Function]}
      onMouseOut={[Function]}
      onMouseOver={[Function]}
      onMouseUp={[Function]}
      size="default"
      style={
        Object {
          "backgroundColor": "#4d63ff",
          "borderBottomLeftRadius": "0.4rem",
          "borderBottomRightRadius": "0.4rem",
          "borderBottomWidth": 0,
          "borderLeftWidth": 0,
          "borderRightWidth": 0,
          "borderTopLeftRadius": "0.4rem",
          "borderTopRightRadius": "0.4rem",
          "borderTopWidth": 0,
          "height": "3.2rem",
          "paddingBottom": "0rem",
          "paddingLeft": "1.8rem",
          "paddingRight": "1.8rem",
          "paddingTop": "0rem",
          "width": "8rem",
        }
      }
      type="primary"
    >
      <span
        className="c2"
        style={
          Object {
            "color": "#ffffff",
            "fontSize": "1.4rem",
          }
        }
      >
        Top
      </span>
    </button>
    <button
      className="c1"
      onBlur={[Function]}
      onClick={[Function]}
      onFocus={[Function]}
      onMouseDown={[Function]}
      onMouseEnter={[Function]}
      onMouseLeave={[Function]}
      onMouseOut={[Function]}
      onMouseOver={[Function]}
      onMouseUp={[Function]}
      size="default"
      style={
        Object {
          "backgroundColor": "#4d63ff",
          "borderBottomLeftRadius": "0.4rem",
          "borderBottomRightRadius": "0.4rem",
          "borderBottomWidth": 0,
          "borderLeftWidth": 0,
          "borderRightWidth": 0,
          "borderTopLeftRadius": "0.4rem",
          "borderTopRightRadius": "0.4rem",
          "borderTopWidth": 0,
          "height": "3.2rem",
          "paddingBottom": "0rem",
          "paddingLeft": "1.8rem",
          "paddingRight": "1.8rem",
          "paddingTop": "0rem",
          "width": "8rem",
        }
      }
      type="primary"
    >
      <span
        className="c2"
        style={
          Object {
            "color": "#ffffff",
            "fontSize": "1.4rem",
          }
        }
      >
        TR
      </span>
    </button>
  </div>
  <div
    style={
      Object {
        "float": "left",
        "width": 45,
      }
    }
  >
    <button
      className="c1"
      onBlur={[Function]}
      onClick={[Function]}
      onFocus={[Function]}
      onMouseDown={[Function]}
      onMouseEnter={[Function]}
      onMouseLeave={[Function]}
      onMouseOut={[Function]}
      onMouseOver={[Function]}
      onMouseUp={[Function]}
      size="default"
      style={
        Object {
          "backgroundColor": "#4d63ff",
          "borderBottomLeftRadius": "0.4rem",
          "borderBottomRightRadius": "0.4rem",
          "borderBottomWidth": 0,
          "borderLeftWidth": 0,
          "borderRightWidth": 0,
          "borderTopLeftRadius": "0.4rem",
          "borderTopRightRadius": "0.4rem",
          "borderTopWidth": 0,
          "height": "3.2rem",
          "paddingBottom": "0rem",
          "paddingLeft": "1.8rem",
          "paddingRight": "1.8rem",
          "paddingTop": "0rem",
          "width": "8rem",
        }
      }
      type="primary"
    >
      <span
        className="c2"
        style={
          Object {
            "color": "#ffffff",
            "fontSize": "1.4rem",
          }
        }
      >
        LT
      </span>
    </button>
    <button
      className="c1"
      onBlur={[Function]}
      onClick={[Function]}
      onFocus={[Function]}
      onMouseDown={[Function]}
      onMouseEnter={[Function]}
      onMouseLeave={[Function]}
      onMouseOut={[Function]}
      onMouseOver={[Function]}
      onMouseUp={[Function]}
      size="default"
      style={
        Object {
          "backgroundColor": "#4d63ff",
          "borderBottomLeftRadius": "0.4rem",
          "borderBottomRightRadius": "0.4rem",
          "borderBottomWidth": 0,
          "borderLeftWidth": 0,
          "borderRightWidth": 0,
          "borderTopLeftRadius": "0.4rem",
          "borderTopRightRadius": "0.4rem",
          "borderTopWidth": 0,
          "height": "3.2rem",
          "paddingBottom": "0rem",
          "paddingLeft": "1.8rem",
          "paddingRight": "1.8rem",
          "paddingTop": "0rem",
          "width": "8rem",
        }
      }
      type="primary"
    >
      <span
        className="c2"
        style={
          Object {
            "color": "#ffffff",
            "fontSize": "1.4rem",
          }
        }
      >
        Left
      </span>
    </button>
    <button
      className="c1"
      onBlur={[Function]}
      onClick={[Function]}
      onFocus={[Function]}
      onMouseDown={[Function]}
      onMouseEnter={[Function]}
      onMouseLeave={[Function]}
      onMouseOut={[Function]}
      onMouseOver={[Function]}
      onMouseUp={[Function]}
      size="default"
      style={
        Object {
          "backgroundColor": "#4d63ff",
          "borderBottomLeftRadius": "0.4rem",
          "borderBottomRightRadius": "0.4rem",
          "borderBottomWidth": 0,
          "borderLeftWidth": 0,
          "borderRightWidth": 0,
          "borderTopLeftRadius": "0.4rem",
          "borderTopRightRadius": "0.4rem",
          "borderTopWidth": 0,
          "height": "3.2rem",
          "paddingBottom": "0rem",
          "paddingLeft": "1.8rem",
          "paddingRight": "1.8rem",
          "paddingTop": "0rem",
          "width": "8rem",
        }
      }
      type="primary"
    >
      <span
        className="c2"
        style={
          Object {
            "color": "#ffffff",
            "fontSize": "1.4rem",
          }
        }
      >
        LB
      </span>
    </button>
  </div>
  <div
    style={
      Object {
        "marginLeft": 320,
        "width": 50,
      }
    }
  >
    <button
      className="c1"
      onBlur={[Function]}
      onClick={[Function]}
      onFocus={[Function]}
      onMouseDown={[Function]}
      onMouseEnter={[Function]}
      onMouseLeave={[Function]}
      onMouseOut={[Function]}
      onMouseOver={[Function]}
      onMouseUp={[Function]}
      size="default"
      style={
        Object {
          "backgroundColor": "#4d63ff",
          "borderBottomLeftRadius": "0.4rem",
          "borderBottomRightRadius": "0.4rem",
          "borderBottomWidth": 0,
          "borderLeftWidth": 0,
          "borderRightWidth": 0,
          "borderTopLeftRadius": "0.4rem",
          "borderTopRightRadius": "0.4rem",
          "borderTopWidth": 0,
          "height": "3.2rem",
          "paddingBottom": "0rem",
          "paddingLeft": "1.8rem",
          "paddingRight": "1.8rem",
          "paddingTop": "0rem",
          "width": "8rem",
        }
      }
      type="primary"
    >
      <span
        className="c2"
        style={
          Object {
            "color": "#ffffff",
            "fontSize": "1.4rem",
          }
        }
      >
        RT
      </span>
    </button>
    <button
      className="c1"
      onBlur={[Function]}
      onClick={[Function]}
      onFocus={[Function]}
      onMouseDown={[Function]}
      onMouseEnter={[Function]}
      onMouseLeave={[Function]}
      onMouseOut={[Function]}
      onMouseOver={[Function]}
      onMouseUp={[Function]}
      size="default"
      style={
        Object {
          "backgroundColor": "#4d63ff",
          "borderBottomLeftRadius": "0.4rem",
          "borderBottomRightRadius": "0.4rem",
          "borderBottomWidth": 0,
          "borderLeftWidth": 0,
          "borderRightWidth": 0,
          "borderTopLeftRadius": "0.4rem",
          "borderTopRightRadius": "0.4rem",
          "borderTopWidth": 0,
          "height": "3.2rem",
          "paddingBottom": "0rem",
          "paddingLeft": "1.8rem",
          "paddingRight": "1.8rem",
          "paddingTop": "0rem",
          "width": "8rem",
        }
      }
      type="primary"
    >
      <span
        className="c2"
        style={
          Object {
            "color": "#ffffff",
            "fontSize": "1.4rem",
          }
        }
      >
        Right
      </span>
    </button>
    <button
      className="c1"
      onBlur={[Function]}
      onClick={[Function]}
      onFocus={[Function]}
      onMouseDown={[Function]}
      onMouseEnter={[Function]}
      onMouseLeave={[Function]}
      onMouseOut={[Function]}
      onMouseOver={[Function]}
      onMouseUp={[Function]}
      size="default"
      style={
        Object {
          "backgroundColor": "#4d63ff",
          "borderBottomLeftRadius": "0.4rem",
          "borderBottomRightRadius": "0.4rem",
          "borderBottomWidth": 0,
          "borderLeftWidth": 0,
          "borderRightWidth": 0,
          "borderTopLeftRadius": "0.4rem",
          "borderTopRightRadius": "0.4rem",
          "borderTopWidth": 0,
          "height": "3.2rem",
          "paddingBottom": "0rem",
          "paddingLeft": "1.8rem",
          "paddingRight": "1.8rem",
          "paddingTop": "0rem",
          "width": "8rem",
        }
      }
      type="primary"
    >
      <span
        className="c2"
        style={
          Object {
            "color": "#ffffff",
            "fontSize": "1.4rem",
          }
        }
      >
        RB
      </span>
    </button>
  </div>
  <div
    style={
      Object {
        "clear": "both",
        "marginLeft": 80,
        "whiteSpace": "nowrap",
      }
    }
  >
    <button
      className="c1"
      onBlur={[Function]}
      onClick={[Function]}
      onFocus={[Function]}
      onMouseDown={[Function]}
      onMouseEnter={[Function]}
      onMouseLeave={[Function]}
      onMouseOut={[Function]}
      onMouseOver={[Function]}
      onMouseUp={[Function]}
      size="default"
      style={
        Object {
          "backgroundColor": "#4d63ff",
          "borderBottomLeftRadius": "0.4rem",
          "borderBottomRightRadius": "0.4rem",
          "borderBottomWidth": 0,
          "borderLeftWidth": 0,
          "borderRightWidth": 0,
          "borderTopLeftRadius": "0.4rem",
          "borderTopRightRadius": "0.4rem",
          "borderTopWidth": 0,
          "height": "3.2rem",
          "paddingBottom": "0rem",
          "paddingLeft": "1.8rem",
          "paddingRight": "1.8rem",
          "paddingTop": "0rem",
          "width": "8rem",
        }
      }
      type="primary"
    >
      <span
        className="c2"
        style={
          Object {
            "color": "#ffffff",
            "fontSize": "1.4rem",
          }
        }
      >
        BL
      </span>
    </button>
    <button
      className="c1"
      onBlur={[Function]}
      onClick={[Function]}
      onFocus={[Function]}
      onMouseDown={[Function]}
      onMouseEnter={[Function]}
      onMouseLeave={[Function]}
      onMouseOut={[Function]}
      onMouseOver={[Function]}
      onMouseUp={[Function]}
      size="default"
      style={
        Object {
          "backgroundColor": "#4d63ff",
          "borderBottomLeftRadius": "0.4rem",
          "borderBottomRightRadius": "0.4rem",
          "borderBottomWidth": 0,
          "borderLeftWidth": 0,
          "borderRightWidth": 0,
          "borderTopLeftRadius": "0.4rem",
          "borderTopRightRadius": "0.4rem",
          "borderTopWidth": 0,
          "height": "3.2rem",
          "paddingBottom": "0rem",
          "paddingLeft": "1.8rem",
          "paddingRight": "1.8rem",
          "paddingTop": "0rem",
          "width": "8rem",
        }
      }
      type="primary"
    >
      <span
        className="c2"
        style={
          Object {
            "color": "#ffffff",
            "fontSize": "1.4rem",
          }
        }
      >
        Bottom
      </span>
    </button>
    <button
      className="c1"
      onBlur={[Function]}
      onClick={[Function]}
      onFocus={[Function]}
      onMouseDown={[Function]}
      onMouseEnter={[Function]}
      onMouseLeave={[Function]}
      onMouseOut={[Function]}
      onMouseOver={[Function]}
      onMouseUp={[Function]}
      size="default"
      style={
        Object {
          "backgroundColor": "#4d63ff",
          "borderBottomLeftRadius": "0.4rem",
          "borderBottomRightRadius": "0.4rem",
          "borderBottomWidth": 0,
          "borderLeftWidth": 0,
          "borderRightWidth": 0,
          "borderTopLeftRadius": "0.4rem",
          "borderTopRightRadius": "0.4rem",
          "borderTopWidth": 0,
          "height": "3.2rem",
          "paddingBottom": "0rem",
          "paddingLeft": "1.8rem",
          "paddingRight": "1.8rem",
          "paddingTop": "0rem",
          "width": "8rem",
        }
      }
      type="primary"
    >
      <span
        className="c2"
        style={
          Object {
            "color": "#ffffff",
            "fontSize": "1.4rem",
          }
        }
      >
        BR
      </span>
    </button>
  </div>
  <br />
  <p />
  <div
    className="c3"
    onMouseDown={[Function]}
    onMouseEnter={[Function]}
    onMouseLeave={[Function]}
    onMouseUp={[Function]}
    style={Object {}}
  >
    <input
      autoFocus={false}
      className="c4"
      disabled={false}
      onBlur={[Function]}
      onChange={[Function]}
      onClick={[Function]}
      onFocus={[Function]}
      onKeyDown={[Function]}
      onKeyPress={[Function]}
      onKeyUp={[Function]}
      placeholder="聚焦弹出"
      size="default"
      style={
        Object {
          "color": "#333333",
          "height": "3.2rem",
          "paddingBottom": "0rem",
          "paddingLeft": "1rem",
          "paddingRight": "3.5rem",
          "paddingTop": "0rem",
        }
      }
      value=""
    />
  </div>
  <button
    className="c1"
    onBlur={[Function]}
    onClick={[Function]}
    onFocus={[Function]}
    onMouseDown={[Function]}
    onMouseEnter={[Function]}
    onMouseLeave={[Function]}
    onMouseOut={[Function]}
    onMouseOver={[Function]}
    onMouseUp={[Function]}
    size="default"
    style={
      Object {
        "backgroundColor": "#4d63ff",
        "borderBottomLeftRadius": "0.4rem",
        "borderBottomRightRadius": "0.4rem",
        "borderBottomWidth": 0,
        "borderLeftWidth": 0,
        "borderRightWidth": 0,
        "borderTopLeftRadius": "0.4rem",
        "borderTopRightRadius": "0.4rem",
        "borderTopWidth": 0,
        "height": "3.2rem",
        "paddingBottom": "0rem",
        "paddingLeft": "1.8rem",
        "paddingRight": "1.8rem",
        "paddingTop": "0rem",
      }
    }
    type="primary"
  >
    <span
      className="c2"
      style={
        Object {
          "color": "#ffffff",
          "fontSize": "1.4rem",
        }
      }
    >
       悬停
    </span>
  </button>
  <button
    className="c1"
    onBlur={[Function]}
    onClick={[Function]}
    onFocus={[Function]}
    onMouseDown={[Function]}
    onMouseEnter={[Function]}
    onMouseLeave={[Function]}
    onMouseOut={[Function]}
    onMouseOver={[Function]}
    onMouseUp={[Function]}
    size="default"
    style={
      Object {
        "backgroundColor": "#4d63ff",
        "borderBottomLeftRadius": "0.4rem",
        "borderBottomRightRadius": "0.4rem",
        "borderBottomWidth": 0,
        "borderLeftWidth": 0,
        "borderRightWidth": 0,
        "borderTopLeftRadius": "0.4rem",
        "borderTopRightRadius": "0.4rem",
        "borderTopWidth": 0,
        "height": "3.2rem",
        "paddingBottom": "0rem",
        "paddingLeft": "1.8rem",
        "paddingRight": "1.8rem",
        "paddingTop": "0rem",
      }
    }
    type="primary"
  >
    <span
      className="c2"
      style={
        Object {
          "color": "#ffffff",
          "fontSize": "1.4rem",
        }
      }
    >
      点击
    </span>
  </button>
  <br />
</div>
`;
