// Jest Snapshot v1, https://goo.gl/fbAQLP

exports[`BackTop css 1`] = `
.c0 > div > div {
  bottom: 100px;
}

.c1 > div > div {
  bottom: 150px;
}

.c2 > div > div {
  bottom: NaNpx;
}

.c3 > div > div {
  bottom: 250px;
}

<div
  style={
    Object {
      "height": "1600px",
    }
  }
>
  <div
    className="c0"
  >
    <div />
  </div>
  <div
    className="c1"
  >
    <div />
  </div>
  <div
    className="c2"
  >
    <div />
  </div>
  <div
    className="c3"
  >
    <div />
  </div>
  <div
    style={
      Object {
        "height": "200px",
        "marginTop": "400px",
        "overflowY": "scroll",
        "width": "200px",
      }
    }
  >
    <div
      className="c3"
    >
      <div
        style={
          Object {
            "height": "300px",
            "width": "20px",
          }
        }
      />
      <div />
    </div>
  </div>
</div>
`;
