// Jest Snapshot v1, https://goo.gl/fbAQLP

exports[`Radio Radio css 1`] = `
.c1 {
  padding: 0;
  box-sizing: border-box;
  list-style: none;
  display: inline-block;
  position: relative;
  white-space: nowrap;
  cursor: pointer;
  display: inline-block;
  margin-right: 1rem;
  opacity: 1;
  padding-top: 0.5rem;
  padding-bottom: 0.5rem;
  padding-left: 0rem;
  padding-right: 0rem;
}

.c5 {
  padding: 0;
  box-sizing: border-box;
  list-style: none;
  display: inline-block;
  position: relative;
  white-space: nowrap;
  cursor: not-allowed;
  display: inline-block;
  margin-right: 1rem;
  opacity: 1;
  padding-top: 0.5rem;
  padding-bottom: 0.5rem;
  padding-left: 0rem;
  padding-right: 0rem;
}

.c11 {
  padding: 0;
  box-sizing: border-box;
  list-style: none;
  display: inline-block;
  position: relative;
  white-space: nowrap;
  cursor: pointer;
  display: block;
  opacity: 1;
  padding-top: 0.5rem;
  padding-bottom: 0.5rem;
  padding-left: 0rem;
  padding-right: 0rem;
}

.c2 {
  margin: 0;
  outline: none;
  line-height: 1;
  vertical-align: middle;
  display: inline-block;
}

.c4 {
  padding-left: 1rem;
  vertical-align: middle;
  color: #333333;
  font-size: 1.4rem;
  padding-top: 0rem;
  padding-bottom: 0rem;
  padding-left: 1rem;
  padding-right: 0rem;
}

.c3 {
  position: relative;
  top: 0;
  left: 0;
  display: block;
  width: 1.6rem;
  height: 1.6rem;
  border-radius: 50%;
  border: 1px solid #cccccc;
  background-color: #fff;
  -webkit-transition: all 0.3s;
  -webkit-transition: all 0.3s;
  transition: all 0.3s;
  width: 1.6rem;
  height: 1.6rem;
  background-color: #fff;
  border-top-width: 0.1rem;
  border-top-style: solid;
  border-top-color: #cccccc;
  border-bottom-width: 0.1rem;
  border-bottom-style: solid;
  border-bottom-color: #cccccc;
  border-left-width: 0.1rem;
  border-left-style: solid;
  border-left-color: #cccccc;
  border-right-width: 0.1rem;
  border-right-style: solid;
  border-right-color: #cccccc;
  border-top-left-radius: 100%;
  border-top-right-radius: 100%;
  border-bottom-right-radius: 100%;
  border-bottom-left-radius: 100%;
}

.c6 {
  position: relative;
  top: 0;
  left: 0;
  display: block;
  width: 1.6rem;
  height: 1.6rem;
  border-radius: 50%;
  border: 1px solid #cccccc;
  background-color: #fff;
  -webkit-transition: all 0.3s;
  -webkit-transition: all 0.3s;
  transition: all 0.3s;
  width: 1.6rem;
  height: 1.6rem;
  background-color: #fff;
  border-top-width: 0.1rem;
  border-top-style: solid;
  border-top-color: #cccccc;
  border-bottom-width: 0.1rem;
  border-bottom-style: solid;
  border-bottom-color: #cccccc;
  border-left-width: 0.1rem;
  border-left-style: solid;
  border-left-color: #cccccc;
  border-right-width: 0.1rem;
  border-right-style: solid;
  border-right-color: #cccccc;
  border-top-left-radius: 100%;
  border-top-right-radius: 100%;
  border-bottom-right-radius: 100%;
  border-bottom-left-radius: 100%;
}

.c6::after {
  position: absolute;
  width: 2rem;
  height: 2rem;
  left: 50%;
  top: 50%;
  -webkit-transform: translate(-50%,-50%);
  -ms-transform: translate(-50%,-50%);
  transform: translate(-50%,-50%);
  border-radius: 100%;
  display: table;
  border-top: 0;
  border-left: 0;
  content: ' ';
  background-color: green;
}

.c7 {
  position: relative;
  top: 0;
  left: 0;
  display: block;
  width: 1.6rem;
  height: 1.6rem;
  border-radius: 50%;
  border: 1px solid #cccccc;
  background-color: #fff;
  -webkit-transition: all 0.3s;
  -webkit-transition: all 0.3s;
  transition: all 0.3s;
  width: 1.6rem;
  height: 1.6rem;
  background-color: #fff;
  border-top-width: 0.1rem;
  border-top-style: solid;
  border-top-color: #cccccc;
  border-bottom-width: 0.1rem;
  border-bottom-style: solid;
  border-bottom-color: #cccccc;
  border-left-width: 0.1rem;
  border-left-style: solid;
  border-left-color: #cccccc;
  border-right-width: 0.1rem;
  border-right-style: solid;
  border-right-color: #cccccc;
  border-top-left-radius: 100%;
  border-top-right-radius: 100%;
  border-bottom-right-radius: 100%;
  border-bottom-left-radius: 100%;
}

.c7::after {
  position: absolute;
  width: 2rem;
  height: 2rem;
  left: 50%;
  top: 50%;
  -webkit-transform: translate(-50%,-50%);
  -ms-transform: translate(-50%,-50%);
  transform: translate(-50%,-50%);
  border-radius: 100%;
  display: table;
  border-top: 0;
  border-left: 0;
  content: ' ';
  background-color: red;
}

.c8 {
  position: relative;
  top: 0;
  left: 0;
  display: block;
  width: 1.6rem;
  height: 1.6rem;
  border-radius: 50%;
  border: 1px solid #cccccc;
  background-color: #fff;
  -webkit-transition: all 0.3s;
  -webkit-transition: all 0.3s;
  transition: all 0.3s;
  width: 1.6rem;
  height: 1.6rem;
  background-color: #fff;
  border-top-width: 0.1rem;
  border-top-style: solid;
  border-top-color: #cccccc;
  border-bottom-width: 0.1rem;
  border-bottom-style: solid;
  border-bottom-color: #cccccc;
  border-left-width: 0.1rem;
  border-left-style: solid;
  border-left-color: #cccccc;
  border-right-width: 0.1rem;
  border-right-style: solid;
  border-right-color: #cccccc;
  border-top-left-radius: 100%;
  border-top-right-radius: 100%;
  border-bottom-right-radius: 100%;
  border-bottom-left-radius: 100%;
}

.c8::after {
  position: absolute;
  width: 1rem;
  height: 1rem;
  left: 50%;
  top: 50%;
  -webkit-transform: translate(-50%,-50%);
  -ms-transform: translate(-50%,-50%);
  transform: translate(-50%,-50%);
  border-radius: 100%;
  display: table;
  border-top: 0;
  border-left: 0;
  content: ' ';
  background-color: #4d63ff;
}

.c9 {
  position: relative;
  top: 0;
  left: 0;
  display: block;
  width: 1.6rem;
  height: 1.6rem;
  border-radius: 50%;
  border: 1px solid #cccccc;
  background-color: #fff;
  -webkit-transition: all 0.3s;
  -webkit-transition: all 0.3s;
  transition: all 0.3s;
  width: 1.6rem;
  height: 1.6rem;
  background-color: #fff;
  border-top-width: 0.1rem;
  border-top-style: solid;
  border-top-color: #cccccc;
  border-bottom-width: 0.1rem;
  border-bottom-style: solid;
  border-bottom-color: #cccccc;
  border-left-width: 0.1rem;
  border-left-style: solid;
  border-left-color: #cccccc;
  border-right-width: 0.1rem;
  border-right-style: solid;
  border-right-color: #cccccc;
  border-top-left-radius: 100%;
  border-top-right-radius: 100%;
  border-bottom-right-radius: 100%;
  border-bottom-left-radius: 100%;
}

.c9::after {
  position: absolute;
  width: 1rem;
  height: 1rem;
  left: 50%;
  top: 50%;
  -webkit-transform: translate(-50%,-50%);
  -ms-transform: translate(-50%,-50%);
  transform: translate(-50%,-50%);
  border-radius: 100%;
  display: table;
  border-top: 0;
  border-left: 0;
  content: ' ';
  background-color: #cccccc;
}

.c10 {
  position: relative;
  top: 0;
  left: 0;
  display: block;
  width: 1.6rem;
  height: 1.6rem;
  border-radius: 50%;
  border: 1px solid #cccccc;
  background-color: #fff;
  -webkit-transition: all 0.3s;
  -webkit-transition: all 0.3s;
  transition: all 0.3s;
  width: 1.6rem;
  height: 1.6rem;
  background-color: #fff;
  border-top-width: 0.1rem;
  border-top-style: solid;
  border-top-color: #cccccc;
  border-bottom-width: 0.1rem;
  border-bottom-style: solid;
  border-bottom-color: #cccccc;
  border-left-width: 0.1rem;
  border-left-style: solid;
  border-left-color: #cccccc;
  border-right-width: 0.1rem;
  border-right-style: solid;
  border-right-color: #cccccc;
  border-top-left-radius: 100%;
  border-top-right-radius: 100%;
  border-bottom-right-radius: 100%;
  border-bottom-left-radius: 100%;
}

.c10::after {
  position: absolute;
  width: 1rem;
  height: 1rem;
  left: 50%;
  top: 50%;
  -webkit-transform: translate(-50%,-50%);
  -ms-transform: translate(-50%,-50%);
  transform: translate(-50%,-50%);
  border-radius: 100%;
  display: table;
  border-top: 0;
  border-left: 0;
  content: ' ';
  background-color: #c0c8ff;
}

.c0 {
  margin-left: 50px;
  width: 50%;
}

<div>
  <div
    className="c0"
  >
    <p>
      theme normal margin padding
    </p>
    <label
      className="c1"
      onClick={[Function]}
      onMouseDown={[Function]}
      onMouseEnter={[Function]}
      onMouseLeave={[Function]}
      onMouseUp={[Function]}
      style={
        Object {
          "height": "5rem",
          "marginBottom": "1rem",
          "marginLeft": "1rem",
          "marginRight": "1rem",
          "marginTop": "1rem",
          "opacity": 0.6,
          "paddingBottom": "1rem",
          "paddingLeft": "1rem",
          "paddingRight": "1rem",
          "paddingTop": "1rem",
          "width": "10rem",
        }
      }
    >
      <span
        className="c2"
      >
        <span
          checked={false}
          className="c3"
          style={
            Object {
              "backgroundColor": "yellow",
              "borderBottomColor": "green",
              "borderBottomLeftRadius": "10rem",
              "borderBottomRightRadius": "10rem",
              "borderBottomStyle": "solid",
              "borderBottomWidth": "0.2rem",
              "borderLeftColor": "green",
              "borderLeftStyle": "solid",
              "borderLeftWidth": "0.2rem",
              "borderRightColor": "green",
              "borderRightStyle": "solid",
              "borderRightWidth": "0.2rem",
              "borderTopColor": "green",
              "borderTopLeftRadius": "10rem",
              "borderTopRightRadius": "10rem",
              "borderTopStyle": "solid",
              "borderTopWidth": "0.2rem",
              "height": "2rem",
              "width": "2rem",
            }
          }
        />
      </span>
      <span
        className="c4"
        style={
          Object {
            "color": "red",
            "paddingBottom": "1rem",
            "paddingLeft": "1rem",
            "paddingRight": "1rem",
            "paddingTop": "1rem",
          }
        }
      >
        Radio
      </span>
    </label>
  </div>
  <div
    className="c0"
  >
    <p>
      theme disabled
    </p>
    <label
      className="c5"
      disabled={true}
      onClick={[Function]}
      onMouseDown={[Function]}
      onMouseEnter={[Function]}
      onMouseLeave={[Function]}
      onMouseUp={[Function]}
      style={
        Object {
          "height": "5rem",
          "marginBottom": "1rem",
          "marginLeft": "1rem",
          "marginRight": "1rem",
          "marginTop": "1rem",
          "opacity": 1,
          "paddingBottom": "1rem",
          "paddingLeft": "1rem",
          "paddingRight": "1rem",
          "paddingTop": "1rem",
          "width": "10rem",
        }
      }
    >
      <span
        className="c2"
      >
        <span
          checked={false}
          className="c3"
          disabled={true}
          style={
            Object {
              "backgroundColor": "yellow",
              "borderBottomColor": "pink",
              "borderBottomLeftRadius": "10rem",
              "borderBottomRightRadius": "10rem",
              "borderBottomStyle": "solid",
              "borderBottomWidth": "0.2rem",
              "borderLeftColor": "pink",
              "borderLeftStyle": "solid",
              "borderLeftWidth": "0.2rem",
              "borderRightColor": "pink",
              "borderRightStyle": "solid",
              "borderRightWidth": "0.2rem",
              "borderTopColor": "pink",
              "borderTopLeftRadius": "10rem",
              "borderTopRightRadius": "10rem",
              "borderTopStyle": "solid",
              "borderTopWidth": "0.2rem",
              "height": "2rem",
              "width": "2rem",
            }
          }
        />
      </span>
      <span
        className="c4"
        style={
          Object {
            "color": "#cccccc",
            "paddingBottom": "1rem",
            "paddingLeft": "1rem",
            "paddingRight": "1rem",
            "paddingTop": "1rem",
          }
        }
      >
        Radio
      </span>
    </label>
  </div>
  <div
    className="c0"
  >
    <p>
      theme checked
    </p>
    <label
      className="c1"
      onClick={[Function]}
      onMouseDown={[Function]}
      onMouseEnter={[Function]}
      onMouseLeave={[Function]}
      onMouseUp={[Function]}
      style={
        Object {
          "height": "5rem",
          "marginBottom": "1rem",
          "marginLeft": "1rem",
          "marginRight": "1rem",
          "marginTop": "1rem",
          "opacity": 0.6,
          "paddingBottom": "1rem",
          "paddingLeft": "1rem",
          "paddingRight": "1rem",
          "paddingTop": "1rem",
          "width": "10rem",
        }
      }
    >
      <span
        className="c2"
      >
        <span
          checked={true}
          className="c6"
          style={
            Object {
              "backgroundColor": "orange",
              "borderBottomColor": "red",
              "borderBottomLeftRadius": "10rem",
              "borderBottomRightRadius": "10rem",
              "borderBottomStyle": "solid",
              "borderBottomWidth": "0.2rem",
              "borderLeftColor": "red",
              "borderLeftStyle": "solid",
              "borderLeftWidth": "0.2rem",
              "borderRightColor": "red",
              "borderRightStyle": "solid",
              "borderRightWidth": "0.2rem",
              "borderTopColor": "red",
              "borderTopLeftRadius": "10rem",
              "borderTopRightRadius": "10rem",
              "borderTopStyle": "solid",
              "borderTopWidth": "0.2rem",
              "boxShadow": "1px 2px 2px 2px #e8e8e8",
              "height": "4rem",
              "width": "4rem",
            }
          }
        />
      </span>
      <span
        className="c4"
        style={
          Object {
            "color": "red",
            "paddingBottom": "1rem",
            "paddingLeft": "1rem",
            "paddingRight": "1rem",
            "paddingTop": "1rem",
          }
        }
      >
        Radio
      </span>
    </label>
  </div>
  <div
    className="c0"
  >
    <p>
      theme checked disabled
    </p>
    <label
      className="c5"
      disabled={true}
      onClick={[Function]}
      onMouseDown={[Function]}
      onMouseEnter={[Function]}
      onMouseLeave={[Function]}
      onMouseUp={[Function]}
      style={
        Object {
          "height": "5rem",
          "marginBottom": "1rem",
          "marginLeft": "1rem",
          "marginRight": "1rem",
          "marginTop": "1rem",
          "opacity": 1,
          "paddingBottom": "1rem",
          "paddingLeft": "1rem",
          "paddingRight": "1rem",
          "paddingTop": "1rem",
          "width": "10rem",
        }
      }
    >
      <span
        className="c2"
      >
        <span
          checked={true}
          className="c7"
          disabled={true}
          style={
            Object {
              "backgroundColor": "#ccc",
              "borderBottomColor": "pink",
              "borderBottomLeftRadius": "10rem",
              "borderBottomRightRadius": "10rem",
              "borderBottomStyle": "solid",
              "borderBottomWidth": "0.2rem",
              "borderLeftColor": "pink",
              "borderLeftStyle": "solid",
              "borderLeftWidth": "0.2rem",
              "borderRightColor": "pink",
              "borderRightStyle": "solid",
              "borderRightWidth": "0.2rem",
              "borderTopColor": "pink",
              "borderTopLeftRadius": "10rem",
              "borderTopRightRadius": "10rem",
              "borderTopStyle": "solid",
              "borderTopWidth": "0.2rem",
              "boxShadow": "1px 2px 2px 2px #e8e8e8",
              "height": "4rem",
              "width": "4rem",
            }
          }
        />
      </span>
      <span
        className="c4"
        style={
          Object {
            "color": "#cccccc",
            "paddingBottom": "1rem",
            "paddingLeft": "1rem",
            "paddingRight": "1rem",
            "paddingTop": "1rem",
          }
        }
      >
        Radio
      </span>
    </label>
  </div>
  <div
    className="c0"
  >
    <p>
      theme checked cancel
    </p>
    <label
      className="c5"
      onClick={[Function]}
      onMouseDown={[Function]}
      onMouseEnter={[Function]}
      onMouseLeave={[Function]}
      onMouseUp={[Function]}
      style={
        Object {
          "height": "5rem",
          "marginBottom": "1rem",
          "marginLeft": "1rem",
          "marginRight": "1rem",
          "marginTop": "1rem",
          "opacity": 0.6,
          "paddingBottom": "1rem",
          "paddingLeft": "1rem",
          "paddingRight": "1rem",
          "paddingTop": "1rem",
          "width": "10rem",
        }
      }
    >
      <span
        className="c2"
      >
        <span
          checked={true}
          className="c6"
          style={
            Object {
              "backgroundColor": "orange",
              "borderBottomColor": "red",
              "borderBottomLeftRadius": "10rem",
              "borderBottomRightRadius": "10rem",
              "borderBottomStyle": "solid",
              "borderBottomWidth": "0.2rem",
              "borderLeftColor": "red",
              "borderLeftStyle": "solid",
              "borderLeftWidth": "0.2rem",
              "borderRightColor": "red",
              "borderRightStyle": "solid",
              "borderRightWidth": "0.2rem",
              "borderTopColor": "red",
              "borderTopLeftRadius": "10rem",
              "borderTopRightRadius": "10rem",
              "borderTopStyle": "solid",
              "borderTopWidth": "0.2rem",
              "height": "2rem",
              "width": "2rem",
            }
          }
        />
      </span>
      <span
        className="c4"
        style={
          Object {
            "color": "red",
            "paddingBottom": "1rem",
            "paddingLeft": "1rem",
            "paddingRight": "1rem",
            "paddingTop": "1rem",
          }
        }
      >
        Radio
      </span>
    </label>
  </div>
  <div
    className="c0"
  >
    <p>
      checked
    </p>
    <label
      className="c1"
      onClick={[Function]}
      onMouseDown={[Function]}
      onMouseEnter={[Function]}
      onMouseLeave={[Function]}
      onMouseUp={[Function]}
      style={Object {}}
    >
      <span
        className="c2"
      >
        <span
          checked={true}
          className="c8"
          style={
            Object {
              "backgroundColor": "#fff",
              "borderBottomColor": "#4d63ff",
              "borderBottomLeftRadius": "100%",
              "borderBottomRightRadius": "100%",
              "borderBottomStyle": "solid",
              "borderBottomWidth": "0.1rem",
              "borderLeftColor": "#4d63ff",
              "borderLeftStyle": "solid",
              "borderLeftWidth": "0.1rem",
              "borderRightColor": "#4d63ff",
              "borderRightStyle": "solid",
              "borderRightWidth": "0.1rem",
              "borderTopColor": "#4d63ff",
              "borderTopLeftRadius": "100%",
              "borderTopRightRadius": "100%",
              "borderTopStyle": "solid",
              "borderTopWidth": "0.1rem",
              "height": "1.6rem",
              "width": "1.6rem",
            }
          }
        />
      </span>
      <span
        className="c4"
        style={Object {}}
      >
        Radio
      </span>
    </label>
  </div>
  <div
    className="c0"
  >
    <p>
      defaultChecked
    </p>
    <label
      className="c1"
      onClick={[Function]}
      onMouseDown={[Function]}
      onMouseEnter={[Function]}
      onMouseLeave={[Function]}
      onMouseUp={[Function]}
      style={Object {}}
    >
      <span
        className="c2"
      >
        <span
          checked={true}
          className="c8"
          style={
            Object {
              "backgroundColor": "#fff",
              "borderBottomColor": "#4d63ff",
              "borderBottomLeftRadius": "100%",
              "borderBottomRightRadius": "100%",
              "borderBottomStyle": "solid",
              "borderBottomWidth": "0.1rem",
              "borderLeftColor": "#4d63ff",
              "borderLeftStyle": "solid",
              "borderLeftWidth": "0.1rem",
              "borderRightColor": "#4d63ff",
              "borderRightStyle": "solid",
              "borderRightWidth": "0.1rem",
              "borderTopColor": "#4d63ff",
              "borderTopLeftRadius": "100%",
              "borderTopRightRadius": "100%",
              "borderTopStyle": "solid",
              "borderTopWidth": "0.1rem",
              "height": "1.6rem",
              "width": "1.6rem",
            }
          }
        />
      </span>
      <span
        className="c4"
        style={Object {}}
      >
        Radio
      </span>
    </label>
  </div>
  <div
    className="c0"
  >
    <p>
      normal
    </p>
    <label
      className="c1"
      onClick={[Function]}
      onMouseDown={[Function]}
      onMouseEnter={[Function]}
      onMouseLeave={[Function]}
      onMouseUp={[Function]}
      style={Object {}}
    >
      <span
        className="c2"
      >
        <span
          checked={false}
          className="c3"
          style={Object {}}
        />
      </span>
      <span
        className="c4"
        style={Object {}}
      >
        Radio
      </span>
    </label>
  </div>
  <div
    className="c0"
  >
    <p>
      disabled
    </p>
    <label
      className="c5"
      disabled={true}
      onClick={[Function]}
      onMouseDown={[Function]}
      onMouseEnter={[Function]}
      onMouseLeave={[Function]}
      onMouseUp={[Function]}
      style={
        Object {
          "opacity": 1,
        }
      }
    >
      <span
        className="c2"
      >
        <span
          checked={false}
          className="c3"
          disabled={true}
          style={
            Object {
              "backgroundColor": "#f2f2f2",
              "borderBottomColor": "#e8e8e8",
              "borderBottomLeftRadius": "100%",
              "borderBottomRightRadius": "100%",
              "borderBottomStyle": "solid",
              "borderBottomWidth": "0.1rem",
              "borderLeftColor": "#e8e8e8",
              "borderLeftStyle": "solid",
              "borderLeftWidth": "0.1rem",
              "borderRightColor": "#e8e8e8",
              "borderRightStyle": "solid",
              "borderRightWidth": "0.1rem",
              "borderTopColor": "#e8e8e8",
              "borderTopLeftRadius": "100%",
              "borderTopRightRadius": "100%",
              "borderTopStyle": "solid",
              "borderTopWidth": "0.1rem",
            }
          }
        />
      </span>
      <span
        className="c4"
        style={
          Object {
            "color": "#cccccc",
          }
        }
      >
        Radio
      </span>
    </label>
    <label
      className="c5"
      disabled={true}
      onClick={[Function]}
      onMouseDown={[Function]}
      onMouseEnter={[Function]}
      onMouseLeave={[Function]}
      onMouseUp={[Function]}
      style={
        Object {
          "opacity": 1,
        }
      }
    >
      <span
        className="c2"
      >
        <span
          checked={true}
          className="c9"
          disabled={true}
          style={
            Object {
              "backgroundColor": "#f2f2f2",
              "borderBottomColor": "#e8e8e8",
              "borderBottomLeftRadius": "100%",
              "borderBottomRightRadius": "100%",
              "borderBottomStyle": "solid",
              "borderBottomWidth": "0.1rem",
              "borderLeftColor": "#e8e8e8",
              "borderLeftStyle": "solid",
              "borderLeftWidth": "0.1rem",
              "borderRightColor": "#e8e8e8",
              "borderRightStyle": "solid",
              "borderRightWidth": "0.1rem",
              "borderTopColor": "#e8e8e8",
              "borderTopLeftRadius": "100%",
              "borderTopRightRadius": "100%",
              "borderTopStyle": "solid",
              "borderTopWidth": "0.1rem",
              "height": "1.6rem",
              "width": "1.6rem",
            }
          }
        />
      </span>
      <span
        className="c4"
        style={
          Object {
            "color": "#cccccc",
          }
        }
      >
        Radio
      </span>
    </label>
  </div>
  <div
    className="c0"
  >
    <p>
      cancel
    </p>
    <label
      className="c5"
      onClick={[Function]}
      onMouseDown={[Function]}
      onMouseEnter={[Function]}
      onMouseLeave={[Function]}
      onMouseUp={[Function]}
      style={Object {}}
    >
      <span
        className="c2"
      >
        <span
          checked={true}
          className="c10"
          style={
            Object {
              "backgroundColor": "#fff",
              "borderBottomColor": "#c0c8ff",
              "borderBottomLeftRadius": "10rem",
              "borderBottomRightRadius": "10rem",
              "borderBottomStyle": "solid",
              "borderBottomWidth": "0.1rem",
              "borderLeftColor": "#c0c8ff",
              "borderLeftStyle": "solid",
              "borderLeftWidth": "0.1rem",
              "borderRightColor": "#c0c8ff",
              "borderRightStyle": "solid",
              "borderRightWidth": "0.1rem",
              "borderTopColor": "#c0c8ff",
              "borderTopLeftRadius": "10rem",
              "borderTopRightRadius": "10rem",
              "borderTopStyle": "solid",
              "borderTopWidth": "0.1rem",
              "height": "1.6rem",
              "width": "1.6rem",
            }
          }
        />
      </span>
      <span
        className="c4"
        style={Object {}}
      >
        Radio
      </span>
    </label>
  </div>
  <div
    className="c0"
  >
    <p>
      style default
    </p>
    <label
      className="c1"
      onClick={[Function]}
      onMouseDown={[Function]}
      onMouseEnter={[Function]}
      onMouseLeave={[Function]}
      onMouseUp={[Function]}
      style={Object {}}
    >
      <span
        className="c2"
      >
        <span
          checked={false}
          className="c3"
          style={Object {}}
        />
      </span>
      <span
        className="c4"
        style={Object {}}
      >
        Radio
      </span>
    </label>
    <label
      className="c1"
      onClick={[Function]}
      onMouseDown={[Function]}
      onMouseEnter={[Function]}
      onMouseLeave={[Function]}
      onMouseUp={[Function]}
      style={Object {}}
    >
      <span
        className="c2"
      >
        <span
          checked={false}
          className="c3"
          style={Object {}}
        />
      </span>
      <span
        className="c4"
        style={Object {}}
      >
        Radio
      </span>
    </label>
    <p>
      style vertical
    </p>
    <label
      className="c11"
      onClick={[Function]}
      onMouseDown={[Function]}
      onMouseEnter={[Function]}
      onMouseLeave={[Function]}
      onMouseUp={[Function]}
      style={Object {}}
    >
      <span
        className="c2"
      >
        <span
          checked={true}
          className="c8"
          style={
            Object {
              "backgroundColor": "#fff",
              "borderBottomColor": "#4d63ff",
              "borderBottomLeftRadius": "100%",
              "borderBottomRightRadius": "100%",
              "borderBottomStyle": "solid",
              "borderBottomWidth": "0.1rem",
              "borderLeftColor": "#4d63ff",
              "borderLeftStyle": "solid",
              "borderLeftWidth": "0.1rem",
              "borderRightColor": "#4d63ff",
              "borderRightStyle": "solid",
              "borderRightWidth": "0.1rem",
              "borderTopColor": "#4d63ff",
              "borderTopLeftRadius": "100%",
              "borderTopRightRadius": "100%",
              "borderTopStyle": "solid",
              "borderTopWidth": "0.1rem",
              "height": "1.6rem",
              "width": "1.6rem",
            }
          }
        />
      </span>
      <span
        className="c4"
        style={Object {}}
      >
        Radio
      </span>
    </label>
    <label
      className="c11"
      onClick={[Function]}
      onMouseDown={[Function]}
      onMouseEnter={[Function]}
      onMouseLeave={[Function]}
      onMouseUp={[Function]}
      style={Object {}}
    >
      <span
        className="c2"
      >
        <span
          checked={false}
          className="c3"
          style={Object {}}
        />
      </span>
      <span
        className="c4"
        style={Object {}}
      >
        Radio
      </span>
    </label>
  </div>
</div>
`;
