// Jest Snapshot v1, https://goo.gl/fbAQLP

exports[`Alert css 1`] = `
.c1 {
  position: relative;
  box-sizing: border-box;
  overflow: hidden;
  line-height: 1;
  border-radius: 0.4rem;
  opacity: 1;
}

.c7 {
  position: relative;
  box-sizing: border-box;
  overflow: hidden;
  line-height: 1.5;
  border-radius: 0.4rem;
  opacity: 1;
}

.c2 {
  vertical-align: text-bottom;
  color: #646A6E;
}

.c4 {
  overflow: hidden;
  position: absolute;
  top: 1.3rem;
  right: 1rem;
  font-size: 1.4rem;
}

.c8 {
  overflow: hidden;
  position: absolute;
  top: 2.4rem;
  right: 1rem;
  font-size: 1.4rem;
}

.c3 {
  display: block;
  color: #646A6E;
  font-size: 1.4rem;
  padding-top: 0rem;
  padding-bottom: 0rem;
  padding-left: 0rem;
  padding-right: 0rem;
}

.c5 {
  -webkit-user-select: none;
  -moz-user-select: none;
  -ms-user-select: none;
  user-select: none;
  cursor: pointer;
}

.c6 {
  -webkit-user-select: none;
  -moz-user-select: none;
  -ms-user-select: none;
  user-select: none;
  cursor: pointer;
  position: absolute;
  top: 1.2rem;
  left: 1rem;
}

.c9 {
  -webkit-user-select: none;
  -moz-user-select: none;
  -ms-user-select: none;
  user-select: none;
  cursor: pointer;
  position: absolute;
  top: 2rem;
  left: 1rem;
}

.c0 {
  margin: 50px;
}

.c0 > div {
  margin-bottom: 16px;
}

<div
  className="c0"
>
  <div
    className="c1"
    height={null}
    style={
      Object {
        "backgroundColor": "rgba(77,99,255,0.1)",
        "borderBottomLeftRadius": "0.4rem",
        "borderBottomRightRadius": "0.4rem",
        "borderLeftColor": "#4d63ff",
        "borderLeftStyle": "solid",
        "borderLeftWidth": "0.4rem",
        "borderTopLeftRadius": "0.4rem",
        "borderTopRightRadius": "0.4rem",
        "paddingBottom": "1.2rem",
        "paddingLeft": "1rem",
        "paddingRight": "1rem",
        "paddingTop": "1.2rem",
      }
    }
    type="info"
  >
    <span
      className="c2"
      style={
        Object {
          "color": "#646A6E",
          "fontSize": "1.4rem",
        }
      }
    >
      Alert-info
    </span>
    <span
      className="c3"
      style={Object {}}
    />
  </div>
  <div
    className="c1"
    height={null}
    style={
      Object {
        "backgroundColor": "rgba(86,194,45,0.1)",
        "borderBottomLeftRadius": "0.4rem",
        "borderBottomRightRadius": "0.4rem",
        "borderLeftColor": "#56c22d",
        "borderLeftStyle": "solid",
        "borderLeftWidth": "0.4rem",
        "borderTopLeftRadius": "0.4rem",
        "borderTopRightRadius": "0.4rem",
        "paddingBottom": "1.2rem",
        "paddingLeft": "1rem",
        "paddingRight": "1rem",
        "paddingTop": "1.2rem",
      }
    }
    type="success"
  >
    <span
      className="c2"
      style={
        Object {
          "color": "#646A6E",
          "fontSize": "1.4rem",
        }
      }
    >
      Alert-success
    </span>
    <span
      className="c3"
      style={Object {}}
    />
  </div>
  <div
    className="c1"
    height={null}
    style={
      Object {
        "backgroundColor": "rgba(242,39,53,0.1)",
        "borderBottomLeftRadius": "0.4rem",
        "borderBottomRightRadius": "0.4rem",
        "borderLeftColor": "#f22735",
        "borderLeftStyle": "solid",
        "borderLeftWidth": "0.4rem",
        "borderTopLeftRadius": "0.4rem",
        "borderTopRightRadius": "0.4rem",
        "paddingBottom": "1.2rem",
        "paddingLeft": "1rem",
        "paddingRight": "1rem",
        "paddingTop": "1.2rem",
      }
    }
    type="error"
  >
    <span
      className="c2"
      style={
        Object {
          "color": "#646A6E",
          "fontSize": "1.4rem",
        }
      }
    >
      Alert-error
    </span>
    <span
      className="c3"
      style={Object {}}
    />
  </div>
  <div
    className="c1"
    height={null}
    style={
      Object {
        "backgroundColor": "rgba(248,172,48,0.1)",
        "borderBottomLeftRadius": "0.4rem",
        "borderBottomRightRadius": "0.4rem",
        "borderLeftColor": "#f8ac30",
        "borderLeftStyle": "solid",
        "borderLeftWidth": "0.4rem",
        "borderTopLeftRadius": "0.4rem",
        "borderTopRightRadius": "0.4rem",
        "paddingBottom": "1.2rem",
        "paddingLeft": "1rem",
        "paddingRight": "1rem",
        "paddingTop": "1.2rem",
      }
    }
    type="warning"
  >
    <span
      className="c2"
      style={
        Object {
          "color": "#646A6E",
          "fontSize": "1.4rem",
        }
      }
    >
      Alert-warning
    </span>
    <span
      className="c3"
      style={Object {}}
    />
  </div>
  <div
    className="c1"
    height={null}
    style={
      Object {
        "backgroundColor": "rgba(77,99,255,0.1)",
        "borderBottomLeftRadius": "0.4rem",
        "borderBottomRightRadius": "0.4rem",
        "borderLeftColor": "#4d63ff",
        "borderLeftStyle": "solid",
        "borderLeftWidth": "0.4rem",
        "borderTopLeftRadius": "0.4rem",
        "borderTopRightRadius": "0.4rem",
        "paddingBottom": "1.2rem",
        "paddingLeft": "1rem",
        "paddingRight": "1rem",
        "paddingTop": "1.2rem",
      }
    }
    type="info"
  >
    <span
      className="c2"
      style={
        Object {
          "color": "#646A6E",
          "fontSize": "1.4rem",
        }
      }
    >
      Alert-info
    </span>
    <span
      className="c3"
      style={Object {}}
    />
    <a
      className="c4"
      onBlur={[Function]}
      onClick={[Function]}
      onFocus={[Function]}
      onMouseDown={[Function]}
      onMouseEnter={[Function]}
      onMouseLeave={[Function]}
      onMouseUp={[Function]}
      style={Object {}}
      type="info"
    >
      <i
        className="lugia-icon-reminder_close   c5"
        onClick={[Function]}
        onMouseDown={[Function]}
        onMouseEnter={[Function]}
        onMouseLeave={[Function]}
        onMouseUp={[Function]}
        style={
          Object {
            "color": "#9EA4AE",
            "fontSize": "1.4rem",
          }
        }
      />
    </a>
  </div>
  <div
    className="c1"
    height={null}
    style={
      Object {
        "backgroundColor": "rgba(86,194,45,0.1)",
        "borderBottomLeftRadius": "0.4rem",
        "borderBottomRightRadius": "0.4rem",
        "borderLeftColor": "#56c22d",
        "borderLeftStyle": "solid",
        "borderLeftWidth": "0.4rem",
        "borderTopLeftRadius": "0.4rem",
        "borderTopRightRadius": "0.4rem",
        "paddingBottom": "1.2rem",
        "paddingLeft": "1rem",
        "paddingRight": "1rem",
        "paddingTop": "1.2rem",
      }
    }
    type="success"
  >
    <span
      className="c2"
      style={
        Object {
          "color": "#646A6E",
          "fontSize": "1.4rem",
        }
      }
    >
      Alert-success
    </span>
    <span
      className="c3"
      style={Object {}}
    />
    <a
      className="c4"
      onBlur={[Function]}
      onClick={[Function]}
      onFocus={[Function]}
      onMouseDown={[Function]}
      onMouseEnter={[Function]}
      onMouseLeave={[Function]}
      onMouseUp={[Function]}
      style={Object {}}
      type="success"
    >
      <i
        className="lugia-icon-reminder_close   c5"
        onClick={[Function]}
        onMouseDown={[Function]}
        onMouseEnter={[Function]}
        onMouseLeave={[Function]}
        onMouseUp={[Function]}
        style={
          Object {
            "color": "#9EA4AE",
            "fontSize": "1.4rem",
          }
        }
      />
    </a>
  </div>
  <div
    className="c1"
    height={null}
    style={
      Object {
        "backgroundColor": "rgba(242,39,53,0.1)",
        "borderBottomLeftRadius": "0.4rem",
        "borderBottomRightRadius": "0.4rem",
        "borderLeftColor": "#f22735",
        "borderLeftStyle": "solid",
        "borderLeftWidth": "0.4rem",
        "borderTopLeftRadius": "0.4rem",
        "borderTopRightRadius": "0.4rem",
        "paddingBottom": "1.2rem",
        "paddingLeft": "1rem",
        "paddingRight": "1rem",
        "paddingTop": "1.2rem",
      }
    }
    type="error"
  >
    <span
      className="c2"
      style={
        Object {
          "color": "#646A6E",
          "fontSize": "1.4rem",
        }
      }
    >
      Alert-error
    </span>
    <span
      className="c3"
      style={Object {}}
    />
    <a
      className="c4"
      onBlur={[Function]}
      onClick={[Function]}
      onFocus={[Function]}
      onMouseDown={[Function]}
      onMouseEnter={[Function]}
      onMouseLeave={[Function]}
      onMouseUp={[Function]}
      style={
        Object {
          "color": "#f22735",
        }
      }
      type="error"
    >
      确定
    </a>
  </div>
  <div
    className="c1"
    height={null}
    style={
      Object {
        "backgroundColor": "rgba(248,172,48,0.1)",
        "borderBottomLeftRadius": "0.4rem",
        "borderBottomRightRadius": "0.4rem",
        "borderLeftColor": "#f8ac30",
        "borderLeftStyle": "solid",
        "borderLeftWidth": "0.4rem",
        "borderTopLeftRadius": "0.4rem",
        "borderTopRightRadius": "0.4rem",
        "paddingBottom": "1.2rem",
        "paddingLeft": "1rem",
        "paddingRight": "1rem",
        "paddingTop": "1.2rem",
      }
    }
    type="warning"
  >
    <span
      className="c2"
      style={
        Object {
          "color": "#646A6E",
          "fontSize": "1.4rem",
        }
      }
    >
      Alert-warning
    </span>
    <span
      className="c3"
      style={Object {}}
    />
    <a
      className="c4"
      onBlur={[Function]}
      onClick={[Function]}
      onFocus={[Function]}
      onMouseDown={[Function]}
      onMouseEnter={[Function]}
      onMouseLeave={[Function]}
      onMouseUp={[Function]}
      style={
        Object {
          "color": "#f8ac30",
        }
      }
      type="warning"
    >
      ok
    </a>
  </div>
  <div
    className="c1"
    height={null}
    style={
      Object {
        "backgroundColor": "rgba(77,99,255,0.1)",
        "borderBottomLeftRadius": "0.4rem",
        "borderBottomRightRadius": "0.4rem",
        "borderLeftColor": "#4d63ff",
        "borderLeftStyle": "solid",
        "borderLeftWidth": "0.4rem",
        "borderTopLeftRadius": "0.4rem",
        "borderTopRightRadius": "0.4rem",
        "paddingBottom": "1.2rem",
        "paddingLeft": "3.4rem",
        "paddingRight": "1rem",
        "paddingTop": "1.2rem",
      }
    }
    type="info"
  >
    <i
      className="lugia-icon-reminder_info_circle_o   c6"
      onClick={[Function]}
      onMouseDown={[Function]}
      onMouseEnter={[Function]}
      onMouseLeave={[Function]}
      onMouseUp={[Function]}
      style={
        Object {
          "color": "#4d63ff",
          "cursor": "default",
          "fontSize": "1.4rem",
        }
      }
    />
    <span
      className="c2"
      style={
        Object {
          "color": "#646A6E",
          "fontSize": "1.4rem",
        }
      }
    >
      Alert-info
    </span>
    <span
      className="c3"
      style={Object {}}
    />
  </div>
  <div
    className="c1"
    height={null}
    style={
      Object {
        "backgroundColor": "rgba(86,194,45,0.1)",
        "borderBottomLeftRadius": "0.4rem",
        "borderBottomRightRadius": "0.4rem",
        "borderLeftColor": "#56c22d",
        "borderLeftStyle": "solid",
        "borderLeftWidth": "0.4rem",
        "borderTopLeftRadius": "0.4rem",
        "borderTopRightRadius": "0.4rem",
        "paddingBottom": "1.2rem",
        "paddingLeft": "3.4rem",
        "paddingRight": "1rem",
        "paddingTop": "1.2rem",
      }
    }
    type="success"
  >
    <i
      className="lugia-icon-reminder_check_circle_o   c6"
      onClick={[Function]}
      onMouseDown={[Function]}
      onMouseEnter={[Function]}
      onMouseLeave={[Function]}
      onMouseUp={[Function]}
      style={
        Object {
          "color": "#56c22d",
          "cursor": "default",
          "fontSize": "1.4rem",
        }
      }
    />
    <span
      className="c2"
      style={
        Object {
          "color": "#646A6E",
          "fontSize": "1.4rem",
        }
      }
    >
      Alert-success
    </span>
    <span
      className="c3"
      style={Object {}}
    />
  </div>
  <div
    className="c1"
    height={null}
    style={
      Object {
        "backgroundColor": "rgba(242,39,53,0.1)",
        "borderBottomLeftRadius": "0.4rem",
        "borderBottomRightRadius": "0.4rem",
        "borderLeftColor": "#f22735",
        "borderLeftStyle": "solid",
        "borderLeftWidth": "0.4rem",
        "borderTopLeftRadius": "0.4rem",
        "borderTopRightRadius": "0.4rem",
        "paddingBottom": "1.2rem",
        "paddingLeft": "3.4rem",
        "paddingRight": "1rem",
        "paddingTop": "1.2rem",
      }
    }
    type="error"
  >
    <i
      className="lugia-icon-reminder_close_circle_o   c6"
      onClick={[Function]}
      onMouseDown={[Function]}
      onMouseEnter={[Function]}
      onMouseLeave={[Function]}
      onMouseUp={[Function]}
      style={
        Object {
          "color": "#f22735",
          "cursor": "default",
          "fontSize": "1.4rem",
        }
      }
    />
    <span
      className="c2"
      style={
        Object {
          "color": "#646A6E",
          "fontSize": "1.4rem",
        }
      }
    >
      Alert-error
    </span>
    <span
      className="c3"
      style={Object {}}
    />
  </div>
  <div
    className="c1"
    height={null}
    style={
      Object {
        "backgroundColor": "rgba(248,172,48,0.1)",
        "borderBottomLeftRadius": "0.4rem",
        "borderBottomRightRadius": "0.4rem",
        "borderLeftColor": "#f8ac30",
        "borderLeftStyle": "solid",
        "borderLeftWidth": "0.4rem",
        "borderTopLeftRadius": "0.4rem",
        "borderTopRightRadius": "0.4rem",
        "paddingBottom": "1.2rem",
        "paddingLeft": "3.4rem",
        "paddingRight": "1rem",
        "paddingTop": "1.2rem",
      }
    }
    type="warning"
  >
    <i
      className="lugia-icon-reminder_exclamation_circle_o   c6"
      onClick={[Function]}
      onMouseDown={[Function]}
      onMouseEnter={[Function]}
      onMouseLeave={[Function]}
      onMouseUp={[Function]}
      style={
        Object {
          "color": "#f8ac30",
          "cursor": "default",
          "fontSize": "1.4rem",
        }
      }
    />
    <span
      className="c2"
      style={
        Object {
          "color": "#646A6E",
          "fontSize": "1.4rem",
        }
      }
    >
      Alert-warning
    </span>
    <span
      className="c3"
      style={Object {}}
    />
  </div>
  <div
    className="c7"
    height={null}
    style={
      Object {
        "backgroundColor": "rgba(77,99,255,0.1)",
        "borderBottomLeftRadius": "0.4rem",
        "borderBottomRightRadius": "0.4rem",
        "borderLeftColor": "#4d63ff",
        "borderLeftStyle": "solid",
        "borderLeftWidth": "0.4rem",
        "borderTopLeftRadius": "0.4rem",
        "borderTopRightRadius": "0.4rem",
        "paddingBottom": "1.8rem",
        "paddingLeft": "1rem",
        "paddingRight": "1rem",
        "paddingTop": "1.8rem",
      }
    }
    type="info"
  >
    <span
      className="c2"
      style={
        Object {
          "color": "#363B40",
          "fontSize": "1.8rem",
        }
      }
    >
      Alert-info
    </span>
    <span
      className="c3"
      style={Object {}}
    >
      这是辅助性文字介绍
    </span>
    <a
      className="c8"
      onBlur={[Function]}
      onClick={[Function]}
      onFocus={[Function]}
      onMouseDown={[Function]}
      onMouseEnter={[Function]}
      onMouseLeave={[Function]}
      onMouseUp={[Function]}
      style={Object {}}
      type="info"
    >
      <i
        className="lugia-icon-reminder_close   c5"
        onClick={[Function]}
        onMouseDown={[Function]}
        onMouseEnter={[Function]}
        onMouseLeave={[Function]}
        onMouseUp={[Function]}
        style={
          Object {
            "color": "#9EA4AE",
            "fontSize": "1.4rem",
          }
        }
      />
    </a>
  </div>
  <div
    className="c7"
    height={null}
    style={
      Object {
        "backgroundColor": "rgba(86,194,45,0.1)",
        "borderBottomLeftRadius": "0.4rem",
        "borderBottomRightRadius": "0.4rem",
        "borderLeftColor": "#56c22d",
        "borderLeftStyle": "solid",
        "borderLeftWidth": "0.4rem",
        "borderTopLeftRadius": "0.4rem",
        "borderTopRightRadius": "0.4rem",
        "paddingBottom": "1.8rem",
        "paddingLeft": "1rem",
        "paddingRight": "1rem",
        "paddingTop": "1.8rem",
      }
    }
    type="success"
  >
    <span
      className="c2"
      style={
        Object {
          "color": "#363B40",
          "fontSize": "1.8rem",
        }
      }
    >
      Alert-success
    </span>
    <span
      className="c3"
      style={Object {}}
    >
      这是辅助性文字介绍
    </span>
    <a
      className="c8"
      onBlur={[Function]}
      onClick={[Function]}
      onFocus={[Function]}
      onMouseDown={[Function]}
      onMouseEnter={[Function]}
      onMouseLeave={[Function]}
      onMouseUp={[Function]}
      style={Object {}}
      type="success"
    >
      <i
        className="lugia-icon-reminder_close   c5"
        onClick={[Function]}
        onMouseDown={[Function]}
        onMouseEnter={[Function]}
        onMouseLeave={[Function]}
        onMouseUp={[Function]}
        style={
          Object {
            "color": "#9EA4AE",
            "fontSize": "1.4rem",
          }
        }
      />
    </a>
  </div>
  <div
    className="c7"
    height={null}
    style={
      Object {
        "backgroundColor": "rgba(242,39,53,0.1)",
        "borderBottomLeftRadius": "0.4rem",
        "borderBottomRightRadius": "0.4rem",
        "borderLeftColor": "#f22735",
        "borderLeftStyle": "solid",
        "borderLeftWidth": "0.4rem",
        "borderTopLeftRadius": "0.4rem",
        "borderTopRightRadius": "0.4rem",
        "paddingBottom": "1.8rem",
        "paddingLeft": "1rem",
        "paddingRight": "1rem",
        "paddingTop": "1.8rem",
      }
    }
    type="error"
  >
    <span
      className="c2"
      style={
        Object {
          "color": "#363B40",
          "fontSize": "1.8rem",
        }
      }
    >
      Alert-error
    </span>
    <span
      className="c3"
      style={Object {}}
    >
      这是辅助性文字介绍
    </span>
    <a
      className="c8"
      onBlur={[Function]}
      onClick={[Function]}
      onFocus={[Function]}
      onMouseDown={[Function]}
      onMouseEnter={[Function]}
      onMouseLeave={[Function]}
      onMouseUp={[Function]}
      style={
        Object {
          "color": "#f22735",
        }
      }
      type="error"
    >
      确定
    </a>
  </div>
  <div
    className="c7"
    height={null}
    style={
      Object {
        "backgroundColor": "rgba(248,172,48,0.1)",
        "borderBottomLeftRadius": "0.4rem",
        "borderBottomRightRadius": "0.4rem",
        "borderLeftColor": "#f8ac30",
        "borderLeftStyle": "solid",
        "borderLeftWidth": "0.4rem",
        "borderTopLeftRadius": "0.4rem",
        "borderTopRightRadius": "0.4rem",
        "paddingBottom": "1.8rem",
        "paddingLeft": "1rem",
        "paddingRight": "1rem",
        "paddingTop": "1.8rem",
      }
    }
    type="warning"
  >
    <span
      className="c2"
      style={
        Object {
          "color": "#363B40",
          "fontSize": "1.8rem",
        }
      }
    >
      Alert-warning
    </span>
    <span
      className="c3"
      style={Object {}}
    >
      这是辅助性文字介绍
    </span>
    <a
      className="c8"
      onBlur={[Function]}
      onClick={[Function]}
      onFocus={[Function]}
      onMouseDown={[Function]}
      onMouseEnter={[Function]}
      onMouseLeave={[Function]}
      onMouseUp={[Function]}
      style={
        Object {
          "color": "#f8ac30",
        }
      }
      type="warning"
    >
      ok
    </a>
  </div>
  <div
    className="c7"
    height={null}
    style={
      Object {
        "backgroundColor": "rgba(77,99,255,0.1)",
        "borderBottomLeftRadius": "0.4rem",
        "borderBottomRightRadius": "0.4rem",
        "borderLeftColor": "#4d63ff",
        "borderLeftStyle": "solid",
        "borderLeftWidth": "0.4rem",
        "borderTopLeftRadius": "0.4rem",
        "borderTopRightRadius": "0.4rem",
        "paddingBottom": "1.8rem",
        "paddingLeft": "3.4rem",
        "paddingRight": "1rem",
        "paddingTop": "1.8rem",
      }
    }
    type="info"
  >
    <i
      className="lugia-icon-reminder_info_circle_o   c9"
      onClick={[Function]}
      onMouseDown={[Function]}
      onMouseEnter={[Function]}
      onMouseLeave={[Function]}
      onMouseUp={[Function]}
      style={
        Object {
          "color": "#4d63ff",
          "cursor": "default",
          "fontSize": "1.8rem",
        }
      }
    />
    <span
      className="c2"
      style={
        Object {
          "color": "#363B40",
          "fontSize": "1.8rem",
        }
      }
    >
      Alert-info
    </span>
    <span
      className="c3"
      style={Object {}}
    >
      这是辅助性文字介绍
    </span>
    <a
      className="c8"
      onBlur={[Function]}
      onClick={[Function]}
      onFocus={[Function]}
      onMouseDown={[Function]}
      onMouseEnter={[Function]}
      onMouseLeave={[Function]}
      onMouseUp={[Function]}
      style={Object {}}
      type="info"
    >
      <i
        className="lugia-icon-reminder_close   c5"
        onClick={[Function]}
        onMouseDown={[Function]}
        onMouseEnter={[Function]}
        onMouseLeave={[Function]}
        onMouseUp={[Function]}
        style={
          Object {
            "color": "#9EA4AE",
            "fontSize": "1.4rem",
          }
        }
      />
    </a>
  </div>
  <div
    className="c7"
    height={null}
    style={
      Object {
        "backgroundColor": "rgba(86,194,45,0.1)",
        "borderBottomLeftRadius": "0.4rem",
        "borderBottomRightRadius": "0.4rem",
        "borderLeftColor": "#56c22d",
        "borderLeftStyle": "solid",
        "borderLeftWidth": "0.4rem",
        "borderTopLeftRadius": "0.4rem",
        "borderTopRightRadius": "0.4rem",
        "paddingBottom": "1.8rem",
        "paddingLeft": "3.4rem",
        "paddingRight": "1rem",
        "paddingTop": "1.8rem",
      }
    }
    type="success"
  >
    <i
      className="lugia-icon-reminder_check_circle_o   c9"
      onClick={[Function]}
      onMouseDown={[Function]}
      onMouseEnter={[Function]}
      onMouseLeave={[Function]}
      onMouseUp={[Function]}
      style={
        Object {
          "color": "#56c22d",
          "cursor": "default",
          "fontSize": "1.8rem",
        }
      }
    />
    <span
      className="c2"
      style={
        Object {
          "color": "#363B40",
          "fontSize": "1.8rem",
        }
      }
    >
      Alert-success
    </span>
    <span
      className="c3"
      style={Object {}}
    >
      这是辅助性文字介绍
    </span>
    <a
      className="c8"
      onBlur={[Function]}
      onClick={[Function]}
      onFocus={[Function]}
      onMouseDown={[Function]}
      onMouseEnter={[Function]}
      onMouseLeave={[Function]}
      onMouseUp={[Function]}
      style={Object {}}
      type="success"
    >
      <i
        className="lugia-icon-reminder_close   c5"
        onClick={[Function]}
        onMouseDown={[Function]}
        onMouseEnter={[Function]}
        onMouseLeave={[Function]}
        onMouseUp={[Function]}
        style={
          Object {
            "color": "#9EA4AE",
            "fontSize": "1.4rem",
          }
        }
      />
    </a>
  </div>
  <div
    className="c7"
    height={null}
    style={
      Object {
        "backgroundColor": "rgba(242,39,53,0.1)",
        "borderBottomLeftRadius": "0.4rem",
        "borderBottomRightRadius": "0.4rem",
        "borderLeftColor": "#f22735",
        "borderLeftStyle": "solid",
        "borderLeftWidth": "0.4rem",
        "borderTopLeftRadius": "0.4rem",
        "borderTopRightRadius": "0.4rem",
        "paddingBottom": "1.8rem",
        "paddingLeft": "3.4rem",
        "paddingRight": "1rem",
        "paddingTop": "1.8rem",
      }
    }
    type="error"
  >
    <i
      className="lugia-icon-reminder_close_circle_o   c9"
      onClick={[Function]}
      onMouseDown={[Function]}
      onMouseEnter={[Function]}
      onMouseLeave={[Function]}
      onMouseUp={[Function]}
      style={
        Object {
          "color": "#f22735",
          "cursor": "default",
          "fontSize": "1.8rem",
        }
      }
    />
    <span
      className="c2"
      style={
        Object {
          "color": "#363B40",
          "fontSize": "1.8rem",
        }
      }
    >
      Alert-error
    </span>
    <span
      className="c3"
      style={Object {}}
    >
      这是辅助性文字介绍
    </span>
    <a
      className="c8"
      onBlur={[Function]}
      onClick={[Function]}
      onFocus={[Function]}
      onMouseDown={[Function]}
      onMouseEnter={[Function]}
      onMouseLeave={[Function]}
      onMouseUp={[Function]}
      style={
        Object {
          "color": "#f22735",
        }
      }
      type="error"
    >
      确定
    </a>
  </div>
  <div
    className="c7"
    height={null}
    style={
      Object {
        "backgroundColor": "rgba(248,172,48,0.1)",
        "borderBottomLeftRadius": "0.4rem",
        "borderBottomRightRadius": "0.4rem",
        "borderLeftColor": "#f8ac30",
        "borderLeftStyle": "solid",
        "borderLeftWidth": "0.4rem",
        "borderTopLeftRadius": "0.4rem",
        "borderTopRightRadius": "0.4rem",
        "paddingBottom": "1.8rem",
        "paddingLeft": "3.4rem",
        "paddingRight": "1rem",
        "paddingTop": "1.8rem",
      }
    }
    type="warning"
  >
    <i
      className="lugia-icon-reminder_exclamation_circle_o   c9"
      onClick={[Function]}
      onMouseDown={[Function]}
      onMouseEnter={[Function]}
      onMouseLeave={[Function]}
      onMouseUp={[Function]}
      style={
        Object {
          "color": "#f8ac30",
          "cursor": "default",
          "fontSize": "1.8rem",
        }
      }
    />
    <span
      className="c2"
      style={
        Object {
          "color": "#363B40",
          "fontSize": "1.8rem",
        }
      }
    >
      Alert-warning
    </span>
    <span
      className="c3"
      style={Object {}}
    >
      这是辅助性文字介绍
    </span>
    <a
      className="c8"
      onBlur={[Function]}
      onClick={[Function]}
      onFocus={[Function]}
      onMouseDown={[Function]}
      onMouseEnter={[Function]}
      onMouseLeave={[Function]}
      onMouseUp={[Function]}
      style={
        Object {
          "color": "#f8ac30",
        }
      }
      type="warning"
    >
      ok
    </a>
  </div>
  <div
    className="c1"
    height={null}
    style={
      Object {
        "backgroundColor": "rgba(77,99,255,0.1)",
        "borderBottomLeftRadius": "0.4rem",
        "borderBottomRightRadius": "0.4rem",
        "borderLeftColor": "#4d63ff",
        "borderLeftStyle": "solid",
        "borderLeftWidth": "0.4rem",
        "borderTopLeftRadius": "0.4rem",
        "borderTopRightRadius": "0.4rem",
        "paddingBottom": "1.2rem",
        "paddingLeft": "3.4rem",
        "paddingRight": "1rem",
        "paddingTop": "1.2rem",
      }
    }
    type="info"
  >
    <i
      className="lugia-icon-logo_twitter   c6"
      onClick={[Function]}
      onMouseDown={[Function]}
      onMouseEnter={[Function]}
      onMouseLeave={[Function]}
      onMouseUp={[Function]}
      style={
        Object {
          "color": "#4d63ff",
          "cursor": "default",
          "fontSize": "1.4rem",
        }
      }
    />
    <span
      className="c2"
      style={
        Object {
          "color": "#646A6E",
          "fontSize": "1.4rem",
        }
      }
    >
      Alert-info
    </span>
    <span
      className="c3"
      style={Object {}}
    />
  </div>
  <p>
    Theme
  </p>
  <div
    className="c1"
    height={null}
    style={
      Object {
        "backgroundColor": "orange",
        "borderBottomLeftRadius": "0.4rem",
        "borderBottomRightRadius": "0.4rem",
        "borderLeftColor": "red",
        "borderLeftStyle": "solid",
        "borderLeftWidth": "0.4rem",
        "borderTopLeftRadius": "0.4rem",
        "borderTopRightRadius": "0.4rem",
        "boxShadow": "undefinedpx undefinedpx 0px 0px",
        "height": "20rem",
        "marginBottom": "1rem",
        "marginLeft": "1rem",
        "marginRight": "1rem",
        "marginTop": "1rem",
        "opacity": 0.8,
        "paddingBottom": "1.2rem",
        "paddingLeft": "5rem",
        "paddingRight": "1rem",
        "paddingTop": "1.2rem",
        "width": "20rem",
      }
    }
    type="info"
  >
    <span
      className="c2"
      style={
        Object {
          "color": "green",
          "fontSize": "1.8rem",
          "fontWeight": 500,
        }
      }
    >
      Alert-info
    </span>
    <span
      className="c3"
      style={
        Object {
          "color": "pink",
          "fontSize": "1.4rem",
          "fontWeight": 500,
          "paddingBottom": "1rem",
          "paddingLeft": "1rem",
          "paddingRight": "1rem",
          "paddingTop": "1rem",
        }
      }
    />
  </div>
  <div
    className="c1"
    height={null}
    style={
      Object {
        "backgroundColor": "orange",
        "borderBottomLeftRadius": "0.4rem",
        "borderBottomRightRadius": "0.4rem",
        "borderLeftColor": "red",
        "borderLeftStyle": "solid",
        "borderLeftWidth": "0.4rem",
        "borderTopLeftRadius": "0.4rem",
        "borderTopRightRadius": "0.4rem",
        "boxShadow": "undefinedpx undefinedpx 0px 0px",
        "height": "20rem",
        "marginBottom": "1rem",
        "marginLeft": "1rem",
        "marginRight": "1rem",
        "marginTop": "1rem",
        "opacity": 0.8,
        "paddingBottom": "1.2rem",
        "paddingLeft": "5rem",
        "paddingRight": "1rem",
        "paddingTop": "1.2rem",
        "width": "20rem",
      }
    }
    type="info"
  >
    <i
      className="lugia-icon-reminder_info_circle_o   c6"
      onClick={[Function]}
      onMouseDown={[Function]}
      onMouseEnter={[Function]}
      onMouseLeave={[Function]}
      onMouseUp={[Function]}
      style={
        Object {
          "color": "green",
          "cursor": "default",
          "fontSize": "1.4rem",
        }
      }
    />
    <span
      className="c2"
      style={
        Object {
          "color": "green",
          "fontSize": "1.8rem",
          "fontWeight": 500,
        }
      }
    >
      Alert-info
    </span>
    <span
      className="c3"
      style={
        Object {
          "color": "pink",
          "fontSize": "1.4rem",
          "fontWeight": 500,
          "paddingBottom": "1rem",
          "paddingLeft": "1rem",
          "paddingRight": "1rem",
          "paddingTop": "1rem",
        }
      }
    />
  </div>
  <div
    className="c1"
    height={null}
    style={
      Object {
        "backgroundColor": "orange",
        "borderBottomLeftRadius": "0.4rem",
        "borderBottomRightRadius": "0.4rem",
        "borderLeftColor": "red",
        "borderLeftStyle": "solid",
        "borderLeftWidth": "0.4rem",
        "borderTopLeftRadius": "0.4rem",
        "borderTopRightRadius": "0.4rem",
        "boxShadow": "undefinedpx undefinedpx 0px 0px",
        "height": "20rem",
        "marginBottom": "1rem",
        "marginLeft": "1rem",
        "marginRight": "1rem",
        "marginTop": "1rem",
        "opacity": 0.8,
        "paddingBottom": "1.2rem",
        "paddingLeft": "5rem",
        "paddingRight": "1rem",
        "paddingTop": "1.2rem",
        "width": "20rem",
      }
    }
    type="info"
  >
    <i
      className="lugia-icon-reminder_info_circle_o   c6"
      onClick={[Function]}
      onMouseDown={[Function]}
      onMouseEnter={[Function]}
      onMouseLeave={[Function]}
      onMouseUp={[Function]}
      style={
        Object {
          "color": "green",
          "cursor": "default",
          "fontSize": "1.4rem",
        }
      }
    />
    <span
      className="c2"
      style={
        Object {
          "color": "green",
          "fontSize": "1.8rem",
          "fontWeight": 500,
        }
      }
    >
      Alert-info
    </span>
    <span
      className="c3"
      style={
        Object {
          "color": "pink",
          "fontSize": "1.4rem",
          "fontWeight": 500,
          "paddingBottom": "1rem",
          "paddingLeft": "1rem",
          "paddingRight": "1rem",
          "paddingTop": "1rem",
        }
      }
    />
    <a
      className="c4"
      onBlur={[Function]}
      onClick={[Function]}
      onFocus={[Function]}
      onMouseDown={[Function]}
      onMouseEnter={[Function]}
      onMouseLeave={[Function]}
      onMouseUp={[Function]}
      style={
        Object {
          "color": "green",
          "fontSize": "1.6rem",
          "fontWeight": 500,
        }
      }
      type="info"
    >
      ok
    </a>
  </div>
  <div
    className="c7"
    height={null}
    style={
      Object {
        "backgroundColor": "orange",
        "borderBottomLeftRadius": "0.4rem",
        "borderBottomRightRadius": "0.4rem",
        "borderLeftColor": "red",
        "borderLeftStyle": "solid",
        "borderLeftWidth": "0.4rem",
        "borderTopLeftRadius": "0.4rem",
        "borderTopRightRadius": "0.4rem",
        "boxShadow": "undefinedpx undefinedpx 0px 0px",
        "height": "20rem",
        "marginBottom": "1rem",
        "marginLeft": "1rem",
        "marginRight": "1rem",
        "marginTop": "1rem",
        "opacity": 0.8,
        "paddingBottom": "1.8rem",
        "paddingLeft": "5rem",
        "paddingRight": "1rem",
        "paddingTop": "1.8rem",
        "width": "20rem",
      }
    }
    type="info"
  >
    <i
      className="lugia-icon-reminder_info_circle_o   c9"
      onClick={[Function]}
      onMouseDown={[Function]}
      onMouseEnter={[Function]}
      onMouseLeave={[Function]}
      onMouseUp={[Function]}
      style={
        Object {
          "color": "green",
          "cursor": "default",
          "fontSize": "1.8rem",
        }
      }
    />
    <span
      className="c2"
      style={
        Object {
          "color": "green",
          "fontSize": "1.8rem",
          "fontWeight": 500,
        }
      }
    >
      Alert-info
    </span>
    <span
      className="c3"
      style={
        Object {
          "color": "pink",
          "fontSize": "1.4rem",
          "fontWeight": 500,
          "paddingBottom": "1rem",
          "paddingLeft": "1rem",
          "paddingRight": "1rem",
          "paddingTop": "1rem",
        }
      }
    >
      这是辅助性文字介绍
    </span>
    <a
      className="c8"
      onBlur={[Function]}
      onClick={[Function]}
      onFocus={[Function]}
      onMouseDown={[Function]}
      onMouseEnter={[Function]}
      onMouseLeave={[Function]}
      onMouseUp={[Function]}
      style={
        Object {
          "color": "green",
          "fontSize": "1.6rem",
          "fontWeight": 500,
        }
      }
      type="info"
    >
      <i
        className="lugia-icon-reminder_close   c5"
        onClick={[Function]}
        onMouseDown={[Function]}
        onMouseEnter={[Function]}
        onMouseLeave={[Function]}
        onMouseUp={[Function]}
        style={
          Object {
            "color": "#9EA4AE",
            "fontSize": "1.4rem",
          }
        }
      />
    </a>
  </div>
  <div
    className="c1"
    height={null}
    style={
      Object {
        "backgroundColor": "orange",
        "borderBottomLeftRadius": "0.4rem",
        "borderBottomRightRadius": "0.4rem",
        "borderLeftColor": "red",
        "borderLeftStyle": "solid",
        "borderLeftWidth": "0.4rem",
        "borderTopLeftRadius": "0.4rem",
        "borderTopRightRadius": "0.4rem",
        "boxShadow": "undefinedpx undefinedpx 0px 0px",
        "height": "20rem",
        "marginBottom": "1rem",
        "marginLeft": "1rem",
        "marginRight": "1rem",
        "marginTop": "1rem",
        "opacity": 0.8,
        "paddingBottom": "1.2rem",
        "paddingLeft": "5rem",
        "paddingRight": "1rem",
        "paddingTop": "1.2rem",
        "width": "20rem",
      }
    }
    type="error"
  >
    <span
      className="c2"
      style={
        Object {
          "color": "green",
          "fontSize": "1.8rem",
          "fontWeight": 500,
        }
      }
    >
      Alert-error
    </span>
    <span
      className="c3"
      style={
        Object {
          "color": "pink",
          "fontSize": "1.4rem",
          "fontWeight": 500,
          "paddingBottom": "1rem",
          "paddingLeft": "1rem",
          "paddingRight": "1rem",
          "paddingTop": "1rem",
        }
      }
    />
    <a
      className="c4"
      onBlur={[Function]}
      onClick={[Function]}
      onFocus={[Function]}
      onMouseDown={[Function]}
      onMouseEnter={[Function]}
      onMouseLeave={[Function]}
      onMouseUp={[Function]}
      style={
        Object {
          "color": "green",
          "fontSize": "1.6rem",
          "fontWeight": 500,
        }
      }
      type="error"
    >
      确定
    </a>
  </div>
</div>
`;
