// Jest Snapshot v1, https://goo.gl/fbAQLP

exports[`Progress css 1`] = `
.c1 {
  width: calc(100% - 2.8rem);
  margin-right: 0.8rem;
  display: inline-block;
  border-radius: 5rem;
  vertical-align: middle;
  background-color: #ebecf0;
}

.c2 {
  -webkit-transition: all 0.3s;
  transition: all 0.3s;
  width: 100%;
  border-radius: 5rem;
  position: relative;
  text-align: right;
  box-sizing: border-box;
  background-color: #4d63ff;
  line-height: 0.8rem;
}

.c3 {
  display: inline-block;
  width: 2rem;
  text-align: left;
  white-space: nowrap;
  word-break: normal;
  vertical-align: middle;
  color: #9EA4AE;
  font-size: 1.4rem;
}

.c0 {
  font-size: 1.4rem;
  min-width: 6rem;
  opacity: 1;
}

.c4 {
  -webkit-user-select: none;
  -moz-user-select: none;
  -ms-user-select: none;
  user-select: none;
  cursor: pointer;
  vertical-align: middle !important;
}

<div>
  <div
    className="c0"
    size="default"
    style={Object {}}
    type="line"
  >
    <div
      className="c1"
      size="default"
      style={Object {}}
    >
      <div
        className="c2"
        size="default"
        style={
          Object {
            "backgroundColor": "#f22735",
            "height": "0.8rem",
          }
        }
      />
    </div>
    <span
      className="c3"
      size="default"
      style={
        Object {
          "color": "#f22735",
          "fontSize": "1.4rem",
        }
      }
      type="line"
    >
      <i
        className="lugia-icon-financial_lock   c4"
        onClick={[Function]}
        onMouseDown={[Function]}
        onMouseEnter={[Function]}
        onMouseLeave={[Function]}
        onMouseUp={[Function]}
        style={
          Object {
            "color": "#f22735",
            "cursor": "default",
            "fontSize": "1.4rem",
          }
        }
      />
    </span>
  </div>
</div>
`;
