// Jest Snapshot v1, https://goo.gl/fbAQLP

exports[`Popup Popup snapshot 1`] = `
.c0 {
  position: absolute;
  border-radius: 4px;
  box-sizing: border-box;
  left: -9999px;
  top: -9999px;
  z-index: 999999;
}

<div
  className=""
>
  <div
    className="c0"
  >
    <div
      className=""
    >
       
      <div>
        hello
      </div>
    </div>
  </div>
</div>
`;
