// Jest Snapshot v1, https://goo.gl/fbAQLP

exports[`CheckBox CheckBox CSS 1`] = `
.c1 {
  font-size: 1.4rem;
  cursor: pointer;
  box-sizing: border-box;
  padding: 0;
  list-style: none;
  display: inline-block;
  line-height: 1;
  white-space: nowrap;
  display: inline-block;
  margin-right: 0;
  overflow: hidden;
  text-overflow: ellipsis;
  opacity: 1;
}

.c6 {
  font-size: 1.4rem;
  cursor: not-allowed;
  box-sizing: border-box;
  padding: 0;
  list-style: none;
  display: inline-block;
  line-height: 1;
  white-space: nowrap;
  display: inline-block;
  margin-right: 0;
  overflow: hidden;
  text-overflow: ellipsis;
  opacity: 1;
}

.c2 {
  margin: 0;
  outline: none;
  line-height: 1;
  vertical-align: middle;
  display: inline-block;
  position: relative;
}

.c5 {
  padding-left: 1rem;
  vertical-align: middle;
  color: #363B40;
  font-size: 1.4rem;
}

.c3 {
  position: absolute;
  left: 0;
  z-index: 1;
  cursor: pointer;
  opacity: 0;
  top: 0;
  bottom: 0;
  right: 0;
  width: 100%;
  height: 100%;
}

.c7 {
  position: absolute;
  left: 0;
  z-index: 1;
  cursor: not-allowed;
  opacity: 0;
  top: 0;
  bottom: 0;
  right: 0;
  width: 100%;
  height: 100%;
}

.c4 {
  position: relative;
  box-sizing: border-box;
  top: 0;
  left: 0;
  display: block;
  -webkit-transition: all 0.3s;
  transition: all 0.3s;
  width: 1.6rem;
  height: 1.6rem;
}

.c8 {
  position: relative;
  box-sizing: border-box;
  top: 0;
  left: 0;
  display: block;
  -webkit-transition: all 0.3s;
  transition: all 0.3s;
  width: 1.6rem;
  height: 1.6rem;
}

.c8::after {
  position: absolute;
  box-sizing: border-box;
  -webkit-transform: translate(-50%,-50%) rotate(45deg) scale(1);
  -ms-transform: translate(-50%,-50%) rotate(45deg) scale(1);
  transform: translate(-50%,-50%) rotate(45deg) scale(1);
  -webkit-transition: all .2s cubic-bezier(.71,-.46,.88,.6);
  transition: all .2s cubic-bezier(.71,-.46,.88,.6);
  left: 50%;
  top: 50%;
  width: 1rem;
  height: 2rem;
  display: table;
  border: 0.2rem solid red;
  border-top: 0;
  border-left: 0;
  content: ' ';
}

.c9 {
  position: relative;
  box-sizing: border-box;
  top: 0;
  left: 0;
  display: block;
  -webkit-transition: all 0.3s;
  transition: all 0.3s;
  width: 1.6rem;
  height: 1.6rem;
}

.c9::after {
  position: absolute;
  box-sizing: border-box;
  -webkit-transform: translate(-50%,-50%) rotate(45deg) scale(1);
  -ms-transform: translate(-50%,-50%) rotate(45deg) scale(1);
  transform: translate(-50%,-50%) rotate(45deg) scale(1);
  -webkit-transition: all .2s cubic-bezier(.71,-.46,.88,.6);
  transition: all .2s cubic-bezier(.71,-.46,.88,.6);
  left: 50%;
  top: 50%;
  width: 0.6rem;
  height: 1rem;
  display: table;
  border: 0.2rem solid orange;
  border-top: 0;
  border-left: 0;
  content: ' ';
}

.c10 {
  position: relative;
  box-sizing: border-box;
  top: 0;
  left: 0;
  display: block;
  -webkit-transition: all 0.3s;
  transition: all 0.3s;
  width: 1.6rem;
  height: 1.6rem;
}

.c10::after {
  position: absolute;
  box-sizing: border-box;
  -webkit-transform: translate(-50%,-50%) scale(1);
  -ms-transform: translate(-50%,-50%) scale(1);
  transform: translate(-50%,-50%) scale(1);
  -webkit-transition: all .2s cubic-bezier(.03,.86,.56,.87);
  transition: all .2s cubic-bezier(.03,.86,.56,.87);
  left: 50%;
  top: 50%;
  width: 1rem;
  height: 0.1rem;
  display: table;
  border: 0.2rem solid red;
  border-top: 0;
  border-left: 0;
  content: ' ';
}

.c11 {
  position: relative;
  box-sizing: border-box;
  top: 0;
  left: 0;
  display: block;
  -webkit-transition: all 0.3s;
  transition: all 0.3s;
  width: 1.6rem;
  height: 1.6rem;
}

.c11::after {
  position: absolute;
  box-sizing: border-box;
  -webkit-transform: translate(-50%,-50%) rotate(45deg) scale(1);
  -ms-transform: translate(-50%,-50%) rotate(45deg) scale(1);
  transform: translate(-50%,-50%) rotate(45deg) scale(1);
  -webkit-transition: all .2s cubic-bezier(.71,-.46,.88,.6);
  transition: all .2s cubic-bezier(.71,-.46,.88,.6);
  left: 50%;
  top: 50%;
  width: 0.6rem;
  height: 1rem;
  display: table;
  border: 0.2rem solid yellow;
  border-top: 0;
  border-left: 0;
  content: ' ';
}

.c12 {
  position: relative;
  box-sizing: border-box;
  top: 0;
  left: 0;
  display: block;
  -webkit-transition: all 0.3s;
  transition: all 0.3s;
  width: 1.6rem;
  height: 1.6rem;
}

.c12::after {
  position: absolute;
  box-sizing: border-box;
  -webkit-transform: translate(-50%,-50%) rotate(45deg) scale(1);
  -ms-transform: translate(-50%,-50%) rotate(45deg) scale(1);
  transform: translate(-50%,-50%) rotate(45deg) scale(1);
  -webkit-transition: all .2s cubic-bezier(.71,-.46,.88,.6);
  transition: all .2s cubic-bezier(.71,-.46,.88,.6);
  left: 50%;
  top: 50%;
  width: 0.6rem;
  height: 1rem;
  display: table;
  border: 0.2rem solid #ffffff;
  border-top: 0;
  border-left: 0;
  content: ' ';
}

.c13 {
  position: relative;
  box-sizing: border-box;
  top: 0;
  left: 0;
  display: block;
  -webkit-transition: all 0.3s;
  transition: all 0.3s;
  width: 1.6rem;
  height: 1.6rem;
}

.c13::after {
  position: absolute;
  box-sizing: border-box;
  -webkit-transform: translate(-50%,-50%) rotate(45deg) scale(1);
  -ms-transform: translate(-50%,-50%) rotate(45deg) scale(1);
  transform: translate(-50%,-50%) rotate(45deg) scale(1);
  -webkit-transition: all .2s cubic-bezier(.71,-.46,.88,.6);
  transition: all .2s cubic-bezier(.71,-.46,.88,.6);
  left: 50%;
  top: 50%;
  width: 0.6rem;
  height: 1rem;
  display: table;
  border: 0.2rem solid #cccccc;
  border-top: 0;
  border-left: 0;
  content: ' ';
}

.c14 {
  position: relative;
  box-sizing: border-box;
  top: 0;
  left: 0;
  display: block;
  -webkit-transition: all 0.3s;
  transition: all 0.3s;
  width: 1.6rem;
  height: 1.6rem;
}

.c14::after {
  position: absolute;
  box-sizing: border-box;
  -webkit-transform: translate(-50%,-50%) scale(1);
  -ms-transform: translate(-50%,-50%) scale(1);
  transform: translate(-50%,-50%) scale(1);
  -webkit-transition: all .2s cubic-bezier(.03,.86,.56,.87);
  transition: all .2s cubic-bezier(.03,.86,.56,.87);
  left: 50%;
  top: 50%;
  width: 1rem;
  height: 0.1rem;
  display: table;
  border: 0.2rem solid #ffffff;
  border-top: 0;
  border-left: 0;
  content: ' ';
}

.c0 {
  margin: 20px;
}

<div>
  <div
    className="c0"
  >
    <label
      className="c1"
      onClick={[Function]}
      onMouseDown={[Function]}
      onMouseEnter={[Function]}
      onMouseLeave={[Function]}
      onMouseUp={[Function]}
      style={
        Object {
          "height": "5rem",
          "marginBottom": "1rem",
          "marginLeft": "1rem",
          "marginRight": "1rem",
          "marginTop": "1rem",
          "opacity": 1,
          "paddingBottom": "1rem",
          "paddingLeft": "1rem",
          "paddingRight": "1rem",
          "paddingTop": "1rem",
          "width": "10rem",
        }
      }
      title="CheckBox"
    >
      <span
        className="c2"
        onClick={null}
      >
        <input
          className="c3"
          onBlur={[Function]}
          type="checkbox"
        />
        <span
          className="c4"
          style={
            Object {
              "backgroundColor": "yellow",
              "borderBottomColor": "#56c22d",
              "borderBottomLeftRadius": "0.2rem",
              "borderBottomRightRadius": "0.2rem",
              "borderBottomStyle": "solid",
              "borderBottomWidth": "0.2rem",
              "borderLeftColor": "#56c22d",
              "borderLeftStyle": "solid",
              "borderLeftWidth": "0.2rem",
              "borderRightColor": "#56c22d",
              "borderRightStyle": "solid",
              "borderRightWidth": "0.2rem",
              "borderTopColor": "#56c22d",
              "borderTopLeftRadius": "0.2rem",
              "borderTopRightRadius": "0.2rem",
              "borderTopStyle": "solid",
              "borderTopWidth": "0.2rem",
              "boxShadow": "1px 2px 2px 2px #e8e8e8",
              "height": "4rem",
              "width": "4rem",
            }
          }
        />
      </span>
      <span
        className="c5"
        style={
          Object {
            "color": "red",
          }
        }
      >
        CheckBox
      </span>
    </label>
  </div>
  <div
    className="c0"
  >
    <label
      className="c6"
      disabled={true}
      onClick={[Function]}
      onMouseDown={[Function]}
      onMouseEnter={[Function]}
      onMouseLeave={[Function]}
      onMouseUp={[Function]}
      style={
        Object {
          "height": "5rem",
          "marginBottom": "1rem",
          "marginLeft": "1rem",
          "marginRight": "1rem",
          "marginTop": "1rem",
          "opacity": 0.4,
          "paddingBottom": "1rem",
          "paddingLeft": "1rem",
          "paddingRight": "1rem",
          "paddingTop": "1rem",
          "width": "10rem",
        }
      }
      title="CheckBox"
    >
      <span
        className="c2"
        onClick={null}
      >
        <input
          className="c7"
          disabled={true}
          onBlur={[Function]}
          type="checkbox"
        />
        <span
          className="c4"
          disabled={true}
          style={
            Object {
              "backgroundColor": "orange",
              "borderBottomColor": "red",
              "borderBottomLeftRadius": "0.2rem",
              "borderBottomRightRadius": "0.2rem",
              "borderBottomStyle": "solid",
              "borderBottomWidth": "0.2rem",
              "borderLeftColor": "red",
              "borderLeftStyle": "solid",
              "borderLeftWidth": "0.2rem",
              "borderRightColor": "red",
              "borderRightStyle": "solid",
              "borderRightWidth": "0.2rem",
              "borderTopColor": "red",
              "borderTopLeftRadius": "0.2rem",
              "borderTopRightRadius": "0.2rem",
              "borderTopStyle": "solid",
              "borderTopWidth": "0.2rem",
              "boxShadow": "1px 2px 2px 2px #e8e8e8",
              "height": "4rem",
              "width": "4rem",
            }
          }
        />
      </span>
      <span
        className="c5"
        style={
          Object {
            "color": "yellow",
          }
        }
      >
        CheckBox
      </span>
    </label>
  </div>
  <div
    className="c0"
  >
    <label
      className="c1"
      onClick={[Function]}
      onMouseDown={[Function]}
      onMouseEnter={[Function]}
      onMouseLeave={[Function]}
      onMouseUp={[Function]}
      style={
        Object {
          "height": "5rem",
          "marginBottom": "1rem",
          "marginLeft": "1rem",
          "marginRight": "1rem",
          "marginTop": "1rem",
          "opacity": 1,
          "paddingBottom": "1rem",
          "paddingLeft": "1rem",
          "paddingRight": "1rem",
          "paddingTop": "1rem",
          "width": "10rem",
        }
      }
      title="CheckBox"
    >
      <span
        className="c2"
        onClick={null}
      >
        <input
          className="c3"
          onBlur={[Function]}
          type="checkbox"
        />
        <span
          checked={true}
          className="c8"
          style={
            Object {
              "backgroundColor": "#56c22d",
              "borderBottomColor": "yellow",
              "borderBottomLeftRadius": "0.2rem",
              "borderBottomRightRadius": "0.2rem",
              "borderBottomStyle": "solid",
              "borderBottomWidth": "0.2rem",
              "borderLeftColor": "yellow",
              "borderLeftStyle": "solid",
              "borderLeftWidth": "0.2rem",
              "borderRightColor": "yellow",
              "borderRightStyle": "solid",
              "borderRightWidth": "0.2rem",
              "borderTopColor": "yellow",
              "borderTopLeftRadius": "0.2rem",
              "borderTopRightRadius": "0.2rem",
              "borderTopStyle": "solid",
              "borderTopWidth": "0.2rem",
              "boxShadow": "1px 2px 2px 2px #e8e8e8",
              "height": "4rem",
              "width": "4rem",
            }
          }
        />
      </span>
      <span
        className="c5"
        style={
          Object {
            "color": "red",
          }
        }
      >
        CheckBox
      </span>
    </label>
  </div>
  <div
    className="c0"
  >
    <label
      className="c6"
      disabled={true}
      onClick={[Function]}
      onMouseDown={[Function]}
      onMouseEnter={[Function]}
      onMouseLeave={[Function]}
      onMouseUp={[Function]}
      style={
        Object {
          "height": "5rem",
          "marginBottom": "1rem",
          "marginLeft": "1rem",
          "marginRight": "1rem",
          "marginTop": "1rem",
          "opacity": 0.4,
          "paddingBottom": "1rem",
          "paddingLeft": "1rem",
          "paddingRight": "1rem",
          "paddingTop": "1rem",
          "width": "10rem",
        }
      }
      title="CheckBox"
    >
      <span
        className="c2"
        onClick={null}
      >
        <input
          className="c7"
          disabled={true}
          onBlur={[Function]}
          type="checkbox"
        />
        <span
          checked={true}
          className="c9"
          disabled={true}
          style={
            Object {
              "backgroundColor": "red",
              "borderBottomColor": "orange",
              "borderBottomLeftRadius": "0.2rem",
              "borderBottomRightRadius": "0.2rem",
              "borderBottomStyle": "solid",
              "borderBottomWidth": "0.2rem",
              "borderLeftColor": "orange",
              "borderLeftStyle": "solid",
              "borderLeftWidth": "0.2rem",
              "borderRightColor": "orange",
              "borderRightStyle": "solid",
              "borderRightWidth": "0.2rem",
              "borderTopColor": "orange",
              "borderTopLeftRadius": "0.2rem",
              "borderTopRightRadius": "0.2rem",
              "borderTopStyle": "solid",
              "borderTopWidth": "0.2rem",
              "boxShadow": "1px 2px 2px 2px #e8e8e8",
              "height": "4rem",
              "width": "4rem",
            }
          }
        />
      </span>
      <span
        className="c5"
        style={
          Object {
            "color": "yellow",
          }
        }
      >
        CheckBox
      </span>
    </label>
  </div>
  <div
    className="c0"
  >
    <label
      className="c1"
      onClick={[Function]}
      onMouseDown={[Function]}
      onMouseEnter={[Function]}
      onMouseLeave={[Function]}
      onMouseUp={[Function]}
      style={
        Object {
          "height": "5rem",
          "marginBottom": "1rem",
          "marginLeft": "1rem",
          "marginRight": "1rem",
          "marginTop": "1rem",
          "opacity": 1,
          "paddingBottom": "1rem",
          "paddingLeft": "1rem",
          "paddingRight": "1rem",
          "paddingTop": "1rem",
          "width": "10rem",
        }
      }
      title="CheckBox"
    >
      <span
        className="c2"
        onClick={null}
      >
        <input
          className="c3"
          onBlur={[Function]}
          type="checkbox"
        />
        <span
          checked={true}
          className="c8"
          style={
            Object {
              "backgroundColor": "#56c22d",
              "borderBottomColor": "yellow",
              "borderBottomLeftRadius": "0.2rem",
              "borderBottomRightRadius": "0.2rem",
              "borderBottomStyle": "solid",
              "borderBottomWidth": "0.2rem",
              "borderLeftColor": "yellow",
              "borderLeftStyle": "solid",
              "borderLeftWidth": "0.2rem",
              "borderRightColor": "yellow",
              "borderRightStyle": "solid",
              "borderRightWidth": "0.2rem",
              "borderTopColor": "yellow",
              "borderTopLeftRadius": "0.2rem",
              "borderTopRightRadius": "0.2rem",
              "borderTopStyle": "solid",
              "borderTopWidth": "0.2rem",
              "boxShadow": "1px 2px 2px 2px #e8e8e8",
              "height": "4rem",
              "width": "4rem",
            }
          }
        />
      </span>
      <span
        className="c5"
        style={
          Object {
            "color": "red",
          }
        }
      >
        CheckBox
      </span>
    </label>
  </div>
  <div
    className="c0"
  >
    <label
      className="c1"
      onClick={[Function]}
      onMouseDown={[Function]}
      onMouseEnter={[Function]}
      onMouseLeave={[Function]}
      onMouseUp={[Function]}
      style={
        Object {
          "height": "5rem",
          "marginBottom": "1rem",
          "marginLeft": "1rem",
          "marginRight": "1rem",
          "marginTop": "1rem",
          "opacity": 1,
          "paddingBottom": "1rem",
          "paddingLeft": "1rem",
          "paddingRight": "1rem",
          "paddingTop": "1rem",
          "width": "10rem",
        }
      }
      title="CheckBox"
    >
      <span
        className="c2"
        onClick={null}
      >
        <input
          className="c3"
          onBlur={[Function]}
          type="checkbox"
        />
        <span
          className="c10"
          style={
            Object {
              "backgroundColor": "yellow",
              "borderBottomColor": "#56c22d",
              "borderBottomLeftRadius": "0.2rem",
              "borderBottomRightRadius": "0.2rem",
              "borderBottomStyle": "solid",
              "borderBottomWidth": "0.2rem",
              "borderLeftColor": "#56c22d",
              "borderLeftStyle": "solid",
              "borderLeftWidth": "0.2rem",
              "borderRightColor": "#56c22d",
              "borderRightStyle": "solid",
              "borderRightWidth": "0.2rem",
              "borderTopColor": "#56c22d",
              "borderTopLeftRadius": "0.2rem",
              "borderTopRightRadius": "0.2rem",
              "borderTopStyle": "solid",
              "borderTopWidth": "0.2rem",
              "boxShadow": "1px 2px 2px 2px #e8e8e8",
              "height": "4rem",
              "width": "4rem",
            }
          }
        />
      </span>
      <span
        className="c5"
        style={
          Object {
            "color": "red",
          }
        }
      >
        CheckBox
      </span>
    </label>
  </div>
  <div
    className="c0"
  >
    <label
      className="c1"
      onClick={[Function]}
      onMouseDown={[Function]}
      onMouseEnter={[Function]}
      onMouseLeave={[Function]}
      onMouseUp={[Function]}
      style={
        Object {
          "height": "5rem",
          "marginBottom": "1rem",
          "marginLeft": "1rem",
          "marginRight": "1rem",
          "marginTop": "1rem",
          "opacity": 1,
          "paddingBottom": "1rem",
          "paddingLeft": "1rem",
          "paddingRight": "1rem",
          "paddingTop": "1rem",
          "width": "10rem",
        }
      }
      title="CheckBox"
    >
      <span
        className="c2"
        onClick={[Function]}
      >
        <input
          className="c3"
          onBlur={[Function]}
          type="checkbox"
        />
        <span
          className="c11"
          style={
            Object {
              "backgroundColor": "pink",
              "borderBottomColor": "#56c22d",
              "borderBottomLeftRadius": "0.2rem",
              "borderBottomRightRadius": "0.2rem",
              "borderBottomStyle": "solid",
              "borderBottomWidth": "0.2rem",
              "borderLeftColor": "#56c22d",
              "borderLeftStyle": "solid",
              "borderLeftWidth": "0.2rem",
              "borderRightColor": "#56c22d",
              "borderRightStyle": "solid",
              "borderRightWidth": "0.2rem",
              "borderTopColor": "#56c22d",
              "borderTopLeftRadius": "0.2rem",
              "borderTopRightRadius": "0.2rem",
              "borderTopStyle": "solid",
              "borderTopWidth": "0.2rem",
              "boxShadow": "1px 2px 2px 2px #e8e8e8",
            }
          }
        />
      </span>
      <span
        className="c5"
        style={
          Object {
            "color": "#646A6E",
          }
        }
      >
        CheckBox
      </span>
    </label>
  </div>
  <div
    className="c0"
  >
    <label
      className="c1"
      onClick={[Function]}
      onMouseDown={[Function]}
      onMouseEnter={[Function]}
      onMouseLeave={[Function]}
      onMouseUp={[Function]}
      style={Object {}}
      title="CheckBox"
    >
      <span
        className="c2"
        onClick={null}
      >
        <input
          className="c3"
          onBlur={[Function]}
          type="checkbox"
        />
        <span
          className="c4"
          style={
            Object {
              "backgroundColor": "#ffffff",
              "borderBottomColor": "#cccccc",
              "borderBottomLeftRadius": "0.2rem",
              "borderBottomRightRadius": "0.2rem",
              "borderBottomStyle": "solid",
              "borderBottomWidth": "0.1rem",
              "borderLeftColor": "#cccccc",
              "borderLeftStyle": "solid",
              "borderLeftWidth": "0.1rem",
              "borderRightColor": "#cccccc",
              "borderRightStyle": "solid",
              "borderRightWidth": "0.1rem",
              "borderTopColor": "#cccccc",
              "borderTopLeftRadius": "0.2rem",
              "borderTopRightRadius": "0.2rem",
              "borderTopStyle": "solid",
              "borderTopWidth": "0.1rem",
            }
          }
        />
      </span>
      <span
        className="c5"
        style={Object {}}
      >
        CheckBox
      </span>
    </label>
  </div>
  <div
    className="c0"
  >
    <label
      className="c6"
      disabled={true}
      onClick={[Function]}
      onMouseDown={[Function]}
      onMouseEnter={[Function]}
      onMouseLeave={[Function]}
      onMouseUp={[Function]}
      style={
        Object {
          "opacity": 1,
        }
      }
      title="CheckBox"
    >
      <span
        className="c2"
        onClick={null}
      >
        <input
          className="c7"
          disabled={true}
          onBlur={[Function]}
          type="checkbox"
        />
        <span
          className="c4"
          disabled={true}
          style={
            Object {
              "backgroundColor": "#f2f2f2",
              "borderBottomColor": "#e8e8e8",
              "borderBottomLeftRadius": "0.2rem",
              "borderBottomRightRadius": "0.2rem",
              "borderBottomStyle": "solid",
              "borderBottomWidth": "0.1rem",
              "borderLeftColor": "#e8e8e8",
              "borderLeftStyle": "solid",
              "borderLeftWidth": "0.1rem",
              "borderRightColor": "#e8e8e8",
              "borderRightStyle": "solid",
              "borderRightWidth": "0.1rem",
              "borderTopColor": "#e8e8e8",
              "borderTopLeftRadius": "0.2rem",
              "borderTopRightRadius": "0.2rem",
              "borderTopStyle": "solid",
              "borderTopWidth": "0.1rem",
            }
          }
        />
      </span>
      <span
        className="c5"
        style={
          Object {
            "color": "#cccccc",
          }
        }
      >
        CheckBox
      </span>
    </label>
  </div>
  <div
    className="c0"
  >
    <label
      className="c1"
      onClick={[Function]}
      onMouseDown={[Function]}
      onMouseEnter={[Function]}
      onMouseLeave={[Function]}
      onMouseUp={[Function]}
      style={Object {}}
      title="CheckBox"
    >
      <span
        className="c2"
        onClick={null}
      >
        <input
          className="c3"
          onBlur={[Function]}
          type="checkbox"
        />
        <span
          checked={true}
          className="c12"
          style={
            Object {
              "backgroundColor": "#4d63ff",
              "borderBottomColor": "#4d63ff",
              "borderBottomLeftRadius": "0.2rem",
              "borderBottomRightRadius": "0.2rem",
              "borderBottomStyle": "solid",
              "borderBottomWidth": "0.1rem",
              "borderLeftColor": "#4d63ff",
              "borderLeftStyle": "solid",
              "borderLeftWidth": "0.1rem",
              "borderRightColor": "#4d63ff",
              "borderRightStyle": "solid",
              "borderRightWidth": "0.1rem",
              "borderTopColor": "#4d63ff",
              "borderTopLeftRadius": "0.2rem",
              "borderTopRightRadius": "0.2rem",
              "borderTopStyle": "solid",
              "borderTopWidth": "0.1rem",
            }
          }
        />
      </span>
      <span
        className="c5"
        style={Object {}}
      >
        CheckBox
      </span>
    </label>
  </div>
  <div
    className="c0"
  >
    <label
      className="c6"
      disabled={true}
      onClick={[Function]}
      onMouseDown={[Function]}
      onMouseEnter={[Function]}
      onMouseLeave={[Function]}
      onMouseUp={[Function]}
      style={
        Object {
          "opacity": 1,
        }
      }
      title="CheckBox"
    >
      <span
        className="c2"
        onClick={null}
      >
        <input
          className="c7"
          disabled={true}
          onBlur={[Function]}
          type="checkbox"
        />
        <span
          checked={true}
          className="c13"
          disabled={true}
          style={
            Object {
              "backgroundColor": "#f2f2f2",
              "borderBottomColor": "#e8e8e8",
              "borderBottomLeftRadius": "0.2rem",
              "borderBottomRightRadius": "0.2rem",
              "borderBottomStyle": "solid",
              "borderBottomWidth": "0.1rem",
              "borderLeftColor": "#e8e8e8",
              "borderLeftStyle": "solid",
              "borderLeftWidth": "0.1rem",
              "borderRightColor": "#e8e8e8",
              "borderRightStyle": "solid",
              "borderRightWidth": "0.1rem",
              "borderTopColor": "#e8e8e8",
              "borderTopLeftRadius": "0.2rem",
              "borderTopRightRadius": "0.2rem",
              "borderTopStyle": "solid",
              "borderTopWidth": "0.1rem",
            }
          }
        />
      </span>
      <span
        className="c5"
        style={
          Object {
            "color": "#cccccc",
          }
        }
      >
        CheckBox
      </span>
    </label>
  </div>
  <div
    className="c0"
  >
    <label
      className="c1"
      onClick={[Function]}
      onMouseDown={[Function]}
      onMouseEnter={[Function]}
      onMouseLeave={[Function]}
      onMouseUp={[Function]}
      style={Object {}}
      title="CheckBox"
    >
      <span
        className="c2"
        onClick={null}
      >
        <input
          className="c3"
          onBlur={[Function]}
          type="checkbox"
        />
        <span
          className="c14"
          style={
            Object {
              "backgroundColor": "#4d63ff",
              "borderBottomColor": "#cccccc",
              "borderBottomLeftRadius": "0.2rem",
              "borderBottomRightRadius": "0.2rem",
              "borderBottomStyle": "solid",
              "borderBottomWidth": "0.1rem",
              "borderLeftColor": "#cccccc",
              "borderLeftStyle": "solid",
              "borderLeftWidth": "0.1rem",
              "borderRightColor": "#cccccc",
              "borderRightStyle": "solid",
              "borderRightWidth": "0.1rem",
              "borderTopColor": "#cccccc",
              "borderTopLeftRadius": "0.2rem",
              "borderTopRightRadius": "0.2rem",
              "borderTopStyle": "solid",
              "borderTopWidth": "0.1rem",
            }
          }
        />
      </span>
      <span
        className="c5"
        style={Object {}}
      >
        CheckBox
      </span>
    </label>
  </div>
  <div
    className="c0"
  >
    <label
      className="c1"
      onClick={[Function]}
      onMouseDown={[Function]}
      onMouseEnter={[Function]}
      onMouseLeave={[Function]}
      onMouseUp={[Function]}
      style={
        Object {
          "height": "5rem",
          "marginBottom": "1rem",
          "marginLeft": "1rem",
          "marginRight": "1rem",
          "marginTop": "1rem",
          "opacity": 1,
          "paddingBottom": "1rem",
          "paddingLeft": "1rem",
          "paddingRight": "1rem",
          "paddingTop": "1rem",
          "width": "10rem",
        }
      }
      title="CheckBox"
    >
      <span
        className="c2"
        onClick={[Function]}
      >
        <input
          className="c3"
          onBlur={[Function]}
          type="checkbox"
        />
        <span
          checked={true}
          className="c11"
          style={
            Object {
              "backgroundColor": "pink",
              "borderBottomColor": "#56c22d",
              "borderBottomLeftRadius": "0.2rem",
              "borderBottomRightRadius": "0.2rem",
              "borderBottomStyle": "solid",
              "borderBottomWidth": "0.2rem",
              "borderLeftColor": "#56c22d",
              "borderLeftStyle": "solid",
              "borderLeftWidth": "0.2rem",
              "borderRightColor": "#56c22d",
              "borderRightStyle": "solid",
              "borderRightWidth": "0.2rem",
              "borderTopColor": "#56c22d",
              "borderTopLeftRadius": "0.2rem",
              "borderTopRightRadius": "0.2rem",
              "borderTopStyle": "solid",
              "borderTopWidth": "0.2rem",
              "boxShadow": "1px 2px 2px 2px #e8e8e8",
            }
          }
        />
      </span>
      <span
        className="c5"
        style={
          Object {
            "color": "#646A6E",
          }
        }
      >
        CheckBox
      </span>
    </label>
  </div>
  <div
    className="c0"
  >
    <label
      className="c1"
      onClick={[Function]}
      onMouseDown={[Function]}
      onMouseEnter={[Function]}
      onMouseLeave={[Function]}
      onMouseUp={[Function]}
      style={Object {}}
      title="CheckBox"
    >
      <span
        className="c2"
        onClick={[Function]}
      >
        <input
          className="c3"
          onBlur={[Function]}
          type="checkbox"
        />
        <span
          checked={true}
          className="c12"
          style={
            Object {
              "backgroundColor": "#c0c8ff",
              "borderBottomColor": "#c0c8ff",
              "borderBottomLeftRadius": "0.2rem",
              "borderBottomRightRadius": "0.2rem",
              "borderBottomStyle": "solid",
              "borderBottomWidth": "0.1rem",
              "borderLeftColor": "#c0c8ff",
              "borderLeftStyle": "solid",
              "borderLeftWidth": "0.1rem",
              "borderRightColor": "#c0c8ff",
              "borderRightStyle": "solid",
              "borderRightWidth": "0.1rem",
              "borderTopColor": "#c0c8ff",
              "borderTopLeftRadius": "0.2rem",
              "borderTopRightRadius": "0.2rem",
              "borderTopStyle": "solid",
              "borderTopWidth": "0.1rem",
            }
          }
        />
      </span>
      <span
        className="c5"
        style={
          Object {
            "color": "#646A6E",
          }
        }
      >
        CheckBox
      </span>
    </label>
  </div>
  <div
    className="c0"
  >
    <label
      className="c1"
      onClick={[Function]}
      onMouseDown={[Function]}
      onMouseEnter={[Function]}
      onMouseLeave={[Function]}
      onMouseUp={[Function]}
      style={Object {}}
      title="CheckBox"
    >
      <span
        className="c2"
        onClick={null}
      >
        <input
          className="c3"
          onBlur={[Function]}
          type="checkbox"
        />
        <span
          checked={true}
          className="c12"
          style={
            Object {
              "backgroundColor": "#4d63ff",
              "borderBottomColor": "#4d63ff",
              "borderBottomLeftRadius": "0.2rem",
              "borderBottomRightRadius": "0.2rem",
              "borderBottomStyle": "solid",
              "borderBottomWidth": "0.1rem",
              "borderLeftColor": "#4d63ff",
              "borderLeftStyle": "solid",
              "borderLeftWidth": "0.1rem",
              "borderRightColor": "#4d63ff",
              "borderRightStyle": "solid",
              "borderRightWidth": "0.1rem",
              "borderTopColor": "#4d63ff",
              "borderTopLeftRadius": "0.2rem",
              "borderTopRightRadius": "0.2rem",
              "borderTopStyle": "solid",
              "borderTopWidth": "0.1rem",
            }
          }
        />
      </span>
      <span
        className="c5"
        style={Object {}}
      >
        CheckBox
      </span>
    </label>
  </div>
  <div
    className="c0"
  >
    <label
      className="c6"
      disabled={true}
      onClick={[Function]}
      onMouseDown={[Function]}
      onMouseEnter={[Function]}
      onMouseLeave={[Function]}
      onMouseUp={[Function]}
      style={
        Object {
          "opacity": 1,
        }
      }
      title="CheckBox"
    >
      <span
        className="c2"
        onClick={null}
      >
        <input
          className="c7"
          disabled={true}
          onBlur={[Function]}
          type="checkbox"
        />
        <span
          checked={true}
          className="c13"
          disabled={true}
          style={
            Object {
              "backgroundColor": "#f2f2f2",
              "borderBottomColor": "#e8e8e8",
              "borderBottomLeftRadius": "0.2rem",
              "borderBottomRightRadius": "0.2rem",
              "borderBottomStyle": "solid",
              "borderBottomWidth": "0.1rem",
              "borderLeftColor": "#e8e8e8",
              "borderLeftStyle": "solid",
              "borderLeftWidth": "0.1rem",
              "borderRightColor": "#e8e8e8",
              "borderRightStyle": "solid",
              "borderRightWidth": "0.1rem",
              "borderTopColor": "#e8e8e8",
              "borderTopLeftRadius": "0.2rem",
              "borderTopRightRadius": "0.2rem",
              "borderTopStyle": "solid",
              "borderTopWidth": "0.1rem",
            }
          }
        />
      </span>
      <span
        className="c5"
        style={
          Object {
            "color": "#cccccc",
          }
        }
      >
        CheckBox
      </span>
    </label>
  </div>
</div>
`;
