// Jest Snapshot v1, https://goo.gl/fbAQLP

exports[`Layout css 1`] = `
.c0 {
  display: -webkit-box;
  display: -webkit-flex;
  display: -ms-flexbox;
  display: flex;
  -webkit-flex: auto;
  -ms-flex: auto;
  flex: auto;
  font-size: 1.2rem;
  -webkit-flex-direction: column;
  -ms-flex-direction: column;
  flex-direction: column;
}

.c3 {
  display: -webkit-box;
  display: -webkit-flex;
  display: -ms-flexbox;
  display: flex;
  -webkit-flex: auto;
  -ms-flex: auto;
  flex: auto;
  font-size: 1.2rem;
  -webkit-flex-direction: row;
  -ms-flex-direction: row;
  flex-direction: row;
}

.c8 {
  -webkit-user-select: none;
  -moz-user-select: none;
  -ms-user-select: none;
  user-select: none;
  cursor: pointer;
}

.c1 {
  font-size: 1.2rem;
  -webkit-flex: 0 0 auto;
  -ms-flex: 0 0 auto;
  flex: 0 0 auto;
  display: block;
  position: relative;
}

.c2 {
  font-size: 1.2rem;
  -webkit-flex: auto;
  -ms-flex: auto;
  flex: auto;
  display: block;
  position: relative;
}

.c9 {
  position: absolute;
  top: 0.8333333333333334em;
  right: 0.8333333333333334em;
  width: 1.6666666666666667em;
  height: 1.6666666666666667em;
  text-align: center;
  background: #e8e8e8;
  cursor: pointer;
}

.c10 {
  vertical-align: bottom !important;
}

.c4 {
  font-size: 1.2rem;
  position: relative;
  -webkit-transition: all 0.3s;
  transition: all 0.3s;
  width: 16.666666666666668em;
}

.c6 {
  position: absolute;
  bottom: 0;
  height: 4em;
  line-height: 4em;
  text-align: center;
  -webkit-transition: all 0.3s;
  transition: all 0.3s;
  background: #4d63ff;
  width: 16.666666666666668em;
  cursor: pointer;
}

.c7 {
  color: #fff;
}

.c5 {
  height: 100%;
  background: #4d63ff;
}

<div>
  <p>
    default flex-direction: column;
  </p>
  <div
    className="c0"
    style={Object {}}
  >
    <div
      className="c1"
      display={true}
      style={Object {}}
    >
      <div
        style={
          Object {
            "background": "#381be5",
            "height": "60px",
            "lineHeight": "60px",
            "textAlign": "center",
          }
        }
      >
        Header
      </div>
    </div>
    <div
      className="c2"
      display={true}
      style={Object {}}
    >
      <div
        style={
          Object {
            "background": "#0F89FF",
            "height": "200px",
            "lineHeight": "200px",
            "textAlign": "center",
          }
        }
      >
        Content
      </div>
    </div>
    <div
      className="c1"
      display={true}
      style={Object {}}
    >
      <div
        style={
          Object {
            "background": "#0f13ff",
            "height": "60px",
            "lineHeight": "60px",
            "textAlign": "center",
          }
        }
      >
        Footer
      </div>
    </div>
  </div>
  <p>
    flex-direction: row;
  </p>
  <div
    className="c0"
    style={Object {}}
  >
    <div
      className="c1"
      display={true}
      style={Object {}}
    >
      <div
        style={
          Object {
            "background": "#381be5",
            "height": "60px",
            "lineHeight": "60px",
            "textAlign": "center",
          }
        }
      >
        Header
      </div>
    </div>
    <div
      className="c3"
      direction="row"
      style={Object {}}
    >
      <div
        className="c4"
      >
        <div
          className="c5"
          style={Object {}}
        >
          <div>
            <div
              style={
                Object {
                  "background": "#11b4ff",
                  "height": "200px",
                  "lineHeight": "200px",
                  "textAlign": "center",
                  "width": "200px",
                }
              }
            >
              Aside
            </div>
          </div>
        </div>
      </div>
      <div
        className="c2"
        display={true}
        style={Object {}}
      >
        <div
          style={
            Object {
              "background": "#0F89FF",
              "height": "200px",
              "lineHeight": "200px",
              "textAlign": "center",
            }
          }
        >
          Content
        </div>
      </div>
    </div>
    <div
      className="c1"
      display={true}
      style={Object {}}
    >
      <div
        style={
          Object {
            "background": "#0f13ff",
            "height": "60px",
            "lineHeight": "60px",
            "textAlign": "center",
          }
        }
      >
        Footer
      </div>
    </div>
  </div>
  <p>
    flex-direction: row;
  </p>
  <div
    className="c0"
    style={Object {}}
  >
    <div
      className="c1"
      display={true}
      style={Object {}}
    >
      <div
        style={
          Object {
            "background": "#381be5",
            "height": "60px",
            "lineHeight": "60px",
            "textAlign": "center",
          }
        }
      >
        Header
      </div>
    </div>
    <div
      className="c3"
      direction="row"
      style={Object {}}
    >
      <div
        className="c2"
        display={true}
        style={Object {}}
      >
        <div
          style={
            Object {
              "background": "#0F89FF",
              "height": "200px",
              "lineHeight": "200px",
              "textAlign": "center",
            }
          }
        >
          Content
        </div>
      </div>
      <div
        className="c4"
      >
        <div
          className="c5"
          style={Object {}}
        >
          <div>
            <div
              style={
                Object {
                  "background": "#11b4ff",
                  "height": "200px",
                  "lineHeight": "200px",
                  "textAlign": "center",
                  "width": "200px",
                }
              }
            >
              Aside
            </div>
          </div>
        </div>
      </div>
    </div>
    <div
      className="c1"
      display={true}
      style={Object {}}
    >
      <div
        style={
          Object {
            "background": "#0f13ff",
            "height": "60px",
            "lineHeight": "60px",
            "textAlign": "center",
          }
        }
      >
        Footer
      </div>
    </div>
  </div>
  <p>
    flex-direction: row;
  </p>
  <div
    className="c3"
    direction="row"
    style={Object {}}
  >
    <div
      className="c4"
    >
      <div
        className="c5"
        style={Object {}}
      >
        <div>
          <div
            style={
              Object {
                "background": "#11b4ff",
                "height": "320px",
                "lineHeight": "200px",
                "textAlign": "center",
                "width": "200px",
              }
            }
          >
            Aside
          </div>
        </div>
      </div>
    </div>
    <div
      className="c0"
      style={Object {}}
    >
      <div
        className="c1"
        display={true}
        style={Object {}}
      >
        <div
          style={
            Object {
              "background": "#381be5",
              "height": "60px",
              "lineHeight": "60px",
              "textAlign": "center",
            }
          }
        >
          Header
        </div>
      </div>
      <div
        className="c2"
        display={true}
        style={Object {}}
      >
        <div
          style={
            Object {
              "background": "#0F89FF",
              "height": "200px",
              "lineHeight": "200px",
              "textAlign": "center",
            }
          }
        >
          Content
        </div>
      </div>
      <div
        className="c1"
        display={true}
        style={Object {}}
      >
        <div
          style={
            Object {
              "background": "#0f13ff",
              "height": "60px",
              "lineHeight": "60px",
              "textAlign": "center",
            }
          }
        >
          Footer
        </div>
      </div>
    </div>
  </div>
  <p>
    flex-direction: row;
  </p>
  <div
    className="c3"
    direction="row"
    style={Object {}}
  >
    <div
      className="c4"
    >
      <div
        className="c5"
        style={Object {}}
      >
        <div>
          <div
            style={
              Object {
                "background": "#11b4ff",
                "height": "320px",
                "lineHeight": "200px",
                "textAlign": "center",
                "width": "200px",
              }
            }
          >
            Aside
          </div>
        </div>
      </div>
    </div>
    <div
      className="c0"
      style={Object {}}
    >
      <div
        className="c1"
        display={true}
        style={Object {}}
      >
        <div
          style={
            Object {
              "background": "#381be5",
              "height": "60px",
              "lineHeight": "60px",
              "textAlign": "center",
            }
          }
        >
          Header
        </div>
      </div>
      <div
        className="c2"
        display={true}
        style={Object {}}
      >
        <div
          style={
            Object {
              "background": "#0F89FF",
              "height": "200px",
              "lineHeight": "200px",
              "textAlign": "center",
            }
          }
        >
          Content
        </div>
      </div>
      <div
        className="c1"
        display={true}
        style={Object {}}
      >
        <div
          style={
            Object {
              "background": "#0f13ff",
              "height": "60px",
              "lineHeight": "60px",
              "textAlign": "center",
            }
          }
        >
          Footer
        </div>
      </div>
    </div>
    <div
      className="c4"
    >
      <div
        className="c5"
        style={Object {}}
      >
        <div>
          <div
            style={
              Object {
                "background": "#11b4ff",
                "height": "320px",
                "lineHeight": "200px",
                "textAlign": "center",
                "width": "200px",
              }
            }
          >
            Aside
          </div>
        </div>
      </div>
    </div>
  </div>
  <p>
    flex-direction: row; Aside collapsible
  </p>
  <div
    className="c3"
    direction="row"
    style={Object {}}
  >
    <div
      className="c0"
      style={Object {}}
    >
      <div
        className="c1"
        display={true}
        style={Object {}}
      >
        <div
          style={
            Object {
              "background": "#381be5",
              "height": "60px",
              "lineHeight": "60px",
              "textAlign": "center",
            }
          }
        >
          Header
        </div>
      </div>
      <div
        className="c2"
        display={true}
        style={Object {}}
      >
        <div
          style={
            Object {
              "background": "#0F89FF",
              "height": "200px",
              "lineHeight": "200px",
              "textAlign": "center",
            }
          }
        >
          Content
        </div>
      </div>
      <div
        className="c1"
        display={true}
        style={Object {}}
      >
        <div
          style={
            Object {
              "background": "#0f13ff",
              "height": "60px",
              "lineHeight": "60px",
              "textAlign": "center",
            }
          }
        >
          Footer
        </div>
      </div>
    </div>
    <div
      className="c4"
    >
      <div
        className="c5"
        style={Object {}}
      >
        <div>
          <div>
            Aside
          </div>
        </div>
        <div
          className="c6"
          onClick={[Function]}
          style={Object {}}
        >
          <i
            className="lugia-icon-direction_right c7  c8"
            onClick={[Function]}
            onMouseDown={[Function]}
            onMouseEnter={[Function]}
            onMouseLeave={[Function]}
            onMouseUp={[Function]}
            style={Object {}}
          />
        </div>
      </div>
    </div>
  </div>
  <p>
    flex-direction: row; Aside collapsible
  </p>
  <div
    className="c3"
    direction="row"
    style={Object {}}
  >
    <div
      className="c4"
    >
      <div
        className="c5"
        style={Object {}}
      >
        <div>
          <div>
            Aside
          </div>
        </div>
        <div
          className="c6"
          onClick={[Function]}
          style={Object {}}
        >
          <i
            className="lugia-icon-direction_Left c7  c8"
            onClick={[Function]}
            onMouseDown={[Function]}
            onMouseEnter={[Function]}
            onMouseLeave={[Function]}
            onMouseUp={[Function]}
            style={Object {}}
          />
        </div>
      </div>
    </div>
    <div
      className="c0"
      style={Object {}}
    >
      <div
        className="c1"
        display={true}
        style={Object {}}
      >
        <div
          style={
            Object {
              "background": "#381be5",
              "height": "60px",
              "lineHeight": "60px",
              "textAlign": "center",
            }
          }
        >
          Header
        </div>
      </div>
      <div
        className="c2"
        display={true}
        style={Object {}}
      >
        <div
          style={
            Object {
              "background": "#0F89FF",
              "height": "200px",
              "lineHeight": "200px",
              "textAlign": "center",
            }
          }
        >
          Content
        </div>
      </div>
      <div
        className="c1"
        display={true}
        style={Object {}}
      >
        <div
          style={
            Object {
              "background": "#0f13ff",
              "height": "60px",
              "lineHeight": "60px",
              "textAlign": "center",
            }
          }
        >
          Footer
        </div>
      </div>
    </div>
  </div>
  <p>
    flex-direction: row; Aside collapsible
  </p>
  <div
    className="c3"
    direction="row"
    style={Object {}}
  >
    <div
      className="c0"
      style={Object {}}
    >
      <div
        className="c1"
        display={true}
        style={Object {}}
      >
        <div
          style={
            Object {
              "background": "#381be5",
              "height": "60px",
              "lineHeight": "60px",
              "textAlign": "center",
            }
          }
        >
          Header
        </div>
      </div>
      <div
        className="c2"
        display={true}
        style={Object {}}
      >
        <div
          style={
            Object {
              "background": "#0F89FF",
              "height": "200px",
              "lineHeight": "200px",
              "textAlign": "center",
            }
          }
        >
          Content
        </div>
      </div>
      <div
        className="c1"
        display={true}
        style={Object {}}
      >
        <div
          style={
            Object {
              "background": "#0f13ff",
              "height": "60px",
              "lineHeight": "60px",
              "textAlign": "center",
            }
          }
        >
          Footer
        </div>
      </div>
    </div>
    <div
      className="c4"
    >
      <div
        className="c5"
        style={
          Object {
            "backgroundColor": "red",
          }
        }
      >
        <div>
          <div>
            Aside
          </div>
        </div>
        <div
          className="c6"
          onClick={[Function]}
          style={
            Object {
              "backgroundColor": "green",
              "height": "6rem",
            }
          }
        >
          <i
            className="lugia-icon-direction_right c7  c8"
            onClick={[Function]}
            onMouseDown={[Function]}
            onMouseEnter={[Function]}
            onMouseLeave={[Function]}
            onMouseUp={[Function]}
            style={Object {}}
          />
        </div>
      </div>
    </div>
  </div>
  <p>
    theme
  </p>
  <div
    className="c0"
    style={
      Object {
        "marginBottom": "3rem",
        "marginLeft": "5rem",
        "marginRight": "4rem",
        "marginTop": "2rem",
        "width": "50rem",
      }
    }
  >
    <div
      className="c1"
      display={true}
      style={
        Object {
          "backgroundColor": "red",
          "height": "10rem",
          "marginBottom": "1rem",
          "marginLeft": "2rem",
          "marginRight": "2rem",
          "marginTop": "1rem",
          "width": "40rem",
        }
      }
    >
      header
    </div>
    <div
      className="c2"
      display={true}
      style={
        Object {
          "backgroundColor": "green",
          "height": "10rem",
          "marginBottom": "1rem",
          "marginLeft": "2rem",
          "marginRight": "2rem",
          "marginTop": "1rem",
          "width": "40rem",
        }
      }
    >
      content
    </div>
    <div
      className="c1"
      display={true}
      style={
        Object {
          "backgroundColor": "blue",
          "height": "10rem",
          "marginBottom": "1rem",
          "marginLeft": "2rem",
          "marginRight": "2rem",
          "marginTop": "1rem",
          "width": "40rem",
        }
      }
    >
      footer
    </div>
  </div>
  <p>
    flex-direction: row;
  </p>
  <div
    className="c3"
    direction="row"
    style={
      Object {
        "height": "50rem",
        "width": "50rem",
      }
    }
  >
    <div
      className="c4"
    >
      <div
        className="c5"
        style={Object {}}
      >
        <div>
          <div
            style={
              Object {
                "background": "#11b4ff",
                "height": "320px",
                "lineHeight": "200px",
                "textAlign": "center",
                "width": "200px",
              }
            }
          >
            Aside
          </div>
        </div>
      </div>
    </div>
    <div
      className="c0"
      style={
        Object {
          "height": "50rem",
          "width": "50rem",
        }
      }
    >
      <div
        className="c1"
        display={true}
        style={Object {}}
      >
        <div
          style={
            Object {
              "background": "#381be5",
              "height": "100%",
            }
          }
        >
          heder
        </div>
      </div>
      <div
        className="c2"
        display={true}
        style={Object {}}
      >
        <div
          style={
            Object {
              "background": "#0F89FF",
              "height": "300px",
            }
          }
        >
          content
        </div>
        <div
          className="c9"
          onClick={[Function]}
          order={2}
        >
          <i
            className="lugia-icon-direction_arrows_alt c10  c8"
            onClick={[Function]}
            onMouseDown={[Function]}
            onMouseEnter={[Function]}
            onMouseLeave={[Function]}
            onMouseUp={[Function]}
            style={Object {}}
          />
        </div>
      </div>
      <div
        className="c1"
        display={true}
        style={Object {}}
      >
        <div
          style={
            Object {
              "background": "#0f13ff",
              "height": "100%",
            }
          }
        >
          footer
        </div>
      </div>
    </div>
  </div>
  <p>
    flex-direction: row;
  </p>
  <div
    className="c3"
    direction="row"
    style={
      Object {
        "height": "50rem",
        "width": "50rem",
      }
    }
  >
    <div
      className="c4"
    >
      <div
        className="c5"
        style={Object {}}
      >
        <div>
          <div
            style={
              Object {
                "background": "#11b4ff",
                "height": "320px",
                "lineHeight": "200px",
                "textAlign": "center",
                "width": "200px",
              }
            }
          >
            Aside
          </div>
        </div>
      </div>
    </div>
    <div
      className="c0"
      style={
        Object {
          "height": "50rem",
          "width": "50rem",
        }
      }
    >
      <div
        className="c1"
        display={true}
        style={Object {}}
      >
        <div
          style={
            Object {
              "background": "#381be5",
              "height": "50px",
            }
          }
        >
          heder
        </div>
        <div
          className="c9"
          onClick={[Function]}
          order={1}
        >
          <i
            className="lugia-icon-direction_arrows_alt c10  c8"
            onClick={[Function]}
            onMouseDown={[Function]}
            onMouseEnter={[Function]}
            onMouseLeave={[Function]}
            onMouseUp={[Function]}
            style={Object {}}
          />
        </div>
      </div>
      <div
        className="c2"
        display={true}
        style={Object {}}
      >
        <div
          style={
            Object {
              "background": "#0F89FF",
              "height": "200px",
            }
          }
        >
          content
        </div>
      </div>
      <div
        className="c1"
        display={true}
        style={Object {}}
      >
        <div
          style={
            Object {
              "background": "#0f13ff",
              "height": "50px",
            }
          }
        >
          footer
        </div>
      </div>
    </div>
  </div>
  <p>
    flex-direction: row;
  </p>
  <div
    className="c3"
    direction="row"
    style={
      Object {
        "height": "50rem",
        "width": "50rem",
      }
    }
  >
    <div
      className="c4"
    >
      <div
        className="c5"
        style={Object {}}
      >
        <div>
          <div
            style={
              Object {
                "background": "#11b4ff",
                "height": "320px",
                "lineHeight": "200px",
                "textAlign": "center",
                "width": "200px",
              }
            }
          >
            Aside
          </div>
        </div>
      </div>
    </div>
    <div
      className="c0"
      style={
        Object {
          "height": "50rem",
          "width": "50rem",
        }
      }
    >
      <div
        className="c1"
        display={true}
        style={Object {}}
      >
        <div
          style={
            Object {
              "background": "#381be5",
              "height": "100%",
            }
          }
        >
          heder
        </div>
        <div
          className="c9"
          onClick={[Function]}
          order={1}
        >
          <i
            className="lugia-icon-direction_arrows_alt c10  c8"
            onClick={[Function]}
            onMouseDown={[Function]}
            onMouseEnter={[Function]}
            onMouseLeave={[Function]}
            onMouseUp={[Function]}
            style={Object {}}
          />
        </div>
      </div>
      <div
        className="c2"
        display={true}
        style={Object {}}
      >
        <div
          className="c3"
          direction="row"
          style={
            Object {
              "height": "50rem",
              "width": "50rem",
            }
          }
        >
          <div
            className="c1"
            display={true}
            style={Object {}}
          >
            <div
              style={
                Object {
                  "background": "#45e520",
                  "height": "100%",
                  "width": "100%",
                }
              }
            >
              好好好好
            </div>
            <div
              className="c9"
              onClick={[Function]}
              order={3}
            >
              <i
                className="lugia-icon-direction_arrows_alt c10  c8"
                onClick={[Function]}
                onMouseDown={[Function]}
                onMouseEnter={[Function]}
                onMouseLeave={[Function]}
                onMouseUp={[Function]}
                style={Object {}}
              />
            </div>
          </div>
          <div
            className="c2"
            display={true}
            style={Object {}}
          >
            <div
              style={
                Object {
                  "background": "#ff7d62",
                  "height": "100%",
                }
              }
            >
              好
            </div>
            <div
              className="c9"
              onClick={[Function]}
              order={4}
            >
              <i
                className="lugia-icon-direction_arrows_alt c10  c8"
                onClick={[Function]}
                onMouseDown={[Function]}
                onMouseEnter={[Function]}
                onMouseLeave={[Function]}
                onMouseUp={[Function]}
                style={Object {}}
              />
            </div>
          </div>
          <div
            className="c1"
            display={true}
            style={Object {}}
          >
            <div
              style={
                Object {
                  "background": "#a42dff",
                  "height": "100%",
                  "width": "100%",
                }
              }
            >
              好好好好
            </div>
            <div
              className="c9"
              onClick={[Function]}
              order={5}
            >
              <i
                className="lugia-icon-direction_arrows_alt c10  c8"
                onClick={[Function]}
                onMouseDown={[Function]}
                onMouseEnter={[Function]}
                onMouseLeave={[Function]}
                onMouseUp={[Function]}
                style={Object {}}
              />
            </div>
          </div>
        </div>
      </div>
      <div
        className="c1"
        display={true}
        style={Object {}}
      >
        <div
          style={
            Object {
              "background": "#0f13ff",
              "height": "100%",
            }
          }
        >
          footer
        </div>
        <div
          className="c9"
          onClick={[Function]}
          order={6}
        >
          <i
            className="lugia-icon-direction_arrows_alt c10  c8"
            onClick={[Function]}
            onMouseDown={[Function]}
            onMouseEnter={[Function]}
            onMouseLeave={[Function]}
            onMouseUp={[Function]}
            style={Object {}}
          />
        </div>
      </div>
    </div>
  </div>
</div>
`;
