// Jest Snapshot v1, https://goo.gl/fbAQLP

exports[`tabpaneDemo Component JSON 1`] = `
.c0 {
  position: relative;
  cursor: pointer;
  white-space: nowrap;
  padding: 0 20px;
  display: inline-block;
  text-align: center;
}

.c1 {
  position: relative;
  display: inline-block;
  box-sizing: border-box;
  -webkit-user-select: none;
  -moz-user-select: none;
  -ms-user-select: none;
  user-select: none;
  line-height: 3.1rem;
  height: 3.1rem;
}

.c1:focus {
  color: #4d63ff;
}

<div
  className="c0"
  onClick={[Function]}
  onMouseEnter={[Function]}
  onMouseLeave={[Function]}
  style={Object {}}
>
  <div
    className="cardTitle  c1"
    style={
      Object {
        "lineHeight": "32px",
      }
    }
  >
    tabs
  </div>
</div>
`;
