// Jest Snapshot v1, https://goo.gl/fbAQLP

exports[`Theme Theme 1`] = `
<div>
  hello everyone
</div>
`;
