// Jest Snapshot v1, https://goo.gl/fbAQLP

exports[`Avatar css 1`] = `
.c6 {
  -webkit-user-select: none;
  -moz-user-select: none;
  -ms-user-select: none;
  user-select: none;
  cursor: pointer;
  display: inline-block;
  text-align: center;
  text-transform: none;
  vertical-align: middle !important;
}

.c2 {
  text-align: center;
}

.c1 {
  box-sizing: border-box;
  display: inline-block;
  text-align: center;
  white-space: nowrap;
  position: relative;
  vertical-align: middle;
  color: rgba(0,0,0,0.65);
  border-radius: 10%;
  line-height: 3.2rem;
  min-width: 2.4rem;
  min-height: 2.4rem;
}

.c4 {
  box-sizing: border-box;
  display: inline-block;
  text-align: center;
  white-space: nowrap;
  position: relative;
  vertical-align: middle;
  color: rgba(0,0,0,0.65);
  border-radius: 50%;
  line-height: 3.2rem;
  min-width: 2.4rem;
  min-height: 2.4rem;
}

.c5 {
  box-sizing: border-box;
  display: inline-block;
  text-align: center;
  white-space: nowrap;
  position: relative;
  vertical-align: middle;
  color: rgba(0,0,0,0.65);
  border-radius: 10%;
  line-height: 2.4rem;
  min-width: 2.4rem;
  min-height: 2.4rem;
}

.c7 {
  box-sizing: border-box;
  display: inline-block;
  text-align: center;
  white-space: nowrap;
  position: relative;
  vertical-align: middle;
  color: rgba(0,0,0,0.65);
  border-radius: 10%;
  line-height: 4rem;
  min-width: 2.4rem;
  min-height: 2.4rem;
}

.c8 {
  box-sizing: border-box;
  display: inline-block;
  text-align: center;
  white-space: nowrap;
  position: relative;
  vertical-align: middle;
  color: rgba(0,0,0,0.65);
  border-radius: 50%;
  line-height: 2.4rem;
  min-width: 2.4rem;
  min-height: 2.4rem;
}

.c9 {
  box-sizing: border-box;
  display: inline-block;
  text-align: center;
  white-space: nowrap;
  position: relative;
  vertical-align: middle;
  color: rgba(0,0,0,0.65);
  border-radius: 50%;
  line-height: 4rem;
  min-width: 2.4rem;
  min-height: 2.4rem;
}

.c3 {
  -webkit-user-select: none;
  -moz-user-select: none;
  -ms-user-select: none;
  user-select: none;
  color: white;
  width: 3.2rem;
  height: 3.2rem;
}

.c10 {
  -webkit-user-select: none;
  -moz-user-select: none;
  -ms-user-select: none;
  user-select: none;
  color: white;
  width: 2.4rem;
  height: 2.4rem;
}

.c11 {
  -webkit-user-select: none;
  -moz-user-select: none;
  -ms-user-select: none;
  user-select: none;
  color: white;
  width: 4rem;
  height: 4rem;
}

.c13 {
  width: 100%;
  height: 100%;
}

.c12 {
  min-width: 2.4rem;
  min-height: 2.4rem;
}

.c15 {
  overflow: hidden;
  text-align: center;
  font-weight: normal;
  white-space: nowrap;
  height: 1.4rem;
  background-color: #f22735;
  padding-top: 0rem;
  padding-bottom: 0rem;
  padding-left: 0.4rem;
  padding-right: 0.4rem;
  border-radius: 0.8rem;
}

.c16 {
  -webkit-transition: all 0.3s cubic-bezier(0.645,0.045,0.355,1);
  transition: all 0.3s cubic-bezier(0.645,0.045,0.355,1);
  white-space: nowrap;
  text-align: center;
  -webkit-transform: translateY(-100%);
  -ms-transform: translateY(-100%);
  transform: translateY(-100%);
  display: inline-block;
  height: 1.4rem;
  color: #ffffff;
}

.c18 {
  -webkit-transition: all 0.3s cubic-bezier(0.645,0.045,0.355,1);
  transition: all 0.3s cubic-bezier(0.645,0.045,0.355,1);
  white-space: nowrap;
  text-align: center;
  -webkit-transform: translateY(0%);
  -ms-transform: translateY(0%);
  transform: translateY(0%);
  display: inline-block;
  height: 1.4rem;
  color: #ffffff;
}

.c17 {
  text-align: center;
  box-sizing: border-box;
  line-height: 1.4rem;
  height: 1.4rem;
  color: #ffffff;
}

.c19 {
  box-sizing: border-box;
  position: absolute;
  z-index: 10;
  border-radius: 100%;
  font-size: 1rem;
  width: 1rem;
  height: 1rem;
  color: #ffffff;
  background-color: #f22735;
}

.c14 {
  background: transparent;
  box-sizing: border-box;
  position: relative;
  display: inline-block;
  line-height: 1;
  min-width: 1rem;
  min-height: 1rem;
}

.c0 {
  float: left;
  margin-left: 50px;
  text-align: center;
  padding: 20px;
}

<div>
  <div
    className="c0"
  >
    <div
      className="c1"
      style={
        Object {
          "backgroundColor": "#e2e2e2",
          "height": "4rem",
          "width": "4rem",
        }
      }
    >
      <div
        className="c2"
        style={
          Object {
            "height": "4rem",
            "lineHeight": "4rem",
            "width": "4rem",
          }
        }
      >
        <span
          className="c3"
          size="default"
          style={
            Object {
              "color": "red",
            }
          }
        >
          l
        </span>
      </div>
    </div>
    <div
      className="c1"
      style={
        Object {
          "backgroundColor": "#e2e2e2",
          "height": "4rem",
          "width": "4rem",
        }
      }
    >
      <div
        className="c2"
        style={
          Object {
            "height": "4rem",
            "lineHeight": "4rem",
            "width": "4rem",
          }
        }
      >
        <span
          className="c3"
          size="default"
          style={
            Object {
              "color": "red",
            }
          }
        >
          lu
        </span>
      </div>
    </div>
    <div
      className="c1"
      style={
        Object {
          "backgroundColor": "#e2e2e2",
          "height": "4rem",
          "width": "4rem",
        }
      }
    >
      <div
        className="c2"
        style={
          Object {
            "height": "4rem",
            "lineHeight": "4rem",
            "width": "4rem",
          }
        }
      >
        <span
          className="c3"
          size="default"
          style={
            Object {
              "color": "red",
            }
          }
        >
          lug
        </span>
      </div>
    </div>
    <div
      className="c1"
      style={
        Object {
          "backgroundColor": "#e2e2e2",
          "height": "4rem",
          "width": "4rem",
        }
      }
    >
      <div
        className="c2"
        style={
          Object {
            "height": "4rem",
            "lineHeight": "4rem",
            "width": "4rem",
          }
        }
      >
        <span
          className="c3"
          size="default"
          style={
            Object {
              "color": "red",
            }
          }
        >
          lugia
        </span>
      </div>
    </div>
    <br />
    <div
      className="c4"
      style={
        Object {
          "backgroundColor": "#e2e2e2",
          "height": "4rem",
          "width": "4rem",
        }
      }
    >
      <div
        className="c2"
        style={
          Object {
            "height": "4rem",
            "lineHeight": "4rem",
            "width": "4rem",
          }
        }
      >
        <span
          className="c3"
          size="default"
          style={
            Object {
              "color": "red",
            }
          }
        >
          l
        </span>
      </div>
    </div>
    <div
      className="c4"
      style={
        Object {
          "backgroundColor": "#e2e2e2",
          "height": "4rem",
          "width": "4rem",
        }
      }
    >
      <div
        className="c2"
        style={
          Object {
            "height": "4rem",
            "lineHeight": "4rem",
            "width": "4rem",
          }
        }
      >
        <span
          className="c3"
          size="default"
          style={
            Object {
              "color": "red",
            }
          }
        >
          lu
        </span>
      </div>
    </div>
    <div
      className="c4"
      style={
        Object {
          "backgroundColor": "#e2e2e2",
          "height": "4rem",
          "width": "4rem",
        }
      }
    >
      <div
        className="c2"
        style={
          Object {
            "height": "4rem",
            "lineHeight": "4rem",
            "width": "4rem",
          }
        }
      >
        <span
          className="c3"
          size="default"
          style={
            Object {
              "color": "red",
            }
          }
        >
          lug
        </span>
      </div>
    </div>
    <div
      className="c4"
      style={
        Object {
          "backgroundColor": "#e2e2e2",
          "height": "4rem",
          "width": "4rem",
        }
      }
    >
      <div
        className="c2"
        style={
          Object {
            "height": "4rem",
            "lineHeight": "4rem",
            "width": "4rem",
          }
        }
      >
        <span
          className="c3"
          size="default"
          style={
            Object {
              "color": "red",
            }
          }
        >
          lugia
        </span>
      </div>
    </div>
  </div>
  <div
    className="c0"
  >
    <div
      className="c5"
      style={
        Object {
          "backgroundColor": "#e2e2e2",
          "height": "4rem",
          "width": "4rem",
        }
      }
    >
      <div
        className="c2"
        style={
          Object {
            "height": "4rem",
            "lineHeight": "4rem",
            "width": "4rem",
          }
        }
      >
        <i
          className="lugia-icon-financial_user   c6"
          onClick={[Function]}
          onMouseDown={[Function]}
          onMouseEnter={[Function]}
          onMouseLeave={[Function]}
          onMouseUp={[Function]}
          style={
            Object {
              "color": "purple",
              "fontSize": "1.2rem",
            }
          }
        />
      </div>
    </div>
    <div
      className="c1"
      style={
        Object {
          "backgroundColor": "#e2e2e2",
          "height": "4rem",
          "width": "4rem",
        }
      }
    >
      <div
        className="c2"
        style={
          Object {
            "height": "4rem",
            "lineHeight": "4rem",
            "width": "4rem",
          }
        }
      >
        <i
          className="lugia-icon-financial_user   c6"
          onClick={[Function]}
          onMouseDown={[Function]}
          onMouseEnter={[Function]}
          onMouseLeave={[Function]}
          onMouseUp={[Function]}
          style={
            Object {
              "color": "purple",
              "fontSize": "1.8rem",
            }
          }
        />
      </div>
    </div>
    <div
      className="c7"
      style={
        Object {
          "backgroundColor": "#e2e2e2",
          "height": "4rem",
          "width": "4rem",
        }
      }
    >
      <div
        className="c2"
        style={
          Object {
            "height": "4rem",
            "lineHeight": "4rem",
            "width": "4rem",
          }
        }
      >
        <i
          className="lugia-icon-financial_user   c6"
          onClick={[Function]}
          onMouseDown={[Function]}
          onMouseEnter={[Function]}
          onMouseLeave={[Function]}
          onMouseUp={[Function]}
          style={
            Object {
              "color": "purple",
              "fontSize": "2.2rem",
            }
          }
        />
      </div>
    </div>
    <br />
    <div
      className="c8"
      style={
        Object {
          "backgroundColor": "#e2e2e2",
          "height": "4rem",
          "width": "4rem",
        }
      }
    >
      <div
        className="c2"
        style={
          Object {
            "height": "4rem",
            "lineHeight": "4rem",
            "width": "4rem",
          }
        }
      >
        <i
          className="lugia-icon-financial_user   c6"
          onClick={[Function]}
          onMouseDown={[Function]}
          onMouseEnter={[Function]}
          onMouseLeave={[Function]}
          onMouseUp={[Function]}
          style={
            Object {
              "color": "orange",
              "fontSize": "1.2rem",
            }
          }
        />
      </div>
    </div>
    <div
      className="c4"
      style={
        Object {
          "backgroundColor": "#e2e2e2",
          "height": "4rem",
          "width": "4rem",
        }
      }
    >
      <div
        className="c2"
        style={
          Object {
            "height": "4rem",
            "lineHeight": "4rem",
            "width": "4rem",
          }
        }
      >
        <i
          className="lugia-icon-financial_user   c6"
          onClick={[Function]}
          onMouseDown={[Function]}
          onMouseEnter={[Function]}
          onMouseLeave={[Function]}
          onMouseUp={[Function]}
          style={
            Object {
              "color": "orange",
              "fontSize": "1.8rem",
            }
          }
        />
      </div>
    </div>
    <div
      className="c9"
      style={
        Object {
          "backgroundColor": "#e2e2e2",
          "height": "4rem",
          "width": "4rem",
        }
      }
    >
      <div
        className="c2"
        style={
          Object {
            "height": "4rem",
            "lineHeight": "4rem",
            "width": "4rem",
          }
        }
      >
        <i
          className="lugia-icon-financial_user   c6"
          onClick={[Function]}
          onMouseDown={[Function]}
          onMouseEnter={[Function]}
          onMouseLeave={[Function]}
          onMouseUp={[Function]}
          style={
            Object {
              "color": "orange",
              "fontSize": "2.2rem",
            }
          }
        />
      </div>
    </div>
  </div>
  <div
    className="c0"
  >
    <div
      className="c5"
      style={
        Object {
          "backgroundColor": "#e2e2e2",
          "height": "4rem",
          "width": "4rem",
        }
      }
    >
      <div
        className="c2"
        style={
          Object {
            "height": "4rem",
            "lineHeight": "4rem",
            "width": "4rem",
          }
        }
      >
        <span
          className="c10"
          size="small"
          style={
            Object {
              "color": "blue",
            }
          }
        >
          lugia
        </span>
      </div>
    </div>
    <div
      className="c1"
      style={
        Object {
          "backgroundColor": "#e2e2e2",
          "height": "4rem",
          "width": "4rem",
        }
      }
    >
      <div
        className="c2"
        style={
          Object {
            "height": "4rem",
            "lineHeight": "4rem",
            "width": "4rem",
          }
        }
      >
        <span
          className="c3"
          size="default"
          style={
            Object {
              "color": "blue",
            }
          }
        >
          lugia
        </span>
      </div>
    </div>
    <div
      className="c7"
      style={
        Object {
          "backgroundColor": "#e2e2e2",
          "height": "4rem",
          "width": "4rem",
        }
      }
    >
      <div
        className="c2"
        style={
          Object {
            "height": "4rem",
            "lineHeight": "4rem",
            "width": "4rem",
          }
        }
      >
        <span
          className="c11"
          size="large"
          style={
            Object {
              "color": "blue",
            }
          }
        >
          lugia
        </span>
      </div>
    </div>
    <br />
    <div
      className="c8"
      style={
        Object {
          "backgroundColor": "#e2e2e2",
          "height": "4rem",
          "width": "4rem",
        }
      }
    >
      <div
        className="c2"
        style={
          Object {
            "height": "4rem",
            "lineHeight": "4rem",
            "width": "4rem",
          }
        }
      >
        <span
          className="c10"
          size="small"
          style={
            Object {
              "color": "red",
            }
          }
        >
          lugia
        </span>
      </div>
    </div>
    <div
      className="c4"
      style={
        Object {
          "backgroundColor": "#e2e2e2",
          "height": "4rem",
          "width": "4rem",
        }
      }
    >
      <div
        className="c2"
        style={
          Object {
            "height": "4rem",
            "lineHeight": "4rem",
            "width": "4rem",
          }
        }
      >
        <span
          className="c3"
          size="default"
          style={
            Object {
              "color": "red",
            }
          }
        >
          lugia
        </span>
      </div>
    </div>
    <div
      className="c9"
      style={
        Object {
          "backgroundColor": "#e2e2e2",
          "height": "4rem",
          "width": "4rem",
        }
      }
    >
      <div
        className="c2"
        style={
          Object {
            "height": "4rem",
            "lineHeight": "4rem",
            "width": "4rem",
          }
        }
      >
        <span
          className="c11"
          size="large"
          style={
            Object {
              "color": "red",
            }
          }
        >
          lugia
        </span>
      </div>
    </div>
  </div>
  <div
    className="c0"
  >
    <div
      className="c1"
      style={
        Object {
          "backgroundColor": "#e2e2e2",
          "height": "4rem",
          "width": "4rem",
        }
      }
    >
      <div
        className="c2"
        style={
          Object {
            "height": "4rem",
            "lineHeight": "4rem",
            "width": "4rem",
          }
        }
      >
        <span
          className="c3"
          size="default"
          style={
            Object {
              "color": "red",
            }
          }
        >
          lugia
        </span>
      </div>
    </div>
    <div
      className="c1"
      style={
        Object {
          "backgroundColor": "#e2e2e2",
          "height": "4rem",
          "width": "4rem",
        }
      }
    >
      <div
        className="c2"
        style={
          Object {
            "height": "4rem",
            "lineHeight": "4rem",
            "width": "4rem",
          }
        }
      >
        <i
          className="lugia-icon-financial_user   c6"
          onClick={[Function]}
          onMouseDown={[Function]}
          onMouseEnter={[Function]}
          onMouseLeave={[Function]}
          onMouseUp={[Function]}
          style={
            Object {
              "color": "orange",
              "fontSize": "1.8rem",
            }
          }
        />
      </div>
    </div>
    <div
      className="c1"
      style={
        Object {
          "backgroundColor": "#e2e2e2",
          "height": "4rem",
          "width": "4rem",
        }
      }
    >
      <div
        className="c12"
        style={
          Object {
            "height": "4rem",
            "width": "4rem",
          }
        }
      >
        <img
          alt=""
          className="c13"
          src="http://192.168.102.73:8081/BigFrontend/Work/ued/lugia/raw/master/lugiaweb%E7%BB%84%E4%BB%B6/%E5%A4%B4%E5%83%8F/32.jpg"
          style={
            Object {
              "borderBottomLeftRadius": "10%",
              "borderBottomRightRadius": "10%",
              "borderTopLeftRadius": "10%",
              "borderTopRightRadius": "10%",
            }
          }
        />
      </div>
    </div>
    <br />
    <div
      className="c4"
      style={
        Object {
          "backgroundColor": "#e2e2e2",
          "height": "4rem",
          "width": "4rem",
        }
      }
    >
      <div
        className="c2"
        style={
          Object {
            "height": "4rem",
            "lineHeight": "4rem",
            "width": "4rem",
          }
        }
      >
        <span
          className="c3"
          size="default"
          style={
            Object {
              "color": "red",
            }
          }
        >
          lugia
        </span>
      </div>
    </div>
    <div
      className="c4"
      style={
        Object {
          "backgroundColor": "#e2e2e2",
          "height": "4rem",
          "width": "4rem",
        }
      }
    >
      <div
        className="c2"
        style={
          Object {
            "height": "4rem",
            "lineHeight": "4rem",
            "width": "4rem",
          }
        }
      >
        <i
          className="lugia-icon-financial_user   c6"
          onClick={[Function]}
          onMouseDown={[Function]}
          onMouseEnter={[Function]}
          onMouseLeave={[Function]}
          onMouseUp={[Function]}
          style={
            Object {
              "color": "orange",
              "fontSize": "1.8rem",
            }
          }
        />
      </div>
    </div>
    <div
      className="c4"
      style={
        Object {
          "backgroundColor": "#e2e2e2",
          "height": "4rem",
          "width": "4rem",
        }
      }
    >
      <div
        className="c12"
        style={
          Object {
            "height": "4rem",
            "width": "4rem",
          }
        }
      >
        <img
          alt=""
          className="c13"
          src="http://192.168.102.73:8081/BigFrontend/Work/ued/lugia/raw/master/lugiaweb%E7%BB%84%E4%BB%B6/%E5%A4%B4%E5%83%8F/32.jpg"
          style={
            Object {
              "borderBottomLeftRadius": "50%",
              "borderBottomRightRadius": "50%",
              "borderTopLeftRadius": "50%",
              "borderTopRightRadius": "50%",
            }
          }
        />
      </div>
    </div>
  </div>
  <div
    className="c0"
  >
    <div
      className="c5"
      style={
        Object {
          "backgroundColor": "transparent",
        }
      }
    >
      <div
        className="c12"
        style={
          Object {
            "height": "2.4rem",
            "width": "2.4rem",
          }
        }
      >
        <img
          alt=""
          className="c13"
          src="http://192.168.102.73:8081/BigFrontend/Work/ued/lugia/raw/master/lugiaweb%E7%BB%84%E4%BB%B6/%E5%A4%B4%E5%83%8F/32.jpg"
          style={
            Object {
              "borderBottomLeftRadius": "10%",
              "borderBottomRightRadius": "10%",
              "borderTopLeftRadius": "10%",
              "borderTopRightRadius": "10%",
            }
          }
        />
      </div>
    </div>
    <div
      className="c1"
      style={
        Object {
          "backgroundColor": "transparent",
        }
      }
    >
      <div
        className="c12"
        style={
          Object {
            "height": "3.2rem",
            "width": "3.2rem",
          }
        }
      >
        <img
          alt=""
          className="c13"
          src="http://192.168.102.73:8081/BigFrontend/Work/ued/lugia/raw/master/lugiaweb%E7%BB%84%E4%BB%B6/%E5%A4%B4%E5%83%8F/32.jpg"
          style={
            Object {
              "borderBottomLeftRadius": "10%",
              "borderBottomRightRadius": "10%",
              "borderTopLeftRadius": "10%",
              "borderTopRightRadius": "10%",
            }
          }
        />
      </div>
    </div>
    <div
      className="c7"
      style={
        Object {
          "backgroundColor": "transparent",
        }
      }
    >
      <div
        className="c12"
        style={
          Object {
            "height": "4rem",
            "width": "4rem",
          }
        }
      >
        <img
          alt=""
          className="c13"
          src="http://192.168.102.73:8081/BigFrontend/Work/ued/lugia/raw/master/lugiaweb%E7%BB%84%E4%BB%B6/%E5%A4%B4%E5%83%8F/32.jpg"
          style={
            Object {
              "borderBottomLeftRadius": "10%",
              "borderBottomRightRadius": "10%",
              "borderTopLeftRadius": "10%",
              "borderTopRightRadius": "10%",
            }
          }
        />
      </div>
    </div>
  </div>
  <div
    className="c0"
  >
    <div
      className="c14"
      style={Object {}}
    >
      <div
        className="c7"
        style={
          Object {
            "backgroundColor": "#cccccc",
            "height": "4rem",
            "width": "4rem",
          }
        }
      >
        <div
          className="c2"
          style={
            Object {
              "height": "4rem",
              "lineHeight": "4rem",
            }
          }
        >
          <span
            className="c11"
            size="large"
            style={Object {}}
          >
            lugia
          </span>
        </div>
      </div>
      <div
        className=""
        style={
          Object {
            "position": "absolute",
            "right": "-0.5rem",
            "top": "-0.3rem",
          }
        }
      >
        <div
          className="c15"
          overflow={false}
          style={Object {}}
        >
          <span
            className="c16"
            style={Object {}}
            y={-100}
          >
            <p
              className="c17"
              style={Object {}}
            >
              0
            </p>
            <p
              className="c17"
              style={Object {}}
            >
              1
            </p>
            <p
              className="c17"
              style={Object {}}
            >
              2
            </p>
            <p
              className="c17"
              style={Object {}}
            >
              3
            </p>
            <p
              className="c17"
              style={Object {}}
            >
              4
            </p>
            <p
              className="c17"
              style={Object {}}
            >
              5
            </p>
            <p
              className="c17"
              style={Object {}}
            >
              6
            </p>
            <p
              className="c17"
              style={Object {}}
            >
              7
            </p>
            <p
              className="c17"
              style={Object {}}
            >
              8
            </p>
            <p
              className="c17"
              style={Object {}}
            >
              9
            </p>
          </span>
          <span
            className="c18"
            style={Object {}}
            y={-0}
          >
            <p
              className="c17"
              style={Object {}}
            >
              0
            </p>
            <p
              className="c17"
              style={Object {}}
            >
              1
            </p>
            <p
              className="c17"
              style={Object {}}
            >
              2
            </p>
            <p
              className="c17"
              style={Object {}}
            >
              3
            </p>
            <p
              className="c17"
              style={Object {}}
            >
              4
            </p>
            <p
              className="c17"
              style={Object {}}
            >
              5
            </p>
            <p
              className="c17"
              style={Object {}}
            >
              6
            </p>
            <p
              className="c17"
              style={Object {}}
            >
              7
            </p>
            <p
              className="c17"
              style={Object {}}
            >
              8
            </p>
            <p
              className="c17"
              style={Object {}}
            >
              9
            </p>
          </span>
        </div>
      </div>
    </div>
    <br />
    <br />
    <div
      className="c14"
      style={Object {}}
    >
      <div
        className="c7"
        style={
          Object {
            "backgroundColor": "#cccccc",
            "height": "4rem",
            "width": "4rem",
          }
        }
      >
        <div
          className="c2"
          style={
            Object {
              "height": "4rem",
              "lineHeight": "4rem",
            }
          }
        >
          <span
            className="c11"
            size="large"
            style={Object {}}
          >
            lugia
          </span>
        </div>
      </div>
      <div
        className="c19"
        style={
          Object {
            "position": "absolute",
            "right": "0rem",
            "top": "-0.3rem",
          }
        }
      />
    </div>
    <br />
    <br />
  </div>
  <div
    className="c0"
  >
    <div
      className="c14"
      style={Object {}}
    >
      <div
        className="c9"
        style={
          Object {
            "backgroundColor": "#cccccc",
            "height": "4rem",
            "width": "4rem",
          }
        }
      >
        <div
          className="c2"
          style={
            Object {
              "height": "4rem",
              "lineHeight": "4rem",
            }
          }
        >
          <i
            className="lugia-icon-financial_user   c6"
            onClick={[Function]}
            onMouseDown={[Function]}
            onMouseEnter={[Function]}
            onMouseLeave={[Function]}
            onMouseUp={[Function]}
            style={
              Object {
                "fontSize": "2.2rem",
              }
            }
          />
        </div>
      </div>
      <div
        className=""
        style={
          Object {
            "position": "absolute",
            "right": "-0.5rem",
            "top": "-0.3rem",
          }
        }
      >
        <div
          className="c15"
          overflow={false}
          style={Object {}}
        >
          <span
            className="c16"
            style={Object {}}
            y={-100}
          >
            <p
              className="c17"
              style={Object {}}
            >
              0
            </p>
            <p
              className="c17"
              style={Object {}}
            >
              1
            </p>
            <p
              className="c17"
              style={Object {}}
            >
              2
            </p>
            <p
              className="c17"
              style={Object {}}
            >
              3
            </p>
            <p
              className="c17"
              style={Object {}}
            >
              4
            </p>
            <p
              className="c17"
              style={Object {}}
            >
              5
            </p>
            <p
              className="c17"
              style={Object {}}
            >
              6
            </p>
            <p
              className="c17"
              style={Object {}}
            >
              7
            </p>
            <p
              className="c17"
              style={Object {}}
            >
              8
            </p>
            <p
              className="c17"
              style={Object {}}
            >
              9
            </p>
          </span>
          <span
            className="c18"
            style={Object {}}
            y={-0}
          >
            <p
              className="c17"
              style={Object {}}
            >
              0
            </p>
            <p
              className="c17"
              style={Object {}}
            >
              1
            </p>
            <p
              className="c17"
              style={Object {}}
            >
              2
            </p>
            <p
              className="c17"
              style={Object {}}
            >
              3
            </p>
            <p
              className="c17"
              style={Object {}}
            >
              4
            </p>
            <p
              className="c17"
              style={Object {}}
            >
              5
            </p>
            <p
              className="c17"
              style={Object {}}
            >
              6
            </p>
            <p
              className="c17"
              style={Object {}}
            >
              7
            </p>
            <p
              className="c17"
              style={Object {}}
            >
              8
            </p>
            <p
              className="c17"
              style={Object {}}
            >
              9
            </p>
          </span>
        </div>
      </div>
    </div>
    <br />
    <br />
    <div
      className="c14"
      style={Object {}}
    >
      <div
        className="c9"
        style={
          Object {
            "backgroundColor": "#cccccc",
            "height": "4rem",
            "width": "4rem",
          }
        }
      >
        <div
          className="c2"
          style={
            Object {
              "height": "4rem",
              "lineHeight": "4rem",
            }
          }
        >
          <i
            className="lugia-icon-financial_user   c6"
            onClick={[Function]}
            onMouseDown={[Function]}
            onMouseEnter={[Function]}
            onMouseLeave={[Function]}
            onMouseUp={[Function]}
            style={
              Object {
                "fontSize": "2.2rem",
              }
            }
          />
        </div>
      </div>
      <div
        className="c19"
        style={
          Object {
            "position": "absolute",
            "right": "0rem",
            "top": "-0.3rem",
          }
        }
      />
    </div>
  </div>
</div>
`;
