// Jest Snapshot v1, https://goo.gl/fbAQLP

exports[`Button ChedckButton CSS 1`] = `
.c1 {
  position: relative;
  display: inline-block;
  outline: none;
  -webkit-transition: all 0.3s;
  transition: all 0.3s;
}

.c2 {
  opacity: 0;
  outline: none;
  position: absolute;
  z-index: -1;
}

.c3 {
  display: inline-block;
  box-sizing: border-box;
  white-space: nowrap;
  vertical-align: middle;
  cursor: pointer;
  text-align: center;
  margin: 0;
  -webkit-transition: all 0.3s cubic-bezier(0.645,0.045,0.355,1);
  transition: all 0.3s cubic-bezier(0.645,0.045,0.355,1);
  border-left: 0;
  height: 2.8rem;
  line-height: 2.6rem;
  font-size: 1.2rem;
  color: #666666;
  opacity: 1;
  background-color: #fff;
  border-top-width: 0.1rem;
  border-top-style: solid;
  border-top-color: #cccccc;
  border-bottom-width: 0.1rem;
  border-bottom-style: solid;
  border-bottom-color: #cccccc;
  border-right-width: 0.1rem;
  border-right-style: solid;
  border-right-color: #cccccc;
  padding-top: 0rem;
  padding-bottom: 0rem;
  padding-left: 1rem;
  padding-right: 1rem;
}

.c5 {
  display: inline-block;
  box-sizing: border-box;
  white-space: nowrap;
  vertical-align: middle;
  cursor: pointer;
  text-align: center;
  margin: 0;
  -webkit-transition: all 0.3s cubic-bezier(0.645,0.045,0.355,1);
  transition: all 0.3s cubic-bezier(0.645,0.045,0.355,1);
  border-left: 0;
  height: 3.2rem;
  line-height: 3rem;
  font-size: 1.2rem;
  color: #666666;
  opacity: 1;
  background-color: #fff;
  border-top-width: 0.1rem;
  border-top-style: solid;
  border-top-color: #cccccc;
  border-bottom-width: 0.1rem;
  border-bottom-style: solid;
  border-bottom-color: #cccccc;
  border-right-width: 0.1rem;
  border-right-style: solid;
  border-right-color: #cccccc;
  padding-top: 0rem;
  padding-bottom: 0rem;
  padding-left: 1rem;
  padding-right: 1rem;
}

.c6 {
  display: inline-block;
  box-sizing: border-box;
  white-space: nowrap;
  vertical-align: middle;
  cursor: pointer;
  text-align: center;
  margin: 0;
  -webkit-transition: all 0.3s cubic-bezier(0.645,0.045,0.355,1);
  transition: all 0.3s cubic-bezier(0.645,0.045,0.355,1);
  border-left: 0;
  height: 3.8rem;
  line-height: 3.6rem;
  font-size: 1.2rem;
  color: #666666;
  opacity: 1;
  background-color: #fff;
  border-top-width: 0.1rem;
  border-top-style: solid;
  border-top-color: #cccccc;
  border-bottom-width: 0.1rem;
  border-bottom-style: solid;
  border-bottom-color: #cccccc;
  border-right-width: 0.1rem;
  border-right-style: solid;
  border-right-color: #cccccc;
  padding-top: 0rem;
  padding-bottom: 0rem;
  padding-left: 1rem;
  padding-right: 1rem;
}

.c7 {
  display: inline-block;
  box-sizing: border-box;
  white-space: nowrap;
  vertical-align: middle;
  cursor: pointer;
  text-align: center;
  margin: 0;
  -webkit-transition: all 0.3s cubic-bezier(0.645,0.045,0.355,1);
  transition: all 0.3s cubic-bezier(0.645,0.045,0.355,1);
  border-left: 0;
  height: 4.2rem;
  line-height: 4rem;
  font-size: 1.2rem;
  color: #666666;
  opacity: 1;
  background-color: #fff;
  border-top-width: 0.1rem;
  border-top-style: solid;
  border-top-color: #cccccc;
  border-bottom-width: 0.1rem;
  border-bottom-style: solid;
  border-bottom-color: #cccccc;
  border-right-width: 0.1rem;
  border-right-style: solid;
  border-right-color: #cccccc;
  padding-top: 0rem;
  padding-bottom: 0rem;
  padding-left: 1rem;
  padding-right: 1rem;
}

.c8 {
  display: inline-block;
  box-sizing: border-box;
  white-space: nowrap;
  vertical-align: middle;
  cursor: not-allowed;
  text-align: center;
  margin: 0;
  -webkit-transition: all 0.3s cubic-bezier(0.645,0.045,0.355,1);
  transition: all 0.3s cubic-bezier(0.645,0.045,0.355,1);
  border-left: 0;
  height: 3.2rem;
  line-height: 3rem;
  font-size: 1.2rem;
  color: #666666;
  opacity: 1;
  background-color: #fff;
  border-top-width: 0.1rem;
  border-top-style: solid;
  border-top-color: #cccccc;
  border-bottom-width: 0.1rem;
  border-bottom-style: solid;
  border-bottom-color: #cccccc;
  border-right-width: 0.1rem;
  border-right-style: solid;
  border-right-color: #cccccc;
  padding-top: 0rem;
  padding-bottom: 0rem;
  padding-left: 1rem;
  padding-right: 1rem;
}

.c0 {
  float: left;
  margin: 20px;
}

.c4 {
  margin-bottom: 10px;
}

<div>
  <div
    className="c0"
  >
    <h4>
      size
    </h4>
    <label
      className="c1"
      onMouseDown={[Function]}
      onMouseEnter={[Function]}
      onMouseLeave={[Function]}
      onMouseUp={[Function]}
      size="small"
    >
      <input
        className="c2"
        onBlur={[Function]}
        type="radio"
      />
      <span
        className="c3"
        onClick={[Function]}
        size="small"
        style={Object {}}
        type="checkbox"
      >
        CheckButton
      </span>
    </label>
    <div
      className="c4"
    />
    <label
      className="c1"
      onMouseDown={[Function]}
      onMouseEnter={[Function]}
      onMouseLeave={[Function]}
      onMouseUp={[Function]}
    >
      <input
        className="c2"
        onBlur={[Function]}
        type="radio"
      />
      <span
        className="c5"
        onClick={[Function]}
        style={Object {}}
        type="checkbox"
      >
        CheckButton
      </span>
    </label>
    <div
      className="c4"
    />
    <label
      className="c1"
      onMouseDown={[Function]}
      onMouseEnter={[Function]}
      onMouseLeave={[Function]}
      onMouseUp={[Function]}
      size="large"
    >
      <input
        className="c2"
        onBlur={[Function]}
        type="radio"
      />
      <span
        className="c6"
        onClick={[Function]}
        size="large"
        style={Object {}}
        type="checkbox"
      >
        CheckButton
      </span>
    </label>
    <div
      className="c4"
    />
    <label
      className="c1"
      onMouseDown={[Function]}
      onMouseEnter={[Function]}
      onMouseLeave={[Function]}
      onMouseUp={[Function]}
      size="bigger"
    >
      <input
        className="c2"
        onBlur={[Function]}
        type="radio"
      />
      <span
        className="c7"
        onClick={[Function]}
        size="bigger"
        style={Object {}}
        type="checkbox"
      >
        CheckButton
      </span>
    </label>
  </div>
  <div
    className="c0"
  >
    <h4>
      checked
    </h4>
    <label
      checked={true}
      className="c1"
      onMouseDown={[Function]}
      onMouseEnter={[Function]}
      onMouseLeave={[Function]}
      onMouseUp={[Function]}
    >
      <input
        className="c2"
        onBlur={[Function]}
        type="radio"
      />
      <span
        checked={true}
        className="c5"
        onClick={[Function]}
        style={
          Object {
            "backgroundColor": "#4d63ff",
            "borderBottomColor": "#4d63ff",
            "borderBottomStyle": "solid",
            "borderBottomWidth": "0.1rem",
            "borderRightColor": "#fff",
            "borderRightStyle": "solid",
            "borderRightWidth": "0.1rem",
            "borderTopColor": "#4d63ff",
            "borderTopStyle": "solid",
            "borderTopWidth": "0.1rem",
            "color": "#fff",
          }
        }
        type="checkbox"
      >
        CheckButton
      </span>
    </label>
    <div
      className="c4"
    />
    <label
      className="c1"
      onMouseDown={[Function]}
      onMouseEnter={[Function]}
      onMouseLeave={[Function]}
      onMouseUp={[Function]}
    >
      <input
        className="c2"
        onBlur={[Function]}
        type="radio"
      />
      <span
        className="c5"
        onClick={[Function]}
        style={Object {}}
        type="checkbox"
      >
        CheckButton
      </span>
    </label>
  </div>
  <div
    className="c0"
  >
    <h4>
      disabled
    </h4>
    <label
      className="c1"
      disabled={true}
      onMouseDown={[Function]}
      onMouseEnter={[Function]}
      onMouseLeave={[Function]}
      onMouseUp={[Function]}
    >
      <input
        className="c2"
        onBlur={[Function]}
        type="radio"
      />
      <span
        className="c8"
        disabled={true}
        onClick={[Function]}
        style={
          Object {
            "backgroundColor": "#fff",
            "borderBottomColor": "#e8e8e8",
            "borderBottomStyle": "solid",
            "borderBottomWidth": "0.1rem",
            "borderRightColor": "#e8e8e8",
            "borderRightStyle": "solid",
            "borderRightWidth": "0.1rem",
            "borderTopColor": "#e8e8e8",
            "borderTopStyle": "solid",
            "borderTopWidth": "0.1rem",
            "color": "#cccccc",
            "fontSize": "1.2rem",
            "opacity": 1,
            "paddingBottom": "0rem",
            "paddingLeft": "1rem",
            "paddingRight": "1rem",
            "paddingTop": "0rem",
          }
        }
        type="checkbox"
      >
        CheckButton
      </span>
    </label>
    <div
      className="c4"
    />
    <label
      checked={true}
      className="c1"
      disabled={true}
      onMouseDown={[Function]}
      onMouseEnter={[Function]}
      onMouseLeave={[Function]}
      onMouseUp={[Function]}
    >
      <input
        className="c2"
        onBlur={[Function]}
        type="radio"
      />
      <span
        checked={true}
        className="c8"
        disabled={true}
        onClick={[Function]}
        style={
          Object {
            "backgroundColor": "rgba(77,99,255,0.05)",
            "borderBottomColor": "#e8e8e8",
            "borderBottomStyle": "solid",
            "borderBottomWidth": "0.1rem",
            "borderRightColor": "#fff",
            "borderRightStyle": "solid",
            "borderRightWidth": "0.1rem",
            "borderTopColor": "#e8e8e8",
            "borderTopStyle": "solid",
            "borderTopWidth": "0.1rem",
            "color": "#cccccc",
            "fontSize": "1.2rem",
            "opacity": 1,
            "paddingBottom": "0rem",
            "paddingLeft": "1rem",
            "paddingRight": "1rem",
            "paddingTop": "0rem",
          }
        }
        type="checkbox"
      >
        CheckButton
      </span>
    </label>
  </div>
</div>
`;
