// Jest Snapshot v1, https://goo.gl/fbAQLP

exports[`Collapse Collapse CSS 1`] = `
.c3 {
  box-sizing: border-box;
  position: relative;
  font-size: 1.4rem;
  cursor: pointer;
  line-height: 1;
  -webkit-user-select: none;
  -moz-user-select: none;
  -ms-user-select: none;
  user-select: none;
  -webkit-transition: all 0.3s;
  transition: all 0.3s;
  color: #363B40;
  opacity: 1;
}

.c5 {
  color: #363B40;
  font-size: 1.4rem;
}

.c6 {
  box-sizing: border-box;
  overflow: hidden;
  height: 0rem;
}

.c7 {
  box-sizing: border-box;
  line-height: 1.5;
  color: #646A6E;
  font-size: 1.4rem;
  font-weight: 300;
  background-color: #ffffff;
}

.c2 {
  font-size: 1.4rem;
  box-sizing: border-box;
  background: transparent;
  border-style: solid;
  -webkit-transition: all 0.3s;
  transition: all 0.3s;
  border-color: #d0d3da;
  border-width: 0 0 0px;
}

.c4 {
  -webkit-user-select: none;
  -moz-user-select: none;
  -ms-user-select: none;
  user-select: none;
  cursor: pointer;
  position: absolute;
  top: 50%;
  left: 1rem;
  -webkit-transition: all 0.3s;
  transition: all 0.3s;
  -webkit-transform: translateY(-50%);
  -ms-transform: translateY(-50%);
  transform: translateY(-50%);
}

.c1 {
  font-size: 1.4rem;
  opacity: 1;
}

.c0 {
  width: 900px;
  margin: 0 auto;
  padding: 50px;
  border: 1px solid #e8e8e8;
}

<div>
  <div
    className="c0"
  >
    <div
      className="c1"
      style={
        Object {
          "backgroundColor": "blue",
          "borderBottomLeftRadius": "2rem",
          "borderBottomRightRadius": "2rem",
          "borderTopLeftRadius": "2rem",
          "borderTopRightRadius": "2rem",
        }
      }
    >
      <div
        className="c2"
        onMouseEnter={[Function]}
        onMouseLeave={[Function]}
        style={
          Object {
            "borderBottomColor": "blue",
            "borderBottomLeftRadius": "0.4rem",
            "borderBottomRightRadius": "0.4rem",
            "borderBottomStyle": "solid",
            "borderBottomWidth": "0.1rem",
            "borderTopLeftRadius": "0.4rem",
            "borderTopRightRadius": "0.4rem",
          }
        }
      >
        <div
          className="c3"
          disabled={false}
          onClick={[Function]}
          style={
            Object {
              "backgroundColor": "pink",
              "borderBottomLeftRadius": "2rem",
              "borderBottomRightRadius": "2rem",
              "borderTopLeftRadius": "2rem",
              "borderTopRightRadius": "2rem",
              "paddingBottom": "1.6rem",
              "paddingLeft": "3.2rem",
              "paddingRight": "0rem",
              "paddingTop": "1.6rem",
            }
          }
        >
          <i
            className="lugia-icon-direction_caret_right   c4"
            disabled={false}
            onClick={[Function]}
            onMouseDown={[Function]}
            onMouseEnter={[Function]}
            onMouseLeave={[Function]}
            onMouseUp={[Function]}
            style={
              Object {
                "color": "#646A6E",
                "fontSize": "1.4rem",
              }
            }
          />
          <span
            className="c5"
            style={Object {}}
          >
            LUGIA
          </span>
        </div>
        <div
          className="c6"
          height={0}
          open={false}
          style={Object {}}
        >
          <div
            className="c7"
            style={
              Object {
                "backgroundColor": "pink",
                "borderBottomLeftRadius": "2rem",
                "borderBottomRightRadius": "2rem",
                "borderTopLeftRadius": "2rem",
                "borderTopRightRadius": "2rem",
                "paddingBottom": "2.2rem",
                "paddingLeft": "3.4rem",
                "paddingRight": "3rem",
                "paddingTop": "0.6rem",
              }
            }
          >
            <div>
              PanelContent...
            </div>
            <div>
              PanelContent...
            </div>
          </div>
        </div>
      </div>
      <div
        className="c2"
        onMouseEnter={[Function]}
        onMouseLeave={[Function]}
        style={
          Object {
            "borderBottomColor": "blue",
            "borderBottomLeftRadius": "0.4rem",
            "borderBottomRightRadius": "0.4rem",
            "borderBottomStyle": "solid",
            "borderBottomWidth": "0.1rem",
            "borderTopLeftRadius": "0.4rem",
            "borderTopRightRadius": "0.4rem",
          }
        }
      >
        <div
          className="c3"
          disabled={false}
          onClick={[Function]}
          style={
            Object {
              "backgroundColor": "pink",
              "borderBottomLeftRadius": "2rem",
              "borderBottomRightRadius": "2rem",
              "borderTopLeftRadius": "2rem",
              "borderTopRightRadius": "2rem",
              "paddingBottom": "1.6rem",
              "paddingLeft": "3.2rem",
              "paddingRight": "0rem",
              "paddingTop": "1.6rem",
            }
          }
        >
          <i
            className="lugia-icon-direction_caret_right   c4"
            disabled={false}
            onClick={[Function]}
            onMouseDown={[Function]}
            onMouseEnter={[Function]}
            onMouseLeave={[Function]}
            onMouseUp={[Function]}
            style={
              Object {
                "color": "#646A6E",
                "fontSize": "1.4rem",
              }
            }
          />
          <span
            className="c5"
            style={Object {}}
          >
            LUGIA
          </span>
        </div>
        <div
          className="c6"
          height={0}
          open={false}
          style={Object {}}
        >
          <div
            className="c7"
            style={
              Object {
                "backgroundColor": "pink",
                "borderBottomLeftRadius": "2rem",
                "borderBottomRightRadius": "2rem",
                "borderTopLeftRadius": "2rem",
                "borderTopRightRadius": "2rem",
                "paddingBottom": "2.2rem",
                "paddingLeft": "3.4rem",
                "paddingRight": "3rem",
                "paddingTop": "0.6rem",
              }
            }
          >
            <div>
              PanelContent...
            </div>
            <div>
              PanelContent...
            </div>
          </div>
        </div>
      </div>
      <div
        className="c2"
        onMouseEnter={[Function]}
        onMouseLeave={[Function]}
        style={
          Object {
            "borderBottomColor": "blue",
            "borderBottomLeftRadius": "0.4rem",
            "borderBottomRightRadius": "0.4rem",
            "borderBottomStyle": "solid",
            "borderBottomWidth": "0.1rem",
            "borderTopLeftRadius": "0.4rem",
            "borderTopRightRadius": "0.4rem",
          }
        }
      >
        <div
          className="c3"
          disabled={false}
          onClick={[Function]}
          style={
            Object {
              "backgroundColor": "pink",
              "borderBottomLeftRadius": "2rem",
              "borderBottomRightRadius": "2rem",
              "borderTopLeftRadius": "2rem",
              "borderTopRightRadius": "2rem",
              "paddingBottom": "1.6rem",
              "paddingLeft": "3.2rem",
              "paddingRight": "0rem",
              "paddingTop": "1.6rem",
            }
          }
        >
          <i
            className="lugia-icon-direction_caret_right   c4"
            disabled={false}
            onClick={[Function]}
            onMouseDown={[Function]}
            onMouseEnter={[Function]}
            onMouseLeave={[Function]}
            onMouseUp={[Function]}
            style={
              Object {
                "color": "#646A6E",
                "fontSize": "1.4rem",
              }
            }
          />
          <span
            className="c5"
            style={Object {}}
          >
            LUGIA
          </span>
        </div>
        <div
          className="c6"
          height={0}
          open={false}
          style={Object {}}
        >
          <div
            className="c7"
            style={
              Object {
                "backgroundColor": "pink",
                "borderBottomLeftRadius": "2rem",
                "borderBottomRightRadius": "2rem",
                "borderTopLeftRadius": "2rem",
                "borderTopRightRadius": "2rem",
                "paddingBottom": "2.2rem",
                "paddingLeft": "3.4rem",
                "paddingRight": "3rem",
                "paddingTop": "0.6rem",
              }
            }
          >
            <div>
              PanelContent...
            </div>
            <div>
              PanelContent...
            </div>
          </div>
        </div>
      </div>
      <div
        className="c2"
        onMouseEnter={[Function]}
        onMouseLeave={[Function]}
        style={
          Object {
            "borderBottomColor": "blue",
            "borderBottomLeftRadius": "0.4rem",
            "borderBottomRightRadius": "0.4rem",
            "borderBottomStyle": "solid",
            "borderBottomWidth": "0.1rem",
            "borderTopLeftRadius": "0.4rem",
            "borderTopRightRadius": "0.4rem",
          }
        }
      >
        <div
          className="c3"
          disabled={false}
          onClick={[Function]}
          style={
            Object {
              "backgroundColor": "pink",
              "borderBottomLeftRadius": "2rem",
              "borderBottomRightRadius": "2rem",
              "borderTopLeftRadius": "2rem",
              "borderTopRightRadius": "2rem",
              "paddingBottom": "1.6rem",
              "paddingLeft": "3.2rem",
              "paddingRight": "0rem",
              "paddingTop": "1.6rem",
            }
          }
        >
          <i
            className="lugia-icon-direction_caret_right   c4"
            disabled={false}
            onClick={[Function]}
            onMouseDown={[Function]}
            onMouseEnter={[Function]}
            onMouseLeave={[Function]}
            onMouseUp={[Function]}
            style={
              Object {
                "color": "#646A6E",
                "fontSize": "1.4rem",
              }
            }
          />
          <span
            className="c5"
            style={Object {}}
          >
            LUGIA
          </span>
        </div>
        <div
          className="c6"
          height={0}
          open={false}
          style={Object {}}
        >
          <div
            className="c7"
            style={
              Object {
                "backgroundColor": "pink",
                "borderBottomLeftRadius": "2rem",
                "borderBottomRightRadius": "2rem",
                "borderTopLeftRadius": "2rem",
                "borderTopRightRadius": "2rem",
                "paddingBottom": "2.2rem",
                "paddingLeft": "3.4rem",
                "paddingRight": "3rem",
                "paddingTop": "0.6rem",
              }
            }
          >
            <div>
              PanelContent...
            </div>
            <div>
              PanelContent...
            </div>
          </div>
        </div>
      </div>
    </div>
  </div>
</div>
`;
