// Jest Snapshot v1, https://goo.gl/fbAQLP

exports[`Panel Panel CSS 1`] = `
.c2 {
  box-sizing: border-box;
  position: relative;
  font-size: 1.4rem;
  cursor: pointer;
  line-height: 1;
  -webkit-user-select: none;
  -moz-user-select: none;
  -ms-user-select: none;
  user-select: none;
  -webkit-transition: all 0.3s;
  transition: all 0.3s;
  color: #363B40;
  opacity: 1;
}

.c9 {
  box-sizing: border-box;
  position: relative;
  font-size: 1.4rem;
  cursor: not-allowed;
  line-height: 1;
  -webkit-user-select: none;
  -moz-user-select: none;
  -ms-user-select: none;
  user-select: none;
  -webkit-transition: all 0.3s;
  transition: all 0.3s;
  color: #363B40;
  opacity: 1;
}

.c4 {
  color: #363B40;
  font-size: 1.4rem;
}

.c5 {
  box-sizing: border-box;
  overflow: hidden;
  height: 0rem;
}

.c8 {
  box-sizing: border-box;
  overflow: hidden;
  height: 100%;
}

.c6 {
  box-sizing: border-box;
  line-height: 1.5;
  color: #646A6E;
  font-size: 1.2rem;
  font-weight: 300;
  background-color: #ffffff;
}

.c1 {
  font-size: 1.4rem;
  box-sizing: border-box;
  background: #ffffff;
  border-color: #cccccc;
  border-style: solid;
  -webkit-transition: all 0.3s;
  transition: all 0.3s;
  border-width: 0 0 1px;
}

.c3 {
  -webkit-user-select: none;
  -moz-user-select: none;
  -ms-user-select: none;
  user-select: none;
  cursor: pointer;
  position: absolute;
  top: 50%;
  left: 1rem;
  -webkit-transition: all 0.3s;
  transition: all 0.3s;
  -webkit-transform: translateY(-50%);
  -ms-transform: translateY(-50%);
  transform: translateY(-50%);
}

.c7 {
  -webkit-user-select: none;
  -moz-user-select: none;
  -ms-user-select: none;
  user-select: none;
  cursor: pointer;
  position: absolute;
  top: 50%;
  left: 1rem;
  -webkit-transition: all 0.3s;
  transition: all 0.3s;
  -webkit-transform: translateY(-50%) rotate(90deg);
  -ms-transform: translateY(-50%) rotate(90deg);
  transform: translateY(-50%) rotate(90deg);
}

.c0 {
  width: 900px;
  margin: 0 auto;
  padding: 50px;
  border: 1px solid #e8e8e8;
}

<div>
  <div
    className="c0"
  >
    <div
      className="c1"
      onMouseEnter={[Function]}
      onMouseLeave={[Function]}
      style={Object {}}
    >
      <div
        className="c2"
        disabled={false}
        onClick={[Function]}
        style={
          Object {
            "backgroundColor": "#fff",
            "paddingBottom": "1.6rem",
            "paddingLeft": "3.4rem",
            "paddingRight": "0rem",
            "paddingTop": "1.6rem",
          }
        }
      >
        <i
          className="lugia-icon-direction_caret_right   c3"
          disabled={false}
          onClick={[Function]}
          onMouseDown={[Function]}
          onMouseEnter={[Function]}
          onMouseLeave={[Function]}
          onMouseUp={[Function]}
          style={
            Object {
              "color": "#646A6E",
              "fontSize": "1.4rem",
            }
          }
        />
        <span
          className="c4"
          style={Object {}}
        >
          LUGIA
        </span>
      </div>
      <div
        className="c5"
        height={0}
        style={Object {}}
      >
        <div
          className="c6"
          style={Object {}}
        />
      </div>
    </div>
    <br />
    <div
      className="c1"
      onMouseEnter={[Function]}
      onMouseLeave={[Function]}
      style={Object {}}
    >
      <div
        className="c2"
        disabled={false}
        onClick={[Function]}
        style={
          Object {
            "backgroundColor": "#fff",
            "paddingBottom": "1.6rem",
            "paddingLeft": "3.4rem",
            "paddingRight": "0rem",
            "paddingTop": "1.6rem",
          }
        }
      >
        <i
          className="lugia-icon-direction_caret_right   c7"
          disabled={false}
          onClick={[Function]}
          onMouseDown={[Function]}
          onMouseEnter={[Function]}
          onMouseLeave={[Function]}
          onMouseUp={[Function]}
          style={
            Object {
              "color": "#646A6E",
              "fontSize": "1.4rem",
            }
          }
        />
        <span
          className="c4"
          style={Object {}}
        >
          lugia
        </span>
      </div>
      <div
        className="c8"
        height={0}
        open={true}
        style={Object {}}
      >
        <div
          className="c6"
          style={
            Object {
              "backgroundColor": "#fff",
              "paddingBottom": "2.2rem",
              "paddingLeft": "3.4rem",
              "paddingRight": "3rem",
              "paddingTop": "0.6rem",
            }
          }
        >
          <div>
            PanelContent...
          </div>
          <div>
            PanelContent...
          </div>
        </div>
      </div>
    </div>
    <br />
    <div
      className="c1"
      onMouseEnter={[Function]}
      onMouseLeave={[Function]}
      style={Object {}}
    >
      <div
        className="c2"
        disabled={false}
        onClick={[Function]}
        style={
          Object {
            "backgroundColor": "#fff",
            "paddingBottom": "1.6rem",
            "paddingLeft": "3.4rem",
            "paddingRight": "0rem",
            "paddingTop": "1.6rem",
          }
        }
      >
        <i
          className="lugia-icon-direction_caret_right   c3"
          disabled={false}
          onClick={[Function]}
          onMouseDown={[Function]}
          onMouseEnter={[Function]}
          onMouseLeave={[Function]}
          onMouseUp={[Function]}
          style={
            Object {
              "color": "#646A6E",
              "fontSize": "1.4rem",
            }
          }
        />
        <span
          className="c4"
          style={Object {}}
        >
          LUGIA
        </span>
      </div>
      <div
        className="c5"
        height={0}
        style={Object {}}
      >
        <div
          className="c6"
          style={
            Object {
              "backgroundColor": "#fff",
              "paddingBottom": "2.2rem",
              "paddingLeft": "3.4rem",
              "paddingRight": "3rem",
              "paddingTop": "0.6rem",
            }
          }
        >
          <div>
            PanelContent...
          </div>
          <div>
            PanelContent...
          </div>
        </div>
      </div>
    </div>
    <br />
    <div
      className="c1"
      onMouseEnter={[Function]}
      onMouseLeave={[Function]}
      style={Object {}}
    >
      <div
        className="c2"
        disabled={false}
        onClick={[Function]}
        style={
          Object {
            "backgroundColor": "#fff",
            "paddingBottom": "1.6rem",
            "paddingLeft": "3.4rem",
            "paddingRight": "0rem",
            "paddingTop": "1.6rem",
          }
        }
      >
        <i
          className="lugia-icon-direction_caret_right   c7"
          disabled={false}
          onClick={[Function]}
          onMouseDown={[Function]}
          onMouseEnter={[Function]}
          onMouseLeave={[Function]}
          onMouseUp={[Function]}
          style={
            Object {
              "color": "#646A6E",
              "fontSize": "1.4rem",
            }
          }
        />
        <span
          className="c4"
          style={Object {}}
        >
          LUGIA
        </span>
      </div>
      <div
        className="c8"
        height={0}
        open={true}
        style={Object {}}
      >
        <div
          className="c6"
          style={
            Object {
              "backgroundColor": "#fff",
              "paddingBottom": "2.2rem",
              "paddingLeft": "3.4rem",
              "paddingRight": "3rem",
              "paddingTop": "0.6rem",
            }
          }
        >
          <div>
            PanelContent...
          </div>
          <div>
            PanelContent...
          </div>
        </div>
      </div>
    </div>
    <br />
    <div
      className="c1"
      onMouseEnter={[Function]}
      onMouseLeave={[Function]}
      style={Object {}}
    >
      <div
        className="c2"
        disabled={false}
        onClick={[Function]}
        style={
          Object {
            "backgroundColor": "#fff",
            "paddingBottom": "1.6rem",
            "paddingLeft": "3.4rem",
            "paddingRight": "0rem",
            "paddingTop": "1.6rem",
          }
        }
      >
        <span
          className="c4"
          style={Object {}}
        >
          LUGIA
        </span>
      </div>
      <div
        className="c5"
        height={0}
        style={Object {}}
      >
        <div
          className="c6"
          style={
            Object {
              "backgroundColor": "#fff",
              "paddingBottom": "2.2rem",
              "paddingLeft": "3.4rem",
              "paddingRight": "3rem",
              "paddingTop": "0.6rem",
            }
          }
        >
          <div>
            PanelContent...
          </div>
          <div>
            PanelContent...
          </div>
        </div>
      </div>
    </div>
    <br />
    <div
      className="c1"
      onMouseEnter={[Function]}
      onMouseLeave={[Function]}
      style={Object {}}
    >
      <div
        className="c2"
        disabled={false}
        onClick={[Function]}
        style={
          Object {
            "backgroundColor": "pink",
            "borderBottomColor": "yellow",
            "borderBottomLeftRadius": "1rem",
            "borderBottomRightRadius": "1rem",
            "borderBottomStyle": "solid",
            "borderBottomWidth": "0.2rem",
            "borderLeftColor": "yellow",
            "borderLeftStyle": "solid",
            "borderLeftWidth": "0.2rem",
            "borderRightColor": "yellow",
            "borderRightStyle": "solid",
            "borderRightWidth": "0.2rem",
            "borderTopColor": "yellow",
            "borderTopLeftRadius": "1rem",
            "borderTopRightRadius": "1rem",
            "borderTopStyle": "solid",
            "borderTopWidth": "0.2rem",
            "boxShadow": "1px 2px 2px 2px #e8e8e8",
            "height": "8rem",
            "opacity": 1,
            "paddingBottom": "1rem",
            "paddingLeft": "3rem",
            "paddingRight": "1rem",
            "paddingTop": "1rem",
            "width": "100%",
          }
        }
      >
        <span
          className="c4"
          style={
            Object {
              "color": "green",
              "fontSize": "1.6rem",
              "fontWeight": 300,
            }
          }
        >
          LUGIA
        </span>
      </div>
      <div
        className="c5"
        height={0}
        style={Object {}}
      >
        <div
          className="c6"
          style={
            Object {
              "backgroundColor": "#f7f4ef",
              "color": "red",
              "fontSize": "1.6rem",
              "fontWeight": 300,
              "height": "20rem",
              "paddingBottom": "1rem",
              "paddingLeft": "3rem",
              "paddingRight": "1rem",
              "paddingTop": "1rem",
              "width": "100%",
            }
          }
        >
          <div>
            PanelContent...
          </div>
          <div>
            PanelContent...
          </div>
        </div>
      </div>
    </div>
    <br />
    <div
      className="c1"
      onMouseEnter={[Function]}
      onMouseLeave={[Function]}
      style={Object {}}
    >
      <div
        className="c2"
        disabled={false}
        onClick={[Function]}
        style={
          Object {
            "backgroundColor": "pink",
            "borderBottomColor": "yellow",
            "borderBottomLeftRadius": "1rem",
            "borderBottomRightRadius": "1rem",
            "borderBottomStyle": "solid",
            "borderBottomWidth": "0.2rem",
            "borderLeftColor": "yellow",
            "borderLeftStyle": "solid",
            "borderLeftWidth": "0.2rem",
            "borderRightColor": "yellow",
            "borderRightStyle": "solid",
            "borderRightWidth": "0.2rem",
            "borderTopColor": "yellow",
            "borderTopLeftRadius": "1rem",
            "borderTopRightRadius": "1rem",
            "borderTopStyle": "solid",
            "borderTopWidth": "0.2rem",
            "boxShadow": "1px 2px 2px 2px #e8e8e8",
            "height": "8rem",
            "opacity": 1,
            "paddingBottom": "1rem",
            "paddingLeft": "3rem",
            "paddingRight": "1rem",
            "paddingTop": "1rem",
            "width": "100%",
          }
        }
      >
        <i
          className="lugia-icon-direction_caret_right   c3"
          disabled={false}
          onClick={[Function]}
          onMouseDown={[Function]}
          onMouseEnter={[Function]}
          onMouseLeave={[Function]}
          onMouseUp={[Function]}
          style={
            Object {
              "color": "green",
              "fontSize": "1.4rem",
            }
          }
        />
        <span
          className="c4"
          style={
            Object {
              "color": "green",
              "fontSize": "1.6rem",
              "fontWeight": 300,
            }
          }
        >
          LUGIA
        </span>
      </div>
      <div
        className="c5"
        height={0}
        style={Object {}}
      >
        <div
          className="c6"
          style={
            Object {
              "backgroundColor": "#f7f4ef",
              "color": "red",
              "fontSize": "1.6rem",
              "fontWeight": 300,
              "height": "20rem",
              "paddingBottom": "1rem",
              "paddingLeft": "3rem",
              "paddingRight": "1rem",
              "paddingTop": "1rem",
              "width": "100%",
            }
          }
        >
          <div>
            PanelContent...
          </div>
          <div>
            PanelContent...
          </div>
        </div>
      </div>
    </div>
    <br />
    <div
      className="c1"
      onMouseEnter={[Function]}
      onMouseLeave={[Function]}
      style={Object {}}
    >
      <div
        className="c9"
        disabled={true}
        onClick={[Function]}
        style={
          Object {
            "backgroundColor": "orange",
            "borderBottomColor": "green",
            "borderBottomLeftRadius": "1rem",
            "borderBottomRightRadius": "1rem",
            "borderBottomStyle": "solid",
            "borderBottomWidth": "0.2rem",
            "borderLeftColor": "green",
            "borderLeftStyle": "solid",
            "borderLeftWidth": "0.2rem",
            "borderRightColor": "green",
            "borderRightStyle": "solid",
            "borderRightWidth": "0.2rem",
            "borderTopColor": "green",
            "borderTopLeftRadius": "1rem",
            "borderTopRightRadius": "1rem",
            "borderTopStyle": "solid",
            "borderTopWidth": "0.2rem",
            "boxShadow": "1px 2px 2px 2px #e8e8e8",
            "height": "8rem",
            "opacity": 0.8,
            "paddingBottom": "1rem",
            "paddingLeft": "3rem",
            "paddingRight": "1rem",
            "paddingTop": "1rem",
            "width": "100%",
          }
        }
      >
        <i
          className="lugia-icon-direction_caret_right   c3"
          disabled={true}
          onClick={[Function]}
          onMouseDown={[Function]}
          onMouseEnter={[Function]}
          onMouseLeave={[Function]}
          onMouseUp={[Function]}
          style={
            Object {
              "color": "yellow",
              "cursor": "not-allowed",
              "fontSize": "1.4rem",
            }
          }
        />
        <span
          className="c4"
          style={
            Object {
              "color": "yellow",
              "fontSize": "1.6rem",
              "fontWeight": 300,
            }
          }
        >
          LUGIA
        </span>
      </div>
      <div
        className="c5"
        height={0}
        style={Object {}}
      >
        <div
          className="c6"
          style={
            Object {
              "backgroundColor": "#f7f4ef",
              "color": "#cccccc",
              "fontSize": "1.6rem",
              "fontWeight": 300,
              "height": "20rem",
              "paddingBottom": "1rem",
              "paddingLeft": "3rem",
              "paddingRight": "1rem",
              "paddingTop": "1rem",
              "width": "100%",
            }
          }
        >
          <div>
            PanelContent...
          </div>
          <div>
            PanelContent...
          </div>
        </div>
      </div>
    </div>
    <br />
    <div
      className="c1"
      onMouseEnter={[Function]}
      onMouseLeave={[Function]}
      style={Object {}}
    >
      <div
        className="c2"
        disabled={false}
        onClick={[Function]}
        style={
          Object {
            "backgroundColor": "pink",
            "borderBottomColor": "yellow",
            "borderBottomLeftRadius": "1rem",
            "borderBottomRightRadius": "1rem",
            "borderBottomStyle": "solid",
            "borderBottomWidth": "0.2rem",
            "borderLeftColor": "yellow",
            "borderLeftStyle": "solid",
            "borderLeftWidth": "0.2rem",
            "borderRightColor": "yellow",
            "borderRightStyle": "solid",
            "borderRightWidth": "0.2rem",
            "borderTopColor": "yellow",
            "borderTopLeftRadius": "1rem",
            "borderTopRightRadius": "1rem",
            "borderTopStyle": "solid",
            "borderTopWidth": "0.2rem",
            "boxShadow": "1px 2px 2px 2px #e8e8e8",
            "height": "8rem",
            "opacity": 1,
            "paddingBottom": "1rem",
            "paddingLeft": "3rem",
            "paddingRight": "1rem",
            "paddingTop": "1rem",
            "width": "100%",
          }
        }
      >
        <i
          className="lugia-icon-direction_caret_right   c3"
          disabled={false}
          onClick={[Function]}
          onMouseDown={[Function]}
          onMouseEnter={[Function]}
          onMouseLeave={[Function]}
          onMouseUp={[Function]}
          style={
            Object {
              "color": "green",
              "fontSize": "1.4rem",
            }
          }
        />
        <span
          className="c4"
          style={
            Object {
              "color": "green",
              "fontSize": "1.6rem",
              "fontWeight": 300,
            }
          }
        >
          LUGIA
        </span>
      </div>
      <div
        className="c5"
        height={0}
        style={Object {}}
      >
        <div
          className="c6"
          style={
            Object {
              "backgroundColor": "#f7f4ef",
              "color": "red",
              "fontSize": "1.6rem",
              "fontWeight": 300,
              "height": "20rem",
              "paddingBottom": "1rem",
              "paddingLeft": "3rem",
              "paddingRight": "1rem",
              "paddingTop": "1rem",
              "width": "100%",
            }
          }
        />
      </div>
    </div>
    <br />
  </div>
</div>
`;
