// Jest Snapshot v1, https://goo.gl/fbAQLP

exports[`Loading demo 1`] = `
.c0 {
  display: inline-block;
  width: 100%;
  height: 100%;
  position: relative;
}

.c0::after {
  content: '';
  width: 100%;
  height: 100%;
  position: absolute;
  left: 0;
  top: 0;
  background: rgba(255,255,255,0.5);
}

.c13 {
  display: inline-block;
}

.c44 {
  display: inline-block;
  position: relative;
}

.c44::after {
  content: '';
  width: 100%;
  height: 100%;
  position: absolute;
  left: 0;
  top: 0;
  background: rgba(255,255,255,0.5);
}

.c1 {
  display: inline-block;
  position: absolute;
  left: 50%;
  top: 50%;
  -webkit-transform: translate(-50%,-50%);
  -ms-transform: translate(-50%,-50%);
  transform: translate(-50%,-50%);
  z-index: 2;
}

.c14 {
  display: inline-block;
}

.c2 {
  font-size: 1.2rem;
  width: 5.333333333333334em;
  height: 5.333333333333334em;
  position: relative;
}

.c15 {
  font-size: 1.2rem;
  width: 3em;
  height: 3em;
  position: relative;
}

.c27 {
  font-size: 1.2rem;
  width: 8.333333333333334em;
  height: 8.333333333333334em;
  position: relative;
}

.c42 {
  font-size: 1.2rem;
  width: 5.333333333333334em;
  height: 5.333333333333334em;
  position: relative;
  left: 50%;
  -webkit-transform: translateX(-50%);
  -ms-transform: translateX(-50%);
  transform: translateX(-50%);
}

.c45 {
  font-size: 1.2rem;
  width: 8.333333333333334em;
  height: 8.333333333333334em;
  position: relative;
  left: 50%;
  -webkit-transform: translateX(-50%);
  -ms-transform: translateX(-50%);
  transform: translateX(-50%);
}

.c3 {
  height: 5.333333333333334em;
  width: 0.8250000000000001em;
  position: absolute;
  left: 2.254166666666667em;
  top: 0;
  -webkit-transform: translateY(-50%);
  -webkit-transform: rotate(0deg);
  -ms-transform: rotate(0deg);
  transform: rotate(0deg);
  -webkit-animation: fDQPTE 3s infinite;
  animation: fDQPTE 3s infinite;
  -webkit-animation-timing-function: cubic-bezier(0.28,0.8,0.69,1);
  animation-timing-function: cubic-bezier(0.28,0.8,0.69,1);
  -webkit-animation-delay: 0.7s;
  animation-delay: 0.7s;
}

.c5 {
  height: 5.333333333333334em;
  width: 0.7425em;
  position: absolute;
  left: 2.295416666666667em;
  top: 0;
  -webkit-transform: translateY(-50%);
  -webkit-transform: rotate(0deg);
  -ms-transform: rotate(0deg);
  transform: rotate(0deg);
  -webkit-animation: fDQPTE 3s infinite;
  animation: fDQPTE 3s infinite;
  -webkit-animation-timing-function: cubic-bezier(0.28,0.8,0.69,1);
  animation-timing-function: cubic-bezier(0.28,0.8,0.69,1);
  -webkit-animation-delay: 0.7999999999999999s;
  animation-delay: 0.7999999999999999s;
}

.c7 {
  height: 5.333333333333334em;
  width: 0.6682500000000001em;
  position: absolute;
  left: 2.332541666666667em;
  top: 0;
  -webkit-transform: translateY(-50%);
  -webkit-transform: rotate(0deg);
  -ms-transform: rotate(0deg);
  transform: rotate(0deg);
  -webkit-animation: fDQPTE 3s infinite;
  animation: fDQPTE 3s infinite;
  -webkit-animation-timing-function: cubic-bezier(0.28,0.8,0.69,1);
  animation-timing-function: cubic-bezier(0.28,0.8,0.69,1);
  -webkit-animation-delay: 0.8999999999999999s;
  animation-delay: 0.8999999999999999s;
}

.c9 {
  height: 5.333333333333334em;
  width: 0.6014250000000001em;
  position: absolute;
  left: 2.3659541666666666em;
  top: 0;
  -webkit-transform: translateY(-50%);
  -webkit-transform: rotate(0deg);
  -ms-transform: rotate(0deg);
  transform: rotate(0deg);
  -webkit-animation: fDQPTE 3s infinite;
  animation: fDQPTE 3s infinite;
  -webkit-animation-timing-function: cubic-bezier(0.28,0.8,0.69,1);
  animation-timing-function: cubic-bezier(0.28,0.8,0.69,1);
  -webkit-animation-delay: 0.9999999999999999s;
  animation-delay: 0.9999999999999999s;
}

.c11 {
  height: 5.333333333333334em;
  width: 0.5412825000000001em;
  position: absolute;
  left: 2.396025416666667em;
  top: 0;
  -webkit-transform: translateY(-50%);
  -webkit-transform: rotate(0deg);
  -ms-transform: rotate(0deg);
  transform: rotate(0deg);
  -webkit-animation: fDQPTE 3s infinite;
  animation: fDQPTE 3s infinite;
  -webkit-animation-timing-function: cubic-bezier(0.28,0.8,0.69,1);
  animation-timing-function: cubic-bezier(0.28,0.8,0.69,1);
  -webkit-animation-delay: 1.0999999999999999s;
  animation-delay: 1.0999999999999999s;
}

.c16 {
  height: 3em;
  width: 0.45000000000000007em;
  position: absolute;
  left: 1.2750000000000001em;
  top: 0;
  -webkit-transform: translateY(-50%);
  -webkit-transform: rotate(0deg);
  -ms-transform: rotate(0deg);
  transform: rotate(0deg);
  -webkit-animation: fDQPTE 3s infinite;
  animation: fDQPTE 3s infinite;
  -webkit-animation-timing-function: cubic-bezier(0.28,0.8,0.69,1);
  animation-timing-function: cubic-bezier(0.28,0.8,0.69,1);
  -webkit-animation-delay: 0.7s;
  animation-delay: 0.7s;
}

.c18 {
  height: 3em;
  width: 0.405em;
  position: absolute;
  left: 1.2975em;
  top: 0;
  -webkit-transform: translateY(-50%);
  -webkit-transform: rotate(0deg);
  -ms-transform: rotate(0deg);
  transform: rotate(0deg);
  -webkit-animation: fDQPTE 3s infinite;
  animation: fDQPTE 3s infinite;
  -webkit-animation-timing-function: cubic-bezier(0.28,0.8,0.69,1);
  animation-timing-function: cubic-bezier(0.28,0.8,0.69,1);
  -webkit-animation-delay: 0.7999999999999999s;
  animation-delay: 0.7999999999999999s;
}

.c20 {
  height: 3em;
  width: 0.36450000000000005em;
  position: absolute;
  left: 1.31775em;
  top: 0;
  -webkit-transform: translateY(-50%);
  -webkit-transform: rotate(0deg);
  -ms-transform: rotate(0deg);
  transform: rotate(0deg);
  -webkit-animation: fDQPTE 3s infinite;
  animation: fDQPTE 3s infinite;
  -webkit-animation-timing-function: cubic-bezier(0.28,0.8,0.69,1);
  animation-timing-function: cubic-bezier(0.28,0.8,0.69,1);
  -webkit-animation-delay: 0.8999999999999999s;
  animation-delay: 0.8999999999999999s;
}

.c22 {
  height: 3em;
  width: 0.32805000000000006em;
  position: absolute;
  left: 1.3359750000000001em;
  top: 0;
  -webkit-transform: translateY(-50%);
  -webkit-transform: rotate(0deg);
  -ms-transform: rotate(0deg);
  transform: rotate(0deg);
  -webkit-animation: fDQPTE 3s infinite;
  animation: fDQPTE 3s infinite;
  -webkit-animation-timing-function: cubic-bezier(0.28,0.8,0.69,1);
  animation-timing-function: cubic-bezier(0.28,0.8,0.69,1);
  -webkit-animation-delay: 0.9999999999999999s;
  animation-delay: 0.9999999999999999s;
}

.c24 {
  height: 3em;
  width: 0.29524500000000004em;
  position: absolute;
  left: 1.3523775em;
  top: 0;
  -webkit-transform: translateY(-50%);
  -webkit-transform: rotate(0deg);
  -ms-transform: rotate(0deg);
  transform: rotate(0deg);
  -webkit-animation: fDQPTE 3s infinite;
  animation: fDQPTE 3s infinite;
  -webkit-animation-timing-function: cubic-bezier(0.28,0.8,0.69,1);
  animation-timing-function: cubic-bezier(0.28,0.8,0.69,1);
  -webkit-animation-delay: 1.0999999999999999s;
  animation-delay: 1.0999999999999999s;
}

.c28 {
  height: 8.333333333333334em;
  width: 1.2750000000000001em;
  position: absolute;
  left: 3.5291666666666672em;
  top: 0;
  -webkit-transform: translateY(-50%);
  -webkit-transform: rotate(0deg);
  -ms-transform: rotate(0deg);
  transform: rotate(0deg);
  -webkit-animation: fDQPTE 3s infinite;
  animation: fDQPTE 3s infinite;
  -webkit-animation-timing-function: cubic-bezier(0.28,0.8,0.69,1);
  animation-timing-function: cubic-bezier(0.28,0.8,0.69,1);
  -webkit-animation-delay: 0.7s;
  animation-delay: 0.7s;
}

.c30 {
  height: 8.333333333333334em;
  width: 1.1475000000000002em;
  position: absolute;
  left: 3.5929166666666674em;
  top: 0;
  -webkit-transform: translateY(-50%);
  -webkit-transform: rotate(0deg);
  -ms-transform: rotate(0deg);
  transform: rotate(0deg);
  -webkit-animation: fDQPTE 3s infinite;
  animation: fDQPTE 3s infinite;
  -webkit-animation-timing-function: cubic-bezier(0.28,0.8,0.69,1);
  animation-timing-function: cubic-bezier(0.28,0.8,0.69,1);
  -webkit-animation-delay: 0.7999999999999999s;
  animation-delay: 0.7999999999999999s;
}

.c32 {
  height: 8.333333333333334em;
  width: 1.03275em;
  position: absolute;
  left: 3.650291666666667em;
  top: 0;
  -webkit-transform: translateY(-50%);
  -webkit-transform: rotate(0deg);
  -ms-transform: rotate(0deg);
  transform: rotate(0deg);
  -webkit-animation: fDQPTE 3s infinite;
  animation: fDQPTE 3s infinite;
  -webkit-animation-timing-function: cubic-bezier(0.28,0.8,0.69,1);
  animation-timing-function: cubic-bezier(0.28,0.8,0.69,1);
  -webkit-animation-delay: 0.8999999999999999s;
  animation-delay: 0.8999999999999999s;
}

.c34 {
  height: 8.333333333333334em;
  width: 0.929475em;
  position: absolute;
  left: 3.7019291666666665em;
  top: 0;
  -webkit-transform: translateY(-50%);
  -webkit-transform: rotate(0deg);
  -ms-transform: rotate(0deg);
  transform: rotate(0deg);
  -webkit-animation: fDQPTE 3s infinite;
  animation: fDQPTE 3s infinite;
  -webkit-animation-timing-function: cubic-bezier(0.28,0.8,0.69,1);
  animation-timing-function: cubic-bezier(0.28,0.8,0.69,1);
  -webkit-animation-delay: 0.9999999999999999s;
  animation-delay: 0.9999999999999999s;
}

.c36 {
  height: 8.333333333333334em;
  width: 0.8365275em;
  position: absolute;
  left: 3.7484029166666666em;
  top: 0;
  -webkit-transform: translateY(-50%);
  -webkit-transform: rotate(0deg);
  -ms-transform: rotate(0deg);
  transform: rotate(0deg);
  -webkit-animation: fDQPTE 3s infinite;
  animation: fDQPTE 3s infinite;
  -webkit-animation-timing-function: cubic-bezier(0.28,0.8,0.69,1);
  animation-timing-function: cubic-bezier(0.28,0.8,0.69,1);
  -webkit-animation-delay: 1.0999999999999999s;
  animation-delay: 1.0999999999999999s;
}

.c4 {
  display: block;
  width: 0.8250000000000001em;
  height: 0.8250000000000001em;
  background: #4d63ff;
  border-radius: 50%;
  -webkit-transform: scale(1);
  -ms-transform: scale(1);
  transform: scale(1);
}

.c6 {
  display: block;
  width: 0.7425em;
  height: 0.7425em;
  background: #4d63ff;
  border-radius: 50%;
  -webkit-transform: scale(1);
  -ms-transform: scale(1);
  transform: scale(1);
}

.c8 {
  display: block;
  width: 0.6682500000000001em;
  height: 0.6682500000000001em;
  background: #4d63ff;
  border-radius: 50%;
  -webkit-transform: scale(1);
  -ms-transform: scale(1);
  transform: scale(1);
}

.c10 {
  display: block;
  width: 0.6014250000000001em;
  height: 0.6014250000000001em;
  background: #4d63ff;
  border-radius: 50%;
  -webkit-transform: scale(1);
  -ms-transform: scale(1);
  transform: scale(1);
}

.c12 {
  display: block;
  width: 0.5412825000000001em;
  height: 0.5412825000000001em;
  background: #4d63ff;
  border-radius: 50%;
  -webkit-transform: scale(1);
  -ms-transform: scale(1);
  transform: scale(1);
}

.c17 {
  display: block;
  width: 0.45000000000000007em;
  height: 0.45000000000000007em;
  background: #4d63ff;
  border-radius: 50%;
  -webkit-transform: scale(1);
  -ms-transform: scale(1);
  transform: scale(1);
}

.c19 {
  display: block;
  width: 0.405em;
  height: 0.405em;
  background: #4d63ff;
  border-radius: 50%;
  -webkit-transform: scale(1);
  -ms-transform: scale(1);
  transform: scale(1);
}

.c21 {
  display: block;
  width: 0.36450000000000005em;
  height: 0.36450000000000005em;
  background: #4d63ff;
  border-radius: 50%;
  -webkit-transform: scale(1);
  -ms-transform: scale(1);
  transform: scale(1);
}

.c23 {
  display: block;
  width: 0.32805000000000006em;
  height: 0.32805000000000006em;
  background: #4d63ff;
  border-radius: 50%;
  -webkit-transform: scale(1);
  -ms-transform: scale(1);
  transform: scale(1);
}

.c25 {
  display: block;
  width: 0.29524500000000004em;
  height: 0.29524500000000004em;
  background: #4d63ff;
  border-radius: 50%;
  -webkit-transform: scale(1);
  -ms-transform: scale(1);
  transform: scale(1);
}

.c26 {
  display: block;
  width: 0.8250000000000001em;
  height: 0.8250000000000001em;
  background: #4d63ff;
  border-radius: 50%;
  -webkit-transform: scale(1.2);
  -ms-transform: scale(1.2);
  transform: scale(1.2);
  -webkit-animation: jFBxQN 2.5s infinite;
  animation: jFBxQN 2.5s infinite;
  -webkit-animation-delay: 0.6s;
  animation-delay: 0.6s;
}

.c29 {
  display: block;
  width: 1.2750000000000001em;
  height: 1.2750000000000001em;
  background: #4d63ff;
  border-radius: 50%;
  -webkit-transform: scale(1);
  -ms-transform: scale(1);
  transform: scale(1);
}

.c31 {
  display: block;
  width: 1.1475000000000002em;
  height: 1.1475000000000002em;
  background: #4d63ff;
  border-radius: 50%;
  -webkit-transform: scale(1);
  -ms-transform: scale(1);
  transform: scale(1);
}

.c33 {
  display: block;
  width: 1.03275em;
  height: 1.03275em;
  background: #4d63ff;
  border-radius: 50%;
  -webkit-transform: scale(1);
  -ms-transform: scale(1);
  transform: scale(1);
}

.c35 {
  display: block;
  width: 0.929475em;
  height: 0.929475em;
  background: #4d63ff;
  border-radius: 50%;
  -webkit-transform: scale(1);
  -ms-transform: scale(1);
  transform: scale(1);
}

.c37 {
  display: block;
  width: 0.8365275em;
  height: 0.8365275em;
  background: #4d63ff;
  border-radius: 50%;
  -webkit-transform: scale(1);
  -ms-transform: scale(1);
  transform: scale(1);
}

.c43 {
  font-size: 1.4rem;
  line-height: 2em;
  text-align: center;
  color: #4d63ff;
}

.c38 {
  display: block;
  width: 36px;
  height: 36px;
  -webkit-animation: iVXCSc 3s linear infinite;
  animation: iVXCSc 3s linear infinite;
  font-size: 36px;
  color: #4d63ff;
}

.c40 {
  display: block;
  width: 100px;
  height: 100px;
  -webkit-animation: iVXCSc 3s linear infinite;
  animation: iVXCSc 3s linear infinite;
  font-size: 100px;
  color: #4d63ff;
}

.c41 {
  display: block;
  width: 64px;
  height: 64px;
  -webkit-animation: iVXCSc 3s linear infinite;
  animation: iVXCSc 3s linear infinite;
  font-size: 64px;
  color: #4d63ff;
}

.c39 {
  -webkit-user-select: none;
  -moz-user-select: none;
  -ms-user-select: none;
  user-select: none;
  cursor: pointer;
}

.c46 {
  position: relative;
  box-sizing: border-box;
  overflow: hidden;
  line-height: 1;
  border-radius: 0.4rem;
  opacity: 1;
}

.c48 {
  padding-left: 0.6rem;
  color: #646A6E;
}

.c49 {
  display: block;
  color: #646A6E;
  font-size: 1.4rem;
  padding-top: 0rem;
  padding-bottom: 0rem;
  padding-left: 0rem;
  padding-right: 0rem;
}

.c47 {
  display: -webkit-box;
  display: -webkit-flex;
  display: -ms-flexbox;
  display: flex;
  -webkit-align-items: center;
  -webkit-box-align: center;
  -ms-flex-align: center;
  align-items: center;
}

.c50 {
  display: inline-block;
}

.c51 {
  display: inline-block;
  position: relative;
  cursor: pointer;
  vertical-align: middle;
}

.c51:focus {
  outline: none;
}

.c52 {
  -webkit-user-select: none;
  -moz-user-select: none;
  -ms-user-select: none;
  user-select: none;
}

.c52 > *:first-child {
  position: absolute;
  top: 50%;
  -webkit-transform: translateY(-50%);
  -ms-transform: translateY(-50%);
  transform: translateY(-50%);
  text-align: center;
  font-style: normal;
  font-size: 1.2rem;
  color: #fff;
  line-height: 1.2rem;
}

.c52 > *:first-child {
  width: 2.1rem;
  right: 0;
  font-size: 1.2rem;
  font-weight: undefined;
  color: rgba(255,255,255,0.8);
}

.c52 > *:first-child > *:first-child {
  font-size: 1.2rem;
  font-weight: undefined;
  color: rgba(255,255,255,0.8);
}

.c53 {
  position: absolute;
  top: 50%;
  -webkit-transform: translateY(-50%);
  -ms-transform: translateY(-50%);
  transform: translateY(-50%);
  -webkit-transform: translateY(-50%);
  -webkit-transition: 1s;
  transition: 1s;
  -webkit-transition: all 0.2s;
  left: 3px;
}

.c53 > *:first-child {
  display: block;
  color: #4d63ff;
  -webkit-animation: rotate 1.5s linear infinite;
  animation: rotate 1.5s linear infinite;
  position: relative;
}

.c53 > *:first-child > *:first-child {
  position: absolute;
  left: 50%;
  top: 50%;
  -webkit-transform: translate(-50%,-50%);
  -ms-transform: translate(-50%,-50%);
  transform: translate(-50%,-50%);
}

.c53 > *:first-child::before {
  -webkit-transform: scale(0.65);
  -ms-transform: scale(0.65);
  transform: scale(0.65);
}

.c53 > *:first-child {
  height: 1.4rem;
}

<div>
  <h2>
    继承父级宽高
  </h2>
  <div
    style={
      Object {
        "height": 300,
        "width": "100%",
      }
    }
  >
    <div
      className="c0"
    >
      <div
        style={
          Object {
            "background": "red",
            "height": "100%",
            "width": "100%",
          }
        }
      >
        1
      </div>
      <div
        className="c1"
      >
        <div
          className="c2"
          width={64}
        >
          <div
            className="c3"
            width={64}
          >
            <span
              className="c4"
              color="#4d63ff"
              scale={false}
            />
          </div>
          <div
            className="c5"
            width={64}
          >
            <span
              className="c6"
              color="#4d63ff"
              scale=""
            />
          </div>
          <div
            className="c7"
            width={64}
          >
            <span
              className="c8"
              color="#4d63ff"
              scale=""
            />
          </div>
          <div
            className="c9"
            width={64}
          >
            <span
              className="c10"
              color="#4d63ff"
              scale=""
            />
          </div>
          <div
            className="c11"
            width={64}
          >
            <span
              className="c12"
              color="#4d63ff"
              scale=""
            />
          </div>
        </div>
        
      </div>
    </div>
  </div>
  <h2>
    Theme delay
  </h2>
  <div
    className="c13"
  >
    
  </div>
  <h2>
    small
  </h2>
  <div
    className="c13"
  >
    <div
      className="c14"
    >
      <div
        className="c15"
        width={36}
      >
        <div
          className="c16"
          width={36}
        >
          <span
            className="c17"
            color="#4d63ff"
            scale={false}
          />
        </div>
        <div
          className="c18"
          width={36}
        >
          <span
            className="c19"
            color="#4d63ff"
            scale=""
          />
        </div>
        <div
          className="c20"
          width={36}
        >
          <span
            className="c21"
            color="#4d63ff"
            scale=""
          />
        </div>
        <div
          className="c22"
          width={36}
        >
          <span
            className="c23"
            color="#4d63ff"
            scale=""
          />
        </div>
        <div
          className="c24"
          width={36}
        >
          <span
            className="c25"
            color="#4d63ff"
            scale=""
          />
        </div>
      </div>
      
    </div>
  </div>
  <div
    className="c13"
  >
    <div
      className="c14"
    >
      <div
        className="c2"
        width={64}
      >
        <div
          className="c3"
          width={64}
        >
          <span
            className="c26"
            color="#4d63ff"
            scale={true}
          />
        </div>
        <div
          className="c5"
          width={64}
        >
          <span
            className="c6"
            color="#4d63ff"
            scale=""
          />
        </div>
        <div
          className="c7"
          width={64}
        >
          <span
            className="c8"
            color="#4d63ff"
            scale=""
          />
        </div>
        <div
          className="c9"
          width={64}
        >
          <span
            className="c10"
            color="#4d63ff"
            scale=""
          />
        </div>
        <div
          className="c11"
          width={64}
        >
          <span
            className="c12"
            color="#4d63ff"
            scale=""
          />
        </div>
      </div>
      
    </div>
  </div>
  <h2>
    large
  </h2>
  <div
    className="c13"
  >
    <div
      className="c14"
    >
      <div
        className="c27"
        width={100}
      >
        <div
          className="c28"
          width={100}
        >
          <span
            className="c29"
            color="#4d63ff"
            scale={false}
          />
        </div>
        <div
          className="c30"
          width={100}
        >
          <span
            className="c31"
            color="#4d63ff"
            scale=""
          />
        </div>
        <div
          className="c32"
          width={100}
        >
          <span
            className="c33"
            color="#4d63ff"
            scale=""
          />
        </div>
        <div
          className="c34"
          width={100}
        >
          <span
            className="c35"
            color="#4d63ff"
            scale=""
          />
        </div>
        <div
          className="c36"
          width={100}
        >
          <span
            className="c37"
            color="#4d63ff"
            scale=""
          />
        </div>
      </div>
      
    </div>
  </div>
  <h2>
    default
  </h2>
  <div
    className="c13"
  >
    <div
      className="c14"
    >
      <div
        className="c2"
        width={64}
      >
        <div
          className="c3"
          width={64}
        >
          <span
            className="c4"
            color="#4d63ff"
            scale={false}
          />
        </div>
        <div
          className="c5"
          width={64}
        >
          <span
            className="c6"
            color="#4d63ff"
            scale=""
          />
        </div>
        <div
          className="c7"
          width={64}
        >
          <span
            className="c8"
            color="#4d63ff"
            scale=""
          />
        </div>
        <div
          className="c9"
          width={64}
        >
          <span
            className="c10"
            color="#4d63ff"
            scale=""
          />
        </div>
        <div
          className="c11"
          width={64}
        >
          <span
            className="c12"
            color="#4d63ff"
            scale=""
          />
        </div>
      </div>
      
    </div>
  </div>
  <h2>
    icon small
  </h2>
  <div
    className="c13"
  >
    <div
      className="c14"
    >
      <div
        className="c15"
        width={36}
      >
        <span
          className="c38"
          color="#4d63ff"
          size={36}
        >
          <i
            className="lugia-icon-financial_loading_o   c39"
            onClick={[Function]}
            onMouseDown={[Function]}
            onMouseEnter={[Function]}
            onMouseLeave={[Function]}
            onMouseUp={[Function]}
            style={Object {}}
          />
        </span>
      </div>
      
    </div>
  </div>
  <h2>
    icon large
  </h2>
  <div
    className="c13"
  >
    <div
      className="c14"
    >
      <div
        className="c27"
        width={100}
      >
        <span
          className="c40"
          color="#4d63ff"
          size={100}
        >
          <i
            className="lugia-icon-financial_loading_o   c39"
            onClick={[Function]}
            onMouseDown={[Function]}
            onMouseEnter={[Function]}
            onMouseLeave={[Function]}
            onMouseUp={[Function]}
            style={Object {}}
          />
        </span>
      </div>
      
    </div>
  </div>
  <h2>
    icon default
  </h2>
  <div
    className="c13"
  >
    <div
      className="c14"
    >
      <div
        className="c2"
        width={64}
      >
        <span
          className="c41"
          color="#4d63ff"
          size={64}
        >
          <i
            className="lugia-icon-financial_loading_o   c39"
            onClick={[Function]}
            onMouseDown={[Function]}
            onMouseEnter={[Function]}
            onMouseLeave={[Function]}
            onMouseUp={[Function]}
            style={Object {}}
          />
        </span>
      </div>
      
    </div>
  </div>
  <h2>
    加载中...
  </h2>
  <div
    className="c13"
  >
    <div
      className="c14"
    >
      <div
        className="c42"
        width={64}
      >
        <div
          className="c3"
          width={64}
        >
          <span
            className="c4"
            color="#4d63ff"
            scale={false}
          />
        </div>
        <div
          className="c5"
          width={64}
        >
          <span
            className="c6"
            color="#4d63ff"
            scale=""
          />
        </div>
        <div
          className="c7"
          width={64}
        >
          <span
            className="c8"
            color="#4d63ff"
            scale=""
          />
        </div>
        <div
          className="c9"
          width={64}
        >
          <span
            className="c10"
            color="#4d63ff"
            scale=""
          />
        </div>
        <div
          className="c11"
          width={64}
        >
          <span
            className="c12"
            color="#4d63ff"
            scale=""
          />
        </div>
      </div>
      <p
        className="c43"
        color="#4d63ff"
      >
        加载中.....
      </p>
    </div>
  </div>
  <div
    className="c44"
  >
    LugiaLugia Lugia Lugia Lugia Lugia 
    <div
      className="c1"
    >
      <div
        className="c45"
        width={100}
      >
        <div
          className="c28"
          width={100}
        >
          <span
            className="c29"
            color="#4d63ff"
            scale={false}
          />
        </div>
        <div
          className="c30"
          width={100}
        >
          <span
            className="c31"
            color="#4d63ff"
            scale=""
          />
        </div>
        <div
          className="c32"
          width={100}
        >
          <span
            className="c33"
            color="#4d63ff"
            scale=""
          />
        </div>
        <div
          className="c34"
          width={100}
        >
          <span
            className="c35"
            color="#4d63ff"
            scale=""
          />
        </div>
        <div
          className="c36"
          width={100}
        >
          <span
            className="c37"
            color="#4d63ff"
            scale=""
          />
        </div>
      </div>
      <p
        className="c43"
        color="#4d63ff"
      >
        正在加载中.....
      </p>
    </div>
  </div>
  <div
    className="c13"
  >
    <div
      className="c46"
      height={null}
      style={
        Object {
          "backgroundColor": "rgba(77,99,255,0.1)",
          "borderBottomLeftRadius": "0.4rem",
          "borderBottomRightRadius": "0.4rem",
          "borderLeftColor": "#4d63ff",
          "borderLeftStyle": "solid",
          "borderLeftWidth": "0.4rem",
          "borderTopLeftRadius": "0.4rem",
          "borderTopRightRadius": "0.4rem",
          "paddingBottom": "1.2rem",
          "paddingLeft": "0rem",
          "paddingRight": "1rem",
          "paddingTop": "1.2rem",
        }
      }
      type="info"
    >
      <div
        className="c47"
      >
        <span
          className="c48"
          style={
            Object {
              "color": "#646A6E",
              "fontSize": "1.4rem",
            }
          }
        >
          Lugia 的诞生就是要树立金融行业大前端解决方案的标杆。 我们提供的不仅仅是设计规范、开源组件库、可视化开发套件......而是将设计、开发、工程， 有机高效的演变为一种适应多端、多层的前端设计语言。Lugia 的目标是降低开发成本，提升开发质量， 为前端开发人员赋能，让用户体验 知性。Lugia 的诞生就是要树立金融行业大前端解决方案的标杆。 我们提供的不仅仅是设计规范、开源组件库、可视化开发套件......而是将设计、开发、工程， 有机高效的演变为一种适应多端、多层的前端设计语言。Lugia 的目标是降低开发成本，提升开发质量， 为前端开发人员赋能，让用户体验 知性。Lugia 的诞生就是要树立金融行业大前端解决方案的标杆。 我们提供的不仅仅是设计规范、开源组件库、可视化开发套件......而是将设计、开发、工程， 有机高效的演变为一种适应多端、多层的前端设计语言。Lugia 的目标是降低开发成本，提升开发质量， 为前端开发人员赋能，让用户体验 知性。Lugia 的诞生就是要树立金融行业大前端解决方案的标杆。 我们提供的不仅仅是设计规范、开源组件库、可视化开发套件......而是将设计、开发、工程， 有机高效的演变为一种适应多端、多层的前端设计语言。Lugia 的目标是降低开发成本，提升开发质量， 为前端开发人员赋能，让用户体验 知性。Lugia 的诞生就是要树立金融行业大前端解决方案的标杆。 我们提供的不仅仅是设计规范、开源组件库、可视化开发套件......而是将设计、开发、工程， 有机高效的演变为一种适应多端、多层的前端设计语言。Lugia 的目标是降低开发成本，提升开发质量， 为前端开发人员赋能，让用户体验 知性。Lugia 的诞生就是要树立金融行业大前端解决方案的标杆。 我们提供的不仅仅是设计规范、开源组件库、可视化开发套件......而是将设计、开发、工程， 有机高效的演变为一种适应多端、多层的前端设计语言。Lugia 的目标是降低开发成本，提升开发质量， 为前端开发人员赋能，让用户体验 知性。Lugia 的诞生就是要树立金融行业大前端解决方案的标杆。 我们提供的不仅仅是设计规范、开源组件库、可视化开发套件......而是将设计、开发、工程， 有机高效的演变为一种适应多端、多层的前端设计语言。Lugia 的目标是降低开发成本，提升开发质量， 为前端开发人员赋能，让用户体验 知性。Lugia 的诞生就是要树立金融行业大前端解决方案的标杆。 我们提供的不仅仅是设计规范、开源组件库、可视化开发套件......而是将设计、开发、工程， 有机高效的演变为一种适应多端、多层的前端设计语言。Lugia 的目标是降低开发成本，提升开发质量， 为前端开发人员赋能，让用户体验 知性。Lugia 的诞生就是要树立金融行业大前端解决方案的标杆。 我们提供的不仅仅是设计规范、开源组件库、可视化开发套件......而是将设计、开发、工程， 有机高效的演变为一种适应多端、多层的前端设计语言。Lugia 的目标是降低开发成本，提升开发质量， 为前端开发人员赋能，让用户体验 知性。Lugia 的诞生就是要树立金融行业大前端解决方案的标杆。 我们提供的不仅仅是设计规范、开源组件库、可视化开发套件......而是将设计、开发、工程， 有机高效的演变为一种适应多端、多层的前端设计语言。Lugia 的目标是降低开发成本，提升开发质量， 为前端开发人员赋能，让用户体验 知性。Lugia 的诞生就是要树立金融行业大前端解决方案的标杆。 我们提供的不仅仅是设计规范、开源组件库、可视化开发套件......而是将设计、开发、工程， 有机高效的演变为一种适应多端、多层的前端设计语言。Lugia 的目标是降低开发成本，提升开发质量， 为前端开发人员赋能，让用户体验 知性。Lugia 的诞生就是要树立金融行业大前端解决方案的标杆。 我们提供的不仅仅是设计规范、开源组件库、可视化开发套件......而是将设计、开发、工程， 有机高效的演变为一种适应多端、多层的前端设计语言。Lugia 的目标是降低开发成本，提升开发质量， 为前端开发人员赋能，让用户体验 知性。
        </span>
      </div>
      <span
        className="c49"
        style={
          Object {
            "paddingBottom": "0rem",
            "paddingLeft": "0.6rem",
            "paddingRight": "0rem",
            "paddingTop": "0rem",
          }
        }
      />
    </div>
    
  </div>
  <div
    className="c13"
  >
    <div
      className="c46"
      height={null}
      style={
        Object {
          "backgroundColor": "rgba(77,99,255,0.1)",
          "borderBottomLeftRadius": "0.4rem",
          "borderBottomRightRadius": "0.4rem",
          "borderLeftColor": "#4d63ff",
          "borderLeftStyle": "solid",
          "borderLeftWidth": "0.4rem",
          "borderTopLeftRadius": "0.4rem",
          "borderTopRightRadius": "0.4rem",
          "paddingBottom": "1.2rem",
          "paddingLeft": "0rem",
          "paddingRight": "1rem",
          "paddingTop": "1.2rem",
        }
      }
      type="info"
    >
      <div
        className="c47"
      >
        <span
          className="c48"
          style={
            Object {
              "color": "#646A6E",
              "fontSize": "1.4rem",
            }
          }
        >
          Lugia 的诞生就是要树立金融行业大前端解决方案的标杆。 我们提供的不仅仅是设计规范、开源组件库、可视化开发套件......而是将设计、开发、工程， 有机高效的演变为一种适应多端、多层的前端设计语言。Lugia 的目标是降低开发成本，提升开发质量， 为前端开发人员赋能，让用户体验 知性。Lugia 的诞生就是要树立金融行业大前端解决方案的标杆。 我们提供的不仅仅是设计规范、开源组件库、可视化开发套件......而是将设计、开发、工程， 有机高效的演变为一种适应多端、多层的前端设计语言。Lugia 的目标是降低开发成本，提升开发质量， 为前端开发人员赋能，让用户体验 知性。Lugia 的诞生就是要树立金融行业大前端解决方案的标杆。 我们提供的不仅仅是设计规范、开源组件库、可视化开发套件......而是将设计、开发、工程， 有机高效的演变为一种适应多端、多层的前端设计语言。Lugia 的目标是降低开发成本，提升开发质量， 为前端开发人员赋能，让用户体验 知性。Lugia 的诞生就是要树立金融行业大前端解决方案的标杆。 我们提供的不仅仅是设计规范、开源组件库、可视化开发套件......而是将设计、开发、工程， 有机高效的演变为一种适应多端、多层的前端设计语言。Lugia 的目标是降低开发成本，提升开发质量， 为前端开发人员赋能，让用户体验 知性。Lugia 的诞生就是要树立金融行业大前端解决方案的标杆。 我们提供的不仅仅是设计规范、开源组件库、可视化开发套件......而是将设计、开发、工程， 有机高效的演变为一种适应多端、多层的前端设计语言。Lugia 的目标是降低开发成本，提升开发质量， 为前端开发人员赋能，让用户体验 知性。Lugia 的诞生就是要树立金融行业大前端解决方案的标杆。 我们提供的不仅仅是设计规范、开源组件库、可视化开发套件......而是将设计、开发、工程， 有机高效的演变为一种适应多端、多层的前端设计语言。Lugia 的目标是降低开发成本，提升开发质量， 为前端开发人员赋能，让用户体验 知性。Lugia 的诞生就是要树立金融行业大前端解决方案的标杆。 我们提供的不仅仅是设计规范、开源组件库、可视化开发套件......而是将设计、开发、工程， 有机高效的演变为一种适应多端、多层的前端设计语言。Lugia 的目标是降低开发成本，提升开发质量， 为前端开发人员赋能，让用户体验 知性。Lugia 的诞生就是要树立金融行业大前端解决方案的标杆。 我们提供的不仅仅是设计规范、开源组件库、可视化开发套件......而是将设计、开发、工程， 有机高效的演变为一种适应多端、多层的前端设计语言。Lugia 的目标是降低开发成本，提升开发质量， 为前端开发人员赋能，让用户体验 知性。Lugia 的诞生就是要树立金融行业大前端解决方案的标杆。 我们提供的不仅仅是设计规范、开源组件库、可视化开发套件......而是将设计、开发、工程， 有机高效的演变为一种适应多端、多层的前端设计语言。Lugia 的目标是降低开发成本，提升开发质量， 为前端开发人员赋能，让用户体验 知性。Lugia 的诞生就是要树立金融行业大前端解决方案的标杆。 我们提供的不仅仅是设计规范、开源组件库、可视化开发套件......而是将设计、开发、工程， 有机高效的演变为一种适应多端、多层的前端设计语言。Lugia 的目标是降低开发成本，提升开发质量， 为前端开发人员赋能，让用户体验 知性。Lugia 的诞生就是要树立金融行业大前端解决方案的标杆。 我们提供的不仅仅是设计规范、开源组件库、可视化开发套件......而是将设计、开发、工程， 有机高效的演变为一种适应多端、多层的前端设计语言。Lugia 的目标是降低开发成本，提升开发质量， 为前端开发人员赋能，让用户体验 知性。Lugia 的诞生就是要树立金融行业大前端解决方案的标杆。 我们提供的不仅仅是设计规范、开源组件库、可视化开发套件......而是将设计、开发、工程， 有机高效的演变为一种适应多端、多层的前端设计语言。Lugia 的目标是降低开发成本，提升开发质量， 为前端开发人员赋能，让用户体验 知性。
        </span>
      </div>
      <span
        className="c49"
        style={
          Object {
            "paddingBottom": "0rem",
            "paddingLeft": "0.6rem",
            "paddingRight": "0rem",
            "paddingTop": "0rem",
          }
        }
      />
    </div>
    
  </div>
  <span
    className="c50"
    onMouseDown={[Function]}
    onMouseEnter={[Function]}
    onMouseLeave={[Function]}
    onMouseUp={[Function]}
    style={Object {}}
  >
    <span
      className="c51"
      onKeyDown={[Function]}
      onMouseUp={[Function]}
      style={
        Object {
          "backgroundColor": "#c2c5ce",
          "borderBottomLeftRadius": "2rem",
          "borderBottomRightRadius": "2rem",
          "borderBottomWidth": "0rem",
          "borderLeftWidth": "0rem",
          "borderRightWidth": "0rem",
          "borderTopLeftRadius": "2rem",
          "borderTopRightRadius": "2rem",
          "borderTopWidth": "0rem",
          "boxShadow": "undefinedpx undefinedpx 0px 0px",
          "color": "rgba(255, 255, 255, 0.8)",
          "fontSize": "1.2rem",
          "height": "2rem",
          "width": "3.8rem",
        }
      }
      tabIndex={0}
    >
      <span
        className="c52"
        style={
          Object {
            "color": "rgba(255, 255, 255, 0.8)",
            "fontSize": "1.2rem",
          }
        }
      >
        <i>
          
        </i>
      </span>
      <span
        className="c53"
        style={
          Object {
            "backgroundColor": "#ffffff",
            "borderBottomLeftRadius": "50%",
            "borderBottomRightRadius": "50%",
            "borderBottomWidth": "0rem",
            "borderLeftWidth": "0rem",
            "borderRightWidth": "0rem",
            "borderTopLeftRadius": "50%",
            "borderTopRightRadius": "50%",
            "borderTopWidth": "0rem",
            "boxShadow": "undefinedpx undefinedpx 0px 0px",
            "height": "1.4rem",
            "width": "1.4rem",
          }
        }
      >
        
      </span>
    </span>
  </span>
</div>
`;
