// Jest Snapshot v1, https://goo.gl/fbAQLP

exports[`Affix css 1`] = `
.c0 {
  font-size: 1.2rem;
  top: 0em;
}

.c1 {
  display: inline-block;
  margin-bottom: 0;
  box-sizing: border-box;
  touch-action: manipulation;
  cursor: pointer;
  white-space: nowrap;
  font-family: 'Trebuchet MS',Arial,Helvetica,sans-serif;
  -webkit-user-select: none;
  -moz-user-select: none;
  -ms-user-select: none;
  user-select: none;
  -webkit-transition: all 0.3s cubic-bezier(0.645,0.045,0.355,1);
  transition: all 0.3s cubic-bezier(0.645,0.045,0.355,1);
  position: relative;
  text-transform: none;
  outline: 0;
  background-color: white;
  border-top-width: 0.1rem;
  border-top-style: solid;
  border-top-color: #cccccc;
  border-bottom-width: 0.1rem;
  border-bottom-style: solid;
  border-bottom-color: #cccccc;
  border-left-width: 0.1rem;
  border-left-style: solid;
  border-left-color: #cccccc;
  border-right-width: 0.1rem;
  border-right-style: solid;
  border-right-color: #cccccc;
}

.c3 {
  font-size: 1.4rem;
}

.c2 {
  display: -webkit-box;
  display: -webkit-flex;
  display: -ms-flexbox;
  display: flex;
  -webkit-align-items: center;
  -webkit-box-align: center;
  -ms-flex-align: center;
  align-items: center;
  -webkit-box-pack: center;
  -webkit-justify-content: center;
  -ms-flex-pack: center;
  justify-content: center;
  width: 100%;
  height: 100%;
}

<div>
  <div
    style={
      Object {
        "height": "1600px",
        "position": "relative",
        "width": "200px",
      }
    }
  >
    <div
      style={
        Object {
          "height": "200px",
          "width": "200px",
        }
      }
    />
    <div
      style={null}
    >
      <div
        className="c0"
      >
        <p>
          window: affix-top
        </p>
        <button
          className="c1"
          onBlur={[Function]}
          onClick={[Function]}
          onFocus={[Function]}
          onMouseDown={[Function]}
          onMouseEnter={[Function]}
          onMouseLeave={[Function]}
          onMouseOut={[Function]}
          onMouseOver={[Function]}
          onMouseUp={[Function]}
          size="default"
          style={
            Object {
              "backgroundColor": "white",
              "borderBottomColor": "#cccccc",
              "borderBottomLeftRadius": "0.4rem",
              "borderBottomRightRadius": "0.4rem",
              "borderBottomStyle": "solid",
              "borderBottomWidth": "0.1rem",
              "borderLeftColor": "#cccccc",
              "borderLeftStyle": "solid",
              "borderLeftWidth": "0.1rem",
              "borderRightColor": "#cccccc",
              "borderRightStyle": "solid",
              "borderRightWidth": "0.1rem",
              "borderTopColor": "#cccccc",
              "borderTopLeftRadius": "0.4rem",
              "borderTopRightRadius": "0.4rem",
              "borderTopStyle": "solid",
              "borderTopWidth": "0.1rem",
              "height": "3.2rem",
              "paddingBottom": "0rem",
              "paddingLeft": "1.8rem",
              "paddingRight": "1.8rem",
              "paddingTop": "0rem",
            }
          }
        >
          <span
            className="c2"
          >
            <span
              className="c3"
              style={
                Object {
                  "color": "#363B40",
                  "fontSize": "1.4rem",
                }
              }
            >
              Affix-top-50
            </span>
          </span>
        </button>
      </div>
    </div>
    <div
      style={
        Object {
          "height": "200px",
          "overflowY": "scroll",
          "width": "200px",
        }
      }
    >
      <div
        style={
          Object {
            "height": "400px",
          }
        }
      >
        <div
          style={
            Object {
              "height": "100px",
              "width": "20px",
            }
          }
        />
        <div
          style={null}
        >
          <div
            className="c0"
          >
            <p>
              target: target-top
            </p>
            <button
              className="c1"
              onBlur={[Function]}
              onClick={[Function]}
              onFocus={[Function]}
              onMouseDown={[Function]}
              onMouseEnter={[Function]}
              onMouseLeave={[Function]}
              onMouseOut={[Function]}
              onMouseOver={[Function]}
              onMouseUp={[Function]}
              size="default"
              style={
                Object {
                  "backgroundColor": "white",
                  "borderBottomColor": "#cccccc",
                  "borderBottomLeftRadius": "0.4rem",
                  "borderBottomRightRadius": "0.4rem",
                  "borderBottomStyle": "solid",
                  "borderBottomWidth": "0.1rem",
                  "borderLeftColor": "#cccccc",
                  "borderLeftStyle": "solid",
                  "borderLeftWidth": "0.1rem",
                  "borderRightColor": "#cccccc",
                  "borderRightStyle": "solid",
                  "borderRightWidth": "0.1rem",
                  "borderTopColor": "#cccccc",
                  "borderTopLeftRadius": "0.4rem",
                  "borderTopRightRadius": "0.4rem",
                  "borderTopStyle": "solid",
                  "borderTopWidth": "0.1rem",
                  "height": "3.2rem",
                  "paddingBottom": "0rem",
                  "paddingLeft": "1.8rem",
                  "paddingRight": "1.8rem",
                  "paddingTop": "0rem",
                }
              }
            >
              <span
                className="c2"
              >
                <span
                  className="c3"
                  style={
                    Object {
                      "color": "#363B40",
                      "fontSize": "1.4rem",
                    }
                  }
                >
                  target-top-50
                </span>
              </span>
            </button>
          </div>
        </div>
      </div>
    </div>
    <div
      style={
        Object {
          "height": "200px",
          "overflowY": "scroll",
          "position": "absolute",
          "top": "800px ",
          "width": "200px",
        }
      }
    >
      <div
        style={
          Object {
            "height": "400px",
          }
        }
      >
        <div
          style={
            Object {
              "height": "200px",
              "width": "20px",
            }
          }
        />
        <div
          style={null}
        >
          <div
            className="c0"
          >
            <p>
              target: target-bottom
            </p>
            <button
              className="c1"
              onBlur={[Function]}
              onClick={[Function]}
              onFocus={[Function]}
              onMouseDown={[Function]}
              onMouseEnter={[Function]}
              onMouseLeave={[Function]}
              onMouseOut={[Function]}
              onMouseOver={[Function]}
              onMouseUp={[Function]}
              size="default"
              style={
                Object {
                  "backgroundColor": "white",
                  "borderBottomColor": "#cccccc",
                  "borderBottomLeftRadius": "0.4rem",
                  "borderBottomRightRadius": "0.4rem",
                  "borderBottomStyle": "solid",
                  "borderBottomWidth": "0.1rem",
                  "borderLeftColor": "#cccccc",
                  "borderLeftStyle": "solid",
                  "borderLeftWidth": "0.1rem",
                  "borderRightColor": "#cccccc",
                  "borderRightStyle": "solid",
                  "borderRightWidth": "0.1rem",
                  "borderTopColor": "#cccccc",
                  "borderTopLeftRadius": "0.4rem",
                  "borderTopRightRadius": "0.4rem",
                  "borderTopStyle": "solid",
                  "borderTopWidth": "0.1rem",
                  "height": "3.2rem",
                  "paddingBottom": "0rem",
                  "paddingLeft": "1.8rem",
                  "paddingRight": "1.8rem",
                  "paddingTop": "0rem",
                }
              }
            >
              <span
                className="c2"
              >
                <span
                  className="c3"
                  style={
                    Object {
                      "color": "#363B40",
                      "fontSize": "1.4rem",
                    }
                  }
                >
                  target-bottom-50
                </span>
              </span>
            </button>
          </div>
        </div>
      </div>
    </div>
    <div
      style={
        Object {
          "height": "600px",
          "width": "200px",
        }
      }
    />
    <div
      style={null}
    >
      <div
        className="c0"
      >
        <p>
          window: affix-bottom
        </p>
        <button
          className="c1"
          onBlur={[Function]}
          onClick={[Function]}
          onFocus={[Function]}
          onMouseDown={[Function]}
          onMouseEnter={[Function]}
          onMouseLeave={[Function]}
          onMouseOut={[Function]}
          onMouseOver={[Function]}
          onMouseUp={[Function]}
          size="default"
          style={
            Object {
              "backgroundColor": "white",
              "borderBottomColor": "#cccccc",
              "borderBottomLeftRadius": "0.4rem",
              "borderBottomRightRadius": "0.4rem",
              "borderBottomStyle": "solid",
              "borderBottomWidth": "0.1rem",
              "borderLeftColor": "#cccccc",
              "borderLeftStyle": "solid",
              "borderLeftWidth": "0.1rem",
              "borderRightColor": "#cccccc",
              "borderRightStyle": "solid",
              "borderRightWidth": "0.1rem",
              "borderTopColor": "#cccccc",
              "borderTopLeftRadius": "0.4rem",
              "borderTopRightRadius": "0.4rem",
              "borderTopStyle": "solid",
              "borderTopWidth": "0.1rem",
              "height": "3.2rem",
              "paddingBottom": "0rem",
              "paddingLeft": "1.8rem",
              "paddingRight": "1.8rem",
              "paddingTop": "0rem",
            }
          }
        >
          <span
            className="c2"
          >
            <span
              className="c3"
              style={
                Object {
                  "color": "#363B40",
                  "fontSize": "1.4rem",
                }
              }
            >
              Affix-bottom-50
            </span>
          </span>
        </button>
      </div>
    </div>
  </div>
</div>
`;
