// Jest Snapshot v1, https://goo.gl/fbAQLP

exports[`Message css 1`] = `
.c0 {
  font-size: 1.4rem;
  text-align: center;
  -webkit-transition: all 0.3s;
  transition: all 0.3s;
  padding: 0.8rem;
}

.c1 {
  display: inline-block;
  -webkit-animation: hJDLVB 0.3s ease-in;
  animation: hJDLVB 0.3s ease-in;
  opacity: 1;
  font-size: 1.4rem;
  background-color: #fff;
  padding-top: 1rem;
  padding-bottom: 1rem;
  padding-left: 2rem;
  padding-right: 2rem;
}

.c3 {
  -webkit-user-select: none;
  -moz-user-select: none;
  -ms-user-select: none;
  user-select: none;
  cursor: pointer;
  position: relative;
  top: 0.3rem;
  margin-right: 0.6rem;
}

.c6 {
  -webkit-user-select: none;
  -moz-user-select: none;
  -ms-user-select: none;
  user-select: none;
  cursor: pointer;
  position: relative;
  top: 0.3rem;
  margin-right: 0.6rem;
  -webkit-animation: iECmZH 1s infinite linear;
  animation: iECmZH 1s infinite linear;
}

.c4 {
  color: #646A6E;
  font-size: 1.4rem;
}

.c2 {
  display: inline-block;
  line-height: 3rem;
}

.c5 {
  display: inline-block;
  line-height: 2rem;
}

<div
  style={
    Object {
      "marginLeft": "50px",
    }
  }
>
  <div
    className="c0"
  >
    <div
      className="c1"
      style={
        Object {
          "backgroundColor": "green",
          "borderBottomColor": "red",
          "borderBottomLeftRadius": "0.6rem",
          "borderBottomRightRadius": "0.6rem",
          "borderBottomStyle": "solid",
          "borderBottomWidth": "0.1rem",
          "borderLeftColor": "red",
          "borderLeftStyle": "solid",
          "borderLeftWidth": "0.1rem",
          "borderRightColor": "red",
          "borderRightStyle": "solid",
          "borderRightWidth": "0.1rem",
          "borderTopColor": "red",
          "borderTopLeftRadius": "0.6rem",
          "borderTopRightRadius": "0.6rem",
          "borderTopStyle": "solid",
          "borderTopWidth": "0.1rem",
          "boxShadow": "0px 0px 0px 0px",
          "height": "5rem",
          "opacity": 0.8,
          "paddingBottom": "1rem",
          "paddingLeft": "1rem",
          "paddingRight": "1rem",
          "paddingTop": "1rem",
          "width": "20rem",
        }
      }
    >
      <span
        className="c2"
        height={30}
      >
        <i
          className="lugia-icon-reminder_info_circle   c3"
          onClick={[Function]}
          onMouseDown={[Function]}
          onMouseEnter={[Function]}
          onMouseLeave={[Function]}
          onMouseUp={[Function]}
          style={
            Object {
              "color": "pink",
              "cursor": "default",
              "fontSize": "1.8rem",
            }
          }
        />
        <span
          className="c4"
          style={
            Object {
              "color": "red",
              "fontSize": "1.6rem",
              "fontWeight": 600,
            }
          }
        >
          hello world
        </span>
      </span>
    </div>
  </div>
  <br />
  <br />
  <div
    className="c0"
  >
    <div
      className="c1"
      style={
        Object {
          "borderBottomLeftRadius": "0.4rem",
          "borderBottomRightRadius": "0.4rem",
          "borderTopLeftRadius": "0.4rem",
          "borderTopRightRadius": "0.4rem",
          "boxShadow": "0px 0px 6px 0px #d0d3da",
        }
      }
    >
      <span
        className="c5"
        height={20}
      >
        <i
          className="lugia-icon-reminder_info_circle   c3"
          onClick={[Function]}
          onMouseDown={[Function]}
          onMouseEnter={[Function]}
          onMouseLeave={[Function]}
          onMouseUp={[Function]}
          style={
            Object {
              "color": "#4d63ff",
              "cursor": "default",
              "fontSize": "1.4rem",
            }
          }
        />
        <span
          className="c4"
          style={Object {}}
        >
          hello world
        </span>
      </span>
    </div>
  </div>
  <br />
  <br />
  <div
    className="c0"
  >
    <div
      className="c1"
      style={
        Object {
          "borderBottomLeftRadius": "0.4rem",
          "borderBottomRightRadius": "0.4rem",
          "borderTopLeftRadius": "0.4rem",
          "borderTopRightRadius": "0.4rem",
          "boxShadow": "0px 0px 6px 0px #d0d3da",
        }
      }
    >
      <span
        className="c5"
        height={20}
      >
        <i
          className="lugia-icon-reminder_check_circle   c3"
          onClick={[Function]}
          onMouseDown={[Function]}
          onMouseEnter={[Function]}
          onMouseLeave={[Function]}
          onMouseUp={[Function]}
          style={
            Object {
              "color": "#56c22d",
              "cursor": "default",
              "fontSize": "1.4rem",
            }
          }
        />
        <span
          className="c4"
          style={Object {}}
        >
          hello world
        </span>
      </span>
    </div>
  </div>
  <br />
  <br />
  <div
    className="c0"
  >
    <div
      className="c1"
      style={
        Object {
          "borderBottomLeftRadius": "0.4rem",
          "borderBottomRightRadius": "0.4rem",
          "borderTopLeftRadius": "0.4rem",
          "borderTopRightRadius": "0.4rem",
          "boxShadow": "0px 0px 6px 0px #d0d3da",
        }
      }
    >
      <span
        className="c5"
        height={20}
      >
        <i
          className="lugia-icon-reminder_close_circle   c3"
          onClick={[Function]}
          onMouseDown={[Function]}
          onMouseEnter={[Function]}
          onMouseLeave={[Function]}
          onMouseUp={[Function]}
          style={
            Object {
              "color": "#f22735",
              "cursor": "default",
              "fontSize": "1.4rem",
            }
          }
        />
        <span
          className="c4"
          style={Object {}}
        >
          hello world
        </span>
      </span>
    </div>
  </div>
  <br />
  <br />
  <div
    className="c0"
  >
    <div
      className="c1"
      style={
        Object {
          "borderBottomLeftRadius": "0.4rem",
          "borderBottomRightRadius": "0.4rem",
          "borderTopLeftRadius": "0.4rem",
          "borderTopRightRadius": "0.4rem",
          "boxShadow": "0px 0px 6px 0px #d0d3da",
        }
      }
    >
      <span
        className="c5"
        height={20}
      >
        <i
          className="lugia-icon-reminder_exclamation_circle   c3"
          onClick={[Function]}
          onMouseDown={[Function]}
          onMouseEnter={[Function]}
          onMouseLeave={[Function]}
          onMouseUp={[Function]}
          style={
            Object {
              "color": "#f8ac30",
              "cursor": "default",
              "fontSize": "1.4rem",
            }
          }
        />
        <span
          className="c4"
          style={Object {}}
        >
          hello world
        </span>
      </span>
    </div>
  </div>
  <br />
  <br />
  <div
    className="c0"
  >
    <div
      className="c1"
      style={
        Object {
          "borderBottomLeftRadius": "0.4rem",
          "borderBottomRightRadius": "0.4rem",
          "borderTopLeftRadius": "0.4rem",
          "borderTopRightRadius": "0.4rem",
          "boxShadow": "0px 0px 6px 0px #d0d3da",
        }
      }
    >
      <span
        className="c5"
        height={20}
      >
        <i
          className="lugia-icon-financial_loading_o   c6"
          onClick={[Function]}
          onMouseDown={[Function]}
          onMouseEnter={[Function]}
          onMouseLeave={[Function]}
          onMouseUp={[Function]}
          style={
            Object {
              "color": "#4d63ff",
              "cursor": "default",
              "fontSize": "1.4rem",
            }
          }
        />
        <span
          className="c4"
          style={Object {}}
        >
          hello world
        </span>
      </span>
    </div>
  </div>
</div>
`;
