// Jest Snapshot v1, https://goo.gl/fbAQLP

exports[`Message css 1`] = `
.c3 {
  font-size: 1.4rem;
  text-align: center;
  -webkit-transition: all 0.3s;
  transition: all 0.3s;
  padding: 0.8rem;
}

.c4 {
  display: inline-block;
  -webkit-animation: hJDLVB 0.3s ease-in;
  animation: hJDLVB 0.3s ease-in;
  opacity: 1;
  box-shadow: 0px 0px 6px 0px #cccccc;
  font-size: 1.4rem;
  background-color: #fff;
  border-top-left-radius: 0.4rem;
  border-top-right-radius: 0.4rem;
  border-bottom-right-radius: 0.4rem;
  border-bottom-left-radius: 0.4rem;
  padding-top: 1rem;
  padding-bottom: 1rem;
  padding-left: 2rem;
  padding-right: 2rem;
}

.c6 {
  -webkit-user-select: none;
  -moz-user-select: none;
  -ms-user-select: none;
  user-select: none;
  cursor: pointer;
  position: relative;
  top: 0.3rem;
  margin-right: 0.6rem;
}

.c9 {
  -webkit-user-select: none;
  -moz-user-select: none;
  -ms-user-select: none;
  user-select: none;
  cursor: pointer;
  position: relative;
  top: 0.3rem;
  margin-right: 0.6rem;
  -webkit-animation: iECmZH 1s infinite linear;
  animation: iECmZH 1s infinite linear;
}

.c7 {
  color: #646A6E;
  font-size: 1.4rem;
}

.c5 {
  display: inline-block;
  line-height: 3rem;
}

.c8 {
  display: inline-block;
  line-height: 2rem;
}

.c0 {
  display: inline-block;
  margin-bottom: 0;
  box-sizing: border-box;
  touch-action: manipulation;
  cursor: pointer;
  white-space: nowrap;
  font-family: 'Trebuchet MS',Arial,Helvetica,sans-serif;
  -webkit-user-select: none;
  -moz-user-select: none;
  -ms-user-select: none;
  user-select: none;
  -webkit-transition: all 0.3s cubic-bezier(0.645,0.045,0.355,1);
  transition: all 0.3s cubic-bezier(0.645,0.045,0.355,1);
  position: relative;
  text-transform: none;
  outline: 0;
  background-color: #ffffff;
  border-top-width: 0.1rem;
  border-top-style: solid;
  border-top-color: #cccccc;
  border-bottom-width: 0.1rem;
  border-bottom-style: solid;
  border-bottom-color: #cccccc;
  border-left-width: 0.1rem;
  border-left-style: solid;
  border-left-color: #cccccc;
  border-right-width: 0.1rem;
  border-right-style: solid;
  border-right-color: #cccccc;
}

.c2 {
  color: #646A6E;
  font-size: 1.4rem;
}

.c1 {
  display: -webkit-box;
  display: -webkit-flex;
  display: -ms-flexbox;
  display: flex;
  -webkit-align-items: center;
  -webkit-box-align: center;
  -ms-flex-align: center;
  align-items: center;
  -webkit-box-pack: center;
  -webkit-justify-content: center;
  -ms-flex-pack: center;
  justify-content: center;
  width: 100%;
  height: 100%;
}

<div>
  <br />
  <br />
  <button
    className="c0"
    onBlur={[Function]}
    onClick={[Function]}
    onFocus={[Function]}
    onMouseDown={[Function]}
    onMouseEnter={[Function]}
    onMouseLeave={[Function]}
    onMouseOut={[Function]}
    onMouseOver={[Function]}
    onMouseUp={[Function]}
    size="default"
    style={
      Object {
        "backgroundColor": "#ffffff",
        "borderBottomColor": "#cccccc",
        "borderBottomLeftRadius": "0.4rem",
        "borderBottomRightRadius": "0.4rem",
        "borderBottomStyle": "solid",
        "borderBottomWidth": "0.1rem",
        "borderLeftColor": "#cccccc",
        "borderLeftStyle": "solid",
        "borderLeftWidth": "0.1rem",
        "borderRightColor": "#cccccc",
        "borderRightStyle": "solid",
        "borderRightWidth": "0.1rem",
        "borderTopColor": "#cccccc",
        "borderTopLeftRadius": "0.4rem",
        "borderTopRightRadius": "0.4rem",
        "borderTopStyle": "solid",
        "borderTopWidth": "0.1rem",
        "height": "3.2rem",
        "paddingBottom": "0rem",
        "paddingLeft": "1.8rem",
        "paddingRight": "1.8rem",
        "paddingTop": "0rem",
      }
    }
  >
    <span
      className="c1"
    >
      <span
        className="c2"
        style={
          Object {
            "color": "#646A6E",
            "fontSize": "1.4rem",
          }
        }
      >
        普通提示
      </span>
    </span>
  </button>
  <br />
  <br />
  <button
    className="c0"
    onBlur={[Function]}
    onClick={[Function]}
    onFocus={[Function]}
    onMouseDown={[Function]}
    onMouseEnter={[Function]}
    onMouseLeave={[Function]}
    onMouseOut={[Function]}
    onMouseOver={[Function]}
    onMouseUp={[Function]}
    size="default"
    style={
      Object {
        "backgroundColor": "#ffffff",
        "borderBottomColor": "#cccccc",
        "borderBottomLeftRadius": "0.4rem",
        "borderBottomRightRadius": "0.4rem",
        "borderBottomStyle": "solid",
        "borderBottomWidth": "0.1rem",
        "borderLeftColor": "#cccccc",
        "borderLeftStyle": "solid",
        "borderLeftWidth": "0.1rem",
        "borderRightColor": "#cccccc",
        "borderRightStyle": "solid",
        "borderRightWidth": "0.1rem",
        "borderTopColor": "#cccccc",
        "borderTopLeftRadius": "0.4rem",
        "borderTopRightRadius": "0.4rem",
        "borderTopStyle": "solid",
        "borderTopWidth": "0.1rem",
        "height": "3.2rem",
        "paddingBottom": "0rem",
        "paddingLeft": "1.8rem",
        "paddingRight": "1.8rem",
        "paddingTop": "0rem",
      }
    }
  >
    <span
      className="c1"
    >
      <span
        className="c2"
        style={
          Object {
            "color": "#646A6E",
            "fontSize": "1.4rem",
          }
        }
      >
        成功提示
      </span>
    </span>
  </button>
  <br />
  <br />
  <button
    className="c0"
    onBlur={[Function]}
    onClick={[Function]}
    onFocus={[Function]}
    onMouseDown={[Function]}
    onMouseEnter={[Function]}
    onMouseLeave={[Function]}
    onMouseOut={[Function]}
    onMouseOver={[Function]}
    onMouseUp={[Function]}
    size="default"
    style={
      Object {
        "backgroundColor": "#ffffff",
        "borderBottomColor": "#cccccc",
        "borderBottomLeftRadius": "0.4rem",
        "borderBottomRightRadius": "0.4rem",
        "borderBottomStyle": "solid",
        "borderBottomWidth": "0.1rem",
        "borderLeftColor": "#cccccc",
        "borderLeftStyle": "solid",
        "borderLeftWidth": "0.1rem",
        "borderRightColor": "#cccccc",
        "borderRightStyle": "solid",
        "borderRightWidth": "0.1rem",
        "borderTopColor": "#cccccc",
        "borderTopLeftRadius": "0.4rem",
        "borderTopRightRadius": "0.4rem",
        "borderTopStyle": "solid",
        "borderTopWidth": "0.1rem",
        "height": "3.2rem",
        "paddingBottom": "0rem",
        "paddingLeft": "1.8rem",
        "paddingRight": "1.8rem",
        "paddingTop": "0rem",
      }
    }
  >
    <span
      className="c1"
    >
      <span
        className="c2"
        style={
          Object {
            "color": "#646A6E",
            "fontSize": "1.4rem",
          }
        }
      >
        错误提示
      </span>
    </span>
  </button>
  <br />
  <br />
  <button
    className="c0"
    onBlur={[Function]}
    onClick={[Function]}
    onFocus={[Function]}
    onMouseDown={[Function]}
    onMouseEnter={[Function]}
    onMouseLeave={[Function]}
    onMouseOut={[Function]}
    onMouseOver={[Function]}
    onMouseUp={[Function]}
    size="default"
    style={
      Object {
        "backgroundColor": "#ffffff",
        "borderBottomColor": "#cccccc",
        "borderBottomLeftRadius": "0.4rem",
        "borderBottomRightRadius": "0.4rem",
        "borderBottomStyle": "solid",
        "borderBottomWidth": "0.1rem",
        "borderLeftColor": "#cccccc",
        "borderLeftStyle": "solid",
        "borderLeftWidth": "0.1rem",
        "borderRightColor": "#cccccc",
        "borderRightStyle": "solid",
        "borderRightWidth": "0.1rem",
        "borderTopColor": "#cccccc",
        "borderTopLeftRadius": "0.4rem",
        "borderTopRightRadius": "0.4rem",
        "borderTopStyle": "solid",
        "borderTopWidth": "0.1rem",
        "height": "3.2rem",
        "paddingBottom": "0rem",
        "paddingLeft": "1.8rem",
        "paddingRight": "1.8rem",
        "paddingTop": "0rem",
      }
    }
  >
    <span
      className="c1"
    >
      <span
        className="c2"
        style={
          Object {
            "color": "#646A6E",
            "fontSize": "1.4rem",
          }
        }
      >
        警告提示
      </span>
    </span>
  </button>
  <br />
  <br />
  <button
    className="c0"
    onBlur={[Function]}
    onClick={[Function]}
    onFocus={[Function]}
    onMouseDown={[Function]}
    onMouseEnter={[Function]}
    onMouseLeave={[Function]}
    onMouseOut={[Function]}
    onMouseOver={[Function]}
    onMouseUp={[Function]}
    size="default"
    style={
      Object {
        "backgroundColor": "#ffffff",
        "borderBottomColor": "#cccccc",
        "borderBottomLeftRadius": "0.4rem",
        "borderBottomRightRadius": "0.4rem",
        "borderBottomStyle": "solid",
        "borderBottomWidth": "0.1rem",
        "borderLeftColor": "#cccccc",
        "borderLeftStyle": "solid",
        "borderLeftWidth": "0.1rem",
        "borderRightColor": "#cccccc",
        "borderRightStyle": "solid",
        "borderRightWidth": "0.1rem",
        "borderTopColor": "#cccccc",
        "borderTopLeftRadius": "0.4rem",
        "borderTopRightRadius": "0.4rem",
        "borderTopStyle": "solid",
        "borderTopWidth": "0.1rem",
        "height": "3.2rem",
        "paddingBottom": "0rem",
        "paddingLeft": "1.8rem",
        "paddingRight": "1.8rem",
        "paddingTop": "0rem",
      }
    }
  >
    <span
      className="c1"
    >
      <span
        className="c2"
        style={
          Object {
            "color": "#646A6E",
            "fontSize": "1.4rem",
          }
        }
      >
        加载提示
      </span>
    </span>
  </button>
  <div
    style={
      Object {
        "marginLeft": "50px",
      }
    }
  >
    <div
      className="c3"
    >
      <div
        className="c4"
        style={
          Object {
            "backgroundColor": "green",
            "borderBottomColor": "red",
            "borderBottomLeftRadius": "0.6rem",
            "borderBottomRightRadius": "0.6rem",
            "borderBottomStyle": "solid",
            "borderBottomWidth": "0.1rem",
            "borderLeftColor": "red",
            "borderLeftStyle": "solid",
            "borderLeftWidth": "0.1rem",
            "borderRightColor": "red",
            "borderRightStyle": "solid",
            "borderRightWidth": "0.1rem",
            "borderTopColor": "red",
            "borderTopLeftRadius": "0.6rem",
            "borderTopRightRadius": "0.6rem",
            "borderTopStyle": "solid",
            "borderTopWidth": "0.1rem",
            "boxShadow": "0px 0px 0px 0px",
            "height": "5rem",
            "opacity": 0.8,
            "paddingBottom": "1rem",
            "paddingLeft": "1rem",
            "paddingRight": "1rem",
            "paddingTop": "1rem",
            "width": "20rem",
          }
        }
      >
        <span
          className="c5"
          height={30}
        >
          <i
            className="lugia-icon-reminder_info_circle   c6"
            onClick={[Function]}
            onMouseDown={[Function]}
            onMouseEnter={[Function]}
            onMouseLeave={[Function]}
            onMouseUp={[Function]}
            style={
              Object {
                "color": "pink",
                "cursor": "default",
                "fontSize": "1.8rem",
              }
            }
          />
          <span
            className="c7"
            style={
              Object {
                "color": "red",
                "fontSize": "1.6rem",
                "fontWeight": 600,
              }
            }
          >
            hello world
          </span>
        </span>
      </div>
    </div>
    <br />
    <br />
    <div
      className="c3"
    >
      <div
        className="c4"
        style={Object {}}
      >
        <span
          className="c8"
          height={20}
        >
          <i
            className="lugia-icon-reminder_info_circle   c6"
            onClick={[Function]}
            onMouseDown={[Function]}
            onMouseEnter={[Function]}
            onMouseLeave={[Function]}
            onMouseUp={[Function]}
            style={
              Object {
                "color": "#4d63ff",
                "cursor": "default",
                "fontSize": "1.6rem",
              }
            }
          />
          <span
            className="c7"
            style={Object {}}
          >
            hello world
          </span>
        </span>
      </div>
    </div>
    <br />
    <br />
    <div
      className="c3"
    >
      <div
        className="c4"
        style={Object {}}
      >
        <span
          className="c8"
          height={20}
        >
          <i
            className="lugia-icon-reminder_check_circle   c6"
            onClick={[Function]}
            onMouseDown={[Function]}
            onMouseEnter={[Function]}
            onMouseLeave={[Function]}
            onMouseUp={[Function]}
            style={
              Object {
                "color": "#56c22d",
                "cursor": "default",
                "fontSize": "1.6rem",
              }
            }
          />
          <span
            className="c7"
            style={Object {}}
          >
            hello world
          </span>
        </span>
      </div>
    </div>
    <br />
    <br />
    <div
      className="c3"
    >
      <div
        className="c4"
        style={Object {}}
      >
        <span
          className="c8"
          height={20}
        >
          <i
            className="lugia-icon-reminder_close_circle   c6"
            onClick={[Function]}
            onMouseDown={[Function]}
            onMouseEnter={[Function]}
            onMouseLeave={[Function]}
            onMouseUp={[Function]}
            style={
              Object {
                "color": "#f22735",
                "cursor": "default",
                "fontSize": "1.6rem",
              }
            }
          />
          <span
            className="c7"
            style={Object {}}
          >
            hello world
          </span>
        </span>
      </div>
    </div>
    <br />
    <br />
    <div
      className="c3"
    >
      <div
        className="c4"
        style={Object {}}
      >
        <span
          className="c8"
          height={20}
        >
          <i
            className="lugia-icon-reminder_exclamation_circle   c6"
            onClick={[Function]}
            onMouseDown={[Function]}
            onMouseEnter={[Function]}
            onMouseLeave={[Function]}
            onMouseUp={[Function]}
            style={
              Object {
                "color": "#f8ac30",
                "cursor": "default",
                "fontSize": "1.6rem",
              }
            }
          />
          <span
            className="c7"
            style={Object {}}
          >
            hello world
          </span>
        </span>
      </div>
    </div>
    <br />
    <br />
    <div
      className="c3"
    >
      <div
        className="c4"
        style={Object {}}
      >
        <span
          className="c8"
          height={20}
        >
          <i
            className="lugia-icon-financial_loading_o   c9"
            onClick={[Function]}
            onMouseDown={[Function]}
            onMouseEnter={[Function]}
            onMouseLeave={[Function]}
            onMouseUp={[Function]}
            style={
              Object {
                "color": "#4d63ff",
                "cursor": "default",
                "fontSize": "1.6rem",
              }
            }
          />
          <span
            className="c7"
            style={Object {}}
          >
            hello world
          </span>
        </span>
      </div>
    </div>
  </div>
</div>
`;
